Archive member included because of file (symbol)

/home/rahulmahdev/devel/optee/optee_os/out/arm-plat-vexpress/export-user_ta/lib/libutee.a(user_ta_entry.o)
                              /home/rahulmahdev/devel/optee/build/../quiz_test/out/ta/fact/user_ta_header.o (ta_entry_open_session)
/home/rahulmahdev/devel/optee/optee_os/out/arm-plat-vexpress/export-user_ta/lib/libutee.a(utee_syscalls_asm.o)
                              /home/rahulmahdev/devel/optee/optee_os/out/arm-plat-vexpress/export-user_ta/lib/libutee.a(user_ta_entry.o) (utee_return)
/home/rahulmahdev/devel/optee/optee_os/out/arm-plat-vexpress/export-user_ta/lib/libutee.a(tee_api_arith.o)
                              /home/rahulmahdev/devel/optee/optee_os/out/arm-plat-vexpress/export-user_ta/lib/libutee.a(user_ta_entry.o) (_TEE_MathAPI_Init)
/home/rahulmahdev/devel/optee/optee_os/out/arm-plat-vexpress/export-user_ta/lib/libutee.a(tee_api.o)
                              /home/rahulmahdev/devel/optee/optee_os/out/arm-plat-vexpress/export-user_ta/lib/libutee.a(tee_api_arith.o) (TEE_Panic)
/home/rahulmahdev/devel/optee/optee_os/out/arm-plat-vexpress/export-user_ta/lib/libutee.a(utee_misc.o)
                              /home/rahulmahdev/devel/optee/optee_os/out/arm-plat-vexpress/export-user_ta/lib/libutee.a(tee_api_arith.o) (get_rng_array)
/home/rahulmahdev/devel/optee/optee_os/out/arm-plat-vexpress/export-user_ta/lib/libutee.a(tee_user_mem.o)
                              /home/rahulmahdev/devel/optee/optee_os/out/arm-plat-vexpress/export-user_ta/lib/libutee.a(tee_api.o) (tee_user_mem_alloc)
/home/rahulmahdev/devel/optee/optee_os/out/arm-plat-vexpress/export-user_ta/lib/libutee.a(trace_ext.o)
                              /home/rahulmahdev/devel/optee/optee_os/out/arm-plat-vexpress/export-user_ta/lib/libutee.a(tee_api_arith.o) (printf)
/home/rahulmahdev/devel/optee/optee_os/out/arm-plat-vexpress/export-user_ta/lib/libutee.a(assert.o)
                              /home/rahulmahdev/devel/optee/optee_os/out/arm-plat-vexpress/export-user_ta/lib/libutee.a(tee_user_mem.o) (_assert_log)
/home/rahulmahdev/devel/optee/optee_os/out/arm-plat-vexpress/export-user_ta/lib/libutils.a(bget_malloc.o)
                              /home/rahulmahdev/devel/optee/optee_os/out/arm-plat-vexpress/export-user_ta/lib/libutee.a(utee_misc.o) (malloc)
/home/rahulmahdev/devel/optee/optee_os/out/arm-plat-vexpress/export-user_ta/lib/libutils.a(snprintf.o)
                              /home/rahulmahdev/devel/optee/optee_os/out/arm-plat-vexpress/export-user_ta/lib/libutee.a(trace_ext.o) (vsnprintf)
/home/rahulmahdev/devel/optee/optee_os/out/arm-plat-vexpress/export-user_ta/lib/libutils.a(memchr.o)
                              /home/rahulmahdev/devel/optee/optee_os/out/arm-plat-vexpress/export-user_ta/lib/libutils.a(snprintf.o) (memchr)
/home/rahulmahdev/devel/optee/optee_os/out/arm-plat-vexpress/export-user_ta/lib/libutils.a(memcmp.o)
                              /home/rahulmahdev/devel/optee/optee_os/out/arm-plat-vexpress/export-user_ta/lib/libutee.a(tee_api.o) (memcmp)
/home/rahulmahdev/devel/optee/optee_os/out/arm-plat-vexpress/export-user_ta/lib/libutils.a(memcpy.o)
                              /home/rahulmahdev/devel/optee/optee_os/out/arm-plat-vexpress/export-user_ta/lib/libutee.a(user_ta_entry.o) (memcpy)
/home/rahulmahdev/devel/optee/optee_os/out/arm-plat-vexpress/export-user_ta/lib/libutils.a(memmove.o)
                              /home/rahulmahdev/devel/optee/optee_os/out/arm-plat-vexpress/export-user_ta/lib/libutee.a(tee_api.o) (memmove)
/home/rahulmahdev/devel/optee/optee_os/out/arm-plat-vexpress/export-user_ta/lib/libutils.a(memset.o)
                              /home/rahulmahdev/devel/optee/optee_os/out/arm-plat-vexpress/export-user_ta/lib/libutee.a(user_ta_entry.o) (memset)
/home/rahulmahdev/devel/optee/optee_os/out/arm-plat-vexpress/export-user_ta/lib/libutils.a(strlen.o)
                              /home/rahulmahdev/devel/optee/optee_os/out/arm-plat-vexpress/export-user_ta/lib/libutee.a(trace_ext.o) (strlen)
/home/rahulmahdev/devel/optee/optee_os/out/arm-plat-vexpress/export-user_ta/lib/libutils.a(arm32_aeabi_ldivmod_a32.o)
                              /home/rahulmahdev/devel/optee/optee_os/out/arm-plat-vexpress/export-user_ta/lib/libutils.a(snprintf.o) (__aeabi_uldivmod)
/home/rahulmahdev/devel/optee/optee_os/out/arm-plat-vexpress/export-user_ta/lib/libutils.a(arm32_aeabi_ldivmod.o)
                              /home/rahulmahdev/devel/optee/optee_os/out/arm-plat-vexpress/export-user_ta/lib/libutils.a(arm32_aeabi_ldivmod_a32.o) (__ul_divmod)
/home/rahulmahdev/devel/optee/optee_os/out/arm-plat-vexpress/export-user_ta/lib/libutils.a(strlcpy.o)
                              /home/rahulmahdev/devel/optee/optee_os/out/arm-plat-vexpress/export-user_ta/lib/libutee.a(trace_ext.o) (strlcpy)
/home/rahulmahdev/devel/optee/optee_os/out/arm-plat-vexpress/export-user_ta/lib/libutils.a(trace.o)
[...]
Memory Configuration

Name             Origin             Length             Attributes
*default*        0x00000000         0xffffffff

Linker script and memory map


.ta_head        0x00000000       0x24
 *(SORT(.ta_head))
 .ta_head       0x00000000       0x24 /home/rahulmahdev/devel/optee/build/../quiz_test/out/ta/fact/user_ta_header.o
                0x00000000                ta_head

.text           0x00000024     0xae0c
 *(SORT(.text) SORT(.text.*))
 .text.TA_CreateEntryPoint
                0x00000024       0x14 /home/rahulmahdev/devel/optee/build/../quiz_test/out/ta/fact/hello_world_ta.o
                0x00000024                TA_CreateEntryPoint
 .text.TA_DestroyEntryPoint
                0x00000038       0x10 /home/rahulmahdev/devel/optee/build/../quiz_test/out/ta/fact/hello_world_ta.o
                0x00000038                TA_DestroyEntryPoint
 .text.TA_OpenSessionEntryPoint
                0x00000048       0x70 /home/rahulmahdev/devel/optee/build/../quiz_test/out/ta/fact/hello_world_ta.o
                0x00000048                TA_OpenSessionEntryPoint
 .text.TA_CloseSessionEntryPoint
                0x000000b8       0x4c /home/rahulmahdev/devel/optee/build/../quiz_test/out/ta/fact/hello_world_ta.o
                0x000000b8                TA_CloseSessionEntryPoint
 .text.factorial
                0x00000104       0x44 /home/rahulmahdev/devel/optee/build/../quiz_test/out/ta/fact/hello_world_ta.o
 .text.inc_value
                0x00000148       0x48 /home/rahulmahdev/devel/optee/build/../quiz_test/out/ta/fact/hello_world_ta.o
 .text.TA_InvokeCommandEntryPoint
                0x00000190       0x3c /home/rahulmahdev/devel/optee/build/../quiz_test/out/ta/fact/hello_world_ta.o
                0x00000190                TA_InvokeCommandEntryPoint
 .text.tahead_get_trace_level
                0x000001cc       0x14 /home/rahulmahdev/devel/optee/build/../quiz_test/out/ta/fact/user_ta_header.o
                0x000001cc                tahead_get_trace_level
 .text.ta_header_save_params
                0x000001e0       0x70 /home/rahulmahdev/devel/optee/optee_os/out/arm-plat-vexpress/export-user_ta/lib/libutee.a(user_ta_entry.o)
 .text.ta_header_get_session
                0x00000250       0x44 /home/rahulmahdev/devel/optee/optee_os/out/arm-plat-vexpress/export-user_ta/lib/libutee.a(user_ta_entry.o)
 .text.ta_header_add_session
                0x00000294      0x14c /home/rahulmahdev/devel/optee/optee_os/out/arm-plat-vexpress/export-user_ta/lib/libutee.a(user_ta_entry.o)
 .text.ta_header_remove_session
                0x000003e0       0xb8 /home/rahulmahdev/devel/optee/optee_os/out/arm-plat-vexpress/export-user_ta/lib/libutee.a(user_ta_entry.o)
 .text.ta_entry_open_session
                0x00000498       0xa0 /home/rahulmahdev/devel/optee/optee_os/out/arm-plat-vexpress/export-user_ta/lib/libutee.a(user_ta_entry.o)
                0x00000498                ta_entry_open_session
 .text.ta_entry_close_session
                0x00000538       0x64 /home/rahulmahdev/devel/optee/optee_os/out/arm-plat-vexpress/export-user_ta/lib/libutee.a(user_ta_entry.o)
                0x00000538                ta_entry_close_session
 .text.ta_entry_invoke_command
                0x0000059c       0x80 /home/rahulmahdev/devel/optee/optee_os/out/arm-plat-vexpress/export-user_ta/lib/libutee.a(user_ta_entry.o)
                0x0000059c                ta_entry_invoke_command
 .text          0x0000061c      0x5f4 /home/rahulmahdev/devel/optee/optee_os/out/arm-plat-vexpress/export-user_ta/lib/libutee.a(utee_syscalls_asm.o)
                0x0000061c                utee_return
                0x00000630                utee_log
                0x00000644                utee_panic
                0x00000658                utee_dummy
                0x0000066c                utee_dummy_7args
                0x00000684                utee_nocall
                0x00000698                utee_get_property
                0x000006ac                utee_open_ta_session
                0x000006c4                utee_close_ta_session
                0x000006d8                utee_invoke_ta_command
                0x000006f0                utee_get_cancellation_flag
                0x00000704                utee_check_access_rights
                0x00000718                utee_unmask_cancellation
                0x0000072c                utee_mask_cancellation
                0x00000740                utee_wait
                0x00000754                utee_get_time
                0x00000768                utee_set_ta_time
                0x0000077c                utee_cryp_state_alloc
                0x00000794                utee_cryp_state_copy
                0x000007a8                utee_cryp_state_free
                0x000007bc                utee_hash_init
                0x000007d0                utee_hash_update
                0x000007e4                utee_hash_final
                0x000007fc                utee_cipher_init
                0x00000810                utee_cipher_update
                0x00000828                utee_cipher_final
                0x00000840                utee_cryp_obj_get_info
                0x00000854                utee_cryp_obj_restrict_usage
                0x00000868                utee_cryp_obj_get_attr
                0x0000087c                utee_cryp_obj_alloc
                0x00000890                utee_cryp_obj_close
                0x000008a4                utee_cryp_obj_reset
                0x000008b8                utee_cryp_obj_populate
                0x000008cc                utee_cryp_obj_copy
                0x000008e0                utee_cryp_derive_key
                0x000008f4                utee_cryp_random_number_generate
                0x00000908                utee_authenc_init
                0x00000920                utee_authenc_update_aad
                0x00000934                utee_authenc_update_payload
                0x0000094c                utee_authenc_enc_final
                0x00000964                utee_authenc_dec_final
                0x0000097c                utee_asymm_operate
                0x00000994                utee_asymm_verify
                0x000009ac                utee_storage_obj_open
                0x000009c4                utee_storage_obj_create
                0x000009dc                utee_storage_obj_del
                0x000009f0                utee_storage_obj_rename
                0x00000a04                utee_storage_alloc_enum
                0x00000a18                utee_storage_free_enum
                0x00000a2c                utee_storage_reset_enum
                0x00000a40                utee_storage_start_enum
                0x00000a54                utee_storage_next_enum
                0x00000a68                utee_storage_obj_read
                0x00000a7c                utee_storage_obj_write
                0x00000a90                utee_storage_obj_trunc
                0x00000aa4                utee_storage_obj_seek
                0x00000ab8                utee_cryp_obj_generate_key
                0x00000acc                utee_se_service_open
                0x00000ae0                utee_se_service_close
                0x00000af4                utee_se_service_get_readers
                0x00000b08                utee_se_reader_get_prop
                0x00000b1c                utee_se_reader_get_name
                0x00000b30                utee_se_reader_open_session
                0x00000b44                utee_se_reader_close_sessions
                0x00000b58                utee_se_session_is_closed
                0x00000b6c                utee_se_session_get_atr
                0x00000b80                utee_se_session_open_channel
                0x00000b94                utee_se_session_close
                0x00000ba8                utee_se_channel_select_next
                0x00000bbc                utee_se_channel_get_select_resp
                0x00000bd0                utee_se_channel_transmit
                0x00000be8                utee_se_channel_close
                0x00000bfc                utee_cache_operation
 .text.TEE_BigInt_Panic
                0x00000c10       0x40 /home/rahulmahdev/devel/optee/optee_os/out/arm-plat-vexpress/export-user_ta/lib/libutee.a(tee_api_arith.o)
 .text._TEE_MathAPI_Init
                0x00000c50       0x50 /home/rahulmahdev/devel/optee/optee_os/out/arm-plat-vexpress/export-user_ta/lib/libutee.a(tee_api_arith.o)
                0x00000c50                _TEE_MathAPI_Init
 .text.TEE_BigIntInit
                0x00000ca0       0x2c /home/rahulmahdev/devel/optee/optee_os/out/arm-plat-vexpress/export-user_ta/lib/libutee.a(tee_api_arith.o)
                0x00000ca0                TEE_BigIntInit
 .text.TEE_BigIntInitFMM
                0x00000ccc       0x40 /home/rahulmahdev/devel/optee/optee_os/out/arm-plat-vexpress/export-user_ta/lib/libutee.a(tee_api_arith.o)
                0x00000ccc                TEE_BigIntInitFMM
 .text.TEE_BigIntInitFMMContext
                0x00000d0c       0x68 /home/rahulmahdev/devel/optee/optee_os/out/arm-plat-vexpress/export-user_ta/lib/libutee.a(tee_api_arith.o)
                0x00000d0c                TEE_BigIntInitFMMContext
 .text.TEE_BigIntFMMSizeInU32
                0x00000d74       0x28 /home/rahulmahdev/devel/optee/optee_os/out/arm-plat-vexpress/export-user_ta/lib/libutee.a(tee_api_arith.o)
                0x00000d74                TEE_BigIntFMMSizeInU32
 .text.TEE_BigIntFMMContextSizeInU32
                0x00000d9c       0x30 /home/rahulmahdev/devel/optee/optee_os/out/arm-plat-vexpress/export-user_ta/lib/libutee.a(tee_api_arith.o)
                0x00000d9c                TEE_BigIntFMMContextSizeInU32
 .text.TEE_BigIntConvertFromOctetString
                0x00000dcc       0x84 /home/rahulmahdev/devel/optee/optee_os/out/arm-plat-vexpress/export-user_ta/lib/libutee.a(tee_api_arith.o)
                0x00000dcc                TEE_BigIntConvertFromOctetString
 .text.TEE_BigIntConvertToOctetString
                0x00000e50       0x8c /home/rahulmahdev/devel/optee/optee_os/out/arm-plat-vexpress/export-user_ta/lib/libutee.a(tee_api_arith.o)
                0x00000e50                TEE_BigIntConvertToOctetString
 .text.TEE_BigIntConvertFromS32
                0x00000edc       0x30 /home/rahulmahdev/devel/optee/optee_os/out/arm-plat-vexpress/export-user_ta/lib/libutee.a(tee_api_arith.o)
                0x00000edc                TEE_BigIntConvertFromS32
 .text.TEE_BigIntConvertToS32
                0x00000f0c       0x78 /home/rahulmahdev/devel/optee/optee_os/out/arm-plat-vexpress/export-user_ta/lib/libutee.a(tee_api_arith.o)
                0x00000f0c                TEE_BigIntConvertToS32
 .text.TEE_BigIntCmp
                0x00000f84       0x38 /home/rahulmahdev/devel/optee/optee_os/out/arm-plat-vexpress/export-user_ta/lib/libutee.a(tee_api_arith.o)
                0x00000f84                TEE_BigIntCmp
 .text.TEE_BigIntCmpS32
                0x00000fbc       0x34 /home/rahulmahdev/devel/optee/optee_os/out/arm-plat-vexpress/export-user_ta/lib/libutee.a(tee_api_arith.o)
                0x00000fbc                TEE_BigIntCmpS32
 .text.TEE_BigIntShiftRight
                0x00000ff0       0x44 /home/rahulmahdev/devel/optee/optee_os/out/arm-plat-vexpress/export-user_ta/lib/libutee.a(tee_api_arith.o)
                0x00000ff0                TEE_BigIntShiftRight
 .text.TEE_BigIntGetBit
                0x00001034       0x3c /home/rahulmahdev/devel/optee/optee_os/out/arm-plat-vexpress/export-user_ta/lib/libutee.a(tee_api_arith.o)
                0x00001034                TEE_BigIntGetBit
 .text.TEE_BigIntGetBitCount
                0x00001070       0x34 /home/rahulmahdev/devel/optee/optee_os/out/arm-plat-vexpress/export-user_ta/lib/libutee.a(tee_api_arith.o)
                0x00001070                TEE_BigIntGetBitCount
 .text.TEE_BigIntAdd
                0x000010a4       0x50 /home/rahulmahdev/devel/optee/optee_os/out/arm-plat-vexpress/export-user_ta/lib/libutee.a(tee_api_arith.o)
                0x000010a4                TEE_BigIntAdd
 .text.TEE_BigIntSub
                0x000010f4       0x50 /home/rahulmahdev/devel/optee/optee_os/out/arm-plat-vexpress/export-user_ta/lib/libutee.a(tee_api_arith.o)
                0x000010f4                TEE_BigIntSub
 .text.TEE_BigIntNeg
                0x00001144       0x34 /home/rahulmahdev/devel/optee/optee_os/out/arm-plat-vexpress/export-user_ta/lib/libutee.a(tee_api_arith.o)
                0x00001144                TEE_BigIntNeg
 .text.TEE_BigIntMul
                0x00001178       0x50 /home/rahulmahdev/devel/optee/optee_os/out/arm-plat-vexpress/export-user_ta/lib/libutee.a(tee_api_arith.o)
                0x00001178                TEE_BigIntMul
 .text.TEE_BigIntSquare
                0x000011c8       0x48 /home/rahulmahdev/devel/optee/optee_os/out/arm-plat-vexpress/export-user_ta/lib/libutee.a(tee_api_arith.o)
                0x000011c8                TEE_BigIntSquare
 .text.TEE_BigIntDiv
                0x00001210       0x84 /home/rahulmahdev/devel/optee/optee_os/out/arm-plat-vexpress/export-user_ta/lib/libutee.a(tee_api_arith.o)
                0x00001210                TEE_BigIntDiv
 .text.TEE_BigIntMod
                0x00001294       0xa8 /home/rahulmahdev/devel/optee/optee_os/out/arm-plat-vexpress/export-user_ta/lib/libutee.a(tee_api_arith.o)
                0x00001294                TEE_BigIntMod
 .text.TEE_BigIntAddMod
                0x0000133c       0xb4 /home/rahulmahdev/devel/optee/optee_os/out/arm-plat-vexpress/export-user_ta/lib/libutee.a(tee_api_arith.o)
                0x0000133c                TEE_BigIntAddMod
 .text.TEE_BigIntSubMod
                0x000013f0       0xb4 /home/rahulmahdev/devel/optee/optee_os/out/arm-plat-vexpress/export-user_ta/lib/libutee.a(tee_api_arith.o)
                0x000013f0                TEE_BigIntSubMod
 .text.TEE_BigIntMulMod
                0x000014a4       0xfc /home/rahulmahdev/devel/optee/optee_os/out/arm-plat-vexpress/export-user_ta/lib/libutee.a(tee_api_arith.o)
                0x000014a4                TEE_BigIntMulMod
 .text.TEE_BigIntSquareMod
                0x000015a0       0x34 /home/rahulmahdev/devel/optee/optee_os/out/arm-plat-vexpress/export-user_ta/lib/libutee.a(tee_api_arith.o)
                0x000015a0                TEE_BigIntSquareMod
 .text.TEE_BigIntInvMod
                0x000015d4       0x90 /home/rahulmahdev/devel/optee/optee_os/out/arm-plat-vexpress/export-user_ta/lib/libutee.a(tee_api_arith.o)
                0x000015d4                TEE_BigIntInvMod
 .text.TEE_BigIntRelativePrime
                0x00001664       0xa4 /home/rahulmahdev/devel/optee/optee_os/out/arm-plat-vexpress/export-user_ta/lib/libutee.a(tee_api_arith.o)
                0x00001664                TEE_BigIntRelativePrime
 .text.TEE_BigIntComputeExtendedGcd
                0x00001708       0x60 /home/rahulmahdev/devel/optee/optee_os/out/arm-plat-vexpress/export-user_ta/lib/libutee.a(tee_api_arith.o)
                0x00001708                TEE_BigIntComputeExtendedGcd
 .text.TEE_BigIntIsProbablePrime
                0x00001768       0x64 /home/rahulmahdev/devel/optee/optee_os/out/arm-plat-vexpress/export-user_ta/lib/libutee.a(tee_api_arith.o)
                0x00001768                TEE_BigIntIsProbablePrime
 .text.TEE_BigIntConvertToFMM
                0x000017cc       0x64 /home/rahulmahdev/devel/optee/optee_os/out/arm-plat-vexpress/export-user_ta/lib/libutee.a(tee_api_arith.o)
                0x000017cc                TEE_BigIntConvertToFMM
 .text.TEE_BigIntConvertFromFMM
                0x00001830       0xb4 /home/rahulmahdev/devel/optee/optee_os/out/arm-plat-vexpress/export-user_ta/lib/libutee.a(tee_api_arith.o)
                0x00001830                TEE_BigIntConvertFromFMM
 .text.TEE_BigIntComputeFMM
                0x000018e4       0x64 /home/rahulmahdev/devel/optee/optee_os/out/arm-plat-vexpress/export-user_ta/lib/libutee.a(tee_api_arith.o)
                0x000018e4                TEE_BigIntComputeFMM
 .text.TEE_Panic
                0x00001948       0x20 /home/rahulmahdev/devel/optee/optee_os/out/arm-plat-vexpress/export-user_ta/lib/libutee.a(tee_api.o)
                0x00001948                TEE_Panic
 .text.TEE_OpenTASession
                0x00001968       0x58 /home/rahulmahdev/devel/optee/optee_os/out/arm-plat-vexpress/export-user_ta/lib/libutee.a(tee_api.o)
                0x00001968                TEE_OpenTASession
 .text.TEE_CloseTASession
                0x000019c0       0x40 /home/rahulmahdev/devel/optee/optee_os/out/arm-plat-vexpress/export-user_ta/lib/libutee.a(tee_api.o)
                0x000019c0                TEE_CloseTASession
 .text.TEE_InvokeTACommand
                0x00001a00       0x90 /home/rahulmahdev/devel/optee/optee_os/out/arm-plat-vexpress/export-user_ta/lib/libutee.a(tee_api.o)
                0x00001a00                TEE_InvokeTACommand
 .text.TEE_GetCancellationFlag
                0x00001a90       0x3c /home/rahulmahdev/devel/optee/optee_os/out/arm-plat-vexpress/export-user_ta/lib/libutee.a(tee_api.o)
                0x00001a90                TEE_GetCancellationFlag
 .text.TEE_UnmaskCancellation
                0x00001acc       0x40 /home/rahulmahdev/devel/optee/optee_os/out/arm-plat-vexpress/export-user_ta/lib/libutee.a(tee_api.o)
                0x00001acc                TEE_UnmaskCancellation
 .text.TEE_MaskCancellation
                0x00001b0c       0x40 /home/rahulmahdev/devel/optee/optee_os/out/arm-plat-vexpress/export-user_ta/lib/libutee.a(tee_api.o)
                0x00001b0c                TEE_MaskCancellation
 .text.TEE_CheckMemoryAccessRights
                0x00001b4c       0x5c /home/rahulmahdev/devel/optee/optee_os/out/arm-plat-vexpress/export-user_ta/lib/libutee.a(tee_api.o)
                0x00001b4c                TEE_CheckMemoryAccessRights
 .text.TEE_SetInstanceData
                0x00001ba8       0x24 /home/rahulmahdev/devel/optee/optee_os/out/arm-plat-vexpress/export-user_ta/lib/libutee.a(tee_api.o)
                0x00001ba8                TEE_SetInstanceData
 .text.TEE_GetInstanceData
                0x00001bcc       0x1c /home/rahulmahdev/devel/optee/optee_os/out/arm-plat-vexpress/export-user_ta/lib/libutee.a(tee_api.o)
                0x00001bcc                TEE_GetInstanceData
 .text.TEE_MemMove
                0x00001be8       0x40 /home/rahulmahdev/devel/optee/optee_os/out/arm-plat-vexpress/export-user_ta/lib/libutee.a(tee_api.o)
                0x00001be8                TEE_MemMove
 .text.TEE_MemCompare
                0x00001c28       0x40 /home/rahulmahdev/devel/optee/optee_os/out/arm-plat-vexpress/export-user_ta/lib/libutee.a(tee_api.o)
                0x00001c28                TEE_MemCompare
 .text.TEE_MemFill
                0x00001c68       0x40 /home/rahulmahdev/devel/optee/optee_os/out/arm-plat-vexpress/export-user_ta/lib/libutee.a(tee_api.o)
                0x00001c68                TEE_MemFill
 .text.TEE_GetSystemTime
                0x00001ca8       0x40 /home/rahulmahdev/devel/optee/optee_os/out/arm-plat-vexpress/export-user_ta/lib/libutee.a(tee_api.o)
                0x00001ca8                TEE_GetSystemTime
 .text.TEE_Wait
                0x00001ce8       0x4c /home/rahulmahdev/devel/optee/optee_os/out/arm-plat-vexpress/export-user_ta/lib/libutee.a(tee_api.o)
                0x00001ce8                TEE_Wait
 .text.TEE_GetTAPersistentTime
                0x00001d34       0x98 /home/rahulmahdev/devel/optee/optee_os/out/arm-plat-vexpress/export-user_ta/lib/libutee.a(tee_api.o)
                0x00001d34                TEE_GetTAPersistentTime
 .text.TEE_SetTAPersistentTime
                0x00001dcc       0x5c /home/rahulmahdev/devel/optee/optee_os/out/arm-plat-vexpress/export-user_ta/lib/libutee.a(tee_api.o)
                0x00001dcc                TEE_SetTAPersistentTime
 .text.TEE_GetREETime
                0x00001e28       0x40 /home/rahulmahdev/devel/optee/optee_os/out/arm-plat-vexpress/export-user_ta/lib/libutee.a(tee_api.o)
                0x00001e28                TEE_GetREETime
 .text.TEE_Malloc
                0x00001e68       0x30 /home/rahulmahdev/devel/optee/optee_os/out/arm-plat-vexpress/export-user_ta/lib/libutee.a(tee_api.o)
                0x00001e68                TEE_Malloc
 .text.TEE_Realloc
                0x00001e98       0x30 /home/rahulmahdev/devel/optee/optee_os/out/arm-plat-vexpress/export-user_ta/lib/libutee.a(tee_api.o)
                0x00001e98                TEE_Realloc
 .text.TEE_Free
                0x00001ec8       0x28 /home/rahulmahdev/devel/optee/optee_os/out/arm-plat-vexpress/export-user_ta/lib/libutee.a(tee_api.o)
                0x00001ec8                TEE_Free
 .text.TEE_CacheClean
                0x00001ef0       0x40 /home/rahulmahdev/devel/optee/optee_os/out/arm-plat-vexpress/export-user_ta/lib/libutee.a(tee_api.o)
                0x00001ef0                TEE_CacheClean
 .text.TEE_CacheFlush
                0x00001f30       0x40 /home/rahulmahdev/devel/optee/optee_os/out/arm-plat-vexpress/export-user_ta/lib/libutee.a(tee_api.o)
                0x00001f30                TEE_CacheFlush
 .text.TEE_CacheInvalidate
                0x00001f70       0x40 /home/rahulmahdev/devel/optee/optee_os/out/arm-plat-vexpress/export-user_ta/lib/libutee.a(tee_api.o)
                0x00001f70                TEE_CacheInvalidate
 .text.utee_get_ta_exec_id
                0x00001fb0       0x14 /home/rahulmahdev/devel/optee/optee_os/out/arm-plat-vexpress/export-user_ta/lib/libutee.a(utee_misc.o)
                0x00001fb0                utee_get_ta_exec_id
 .text.utee_malloc
                0x00001fc4       0x2c /home/rahulmahdev/devel/optee/optee_os/out/arm-plat-vexpress/export-user_ta/lib/libutee.a(utee_misc.o)
                0x00001fc4                utee_malloc
 .text.utee_realloc
                0x00001ff0       0x30 /home/rahulmahdev/devel/optee/optee_os/out/arm-plat-vexpress/export-user_ta/lib/libutee.a(utee_misc.o)
                0x00001ff0                utee_realloc
 .text.utee_calloc
                0x00002020       0x30 /home/rahulmahdev/devel/optee/optee_os/out/arm-plat-vexpress/export-user_ta/lib/libutee.a(utee_misc.o)
                0x00002020                utee_calloc
 .text.utee_free
                0x00002050       0x28 /home/rahulmahdev/devel/optee/optee_os/out/arm-plat-vexpress/export-user_ta/lib/libutee.a(utee_misc.o)
                0x00002050                utee_free
 .text.get_rng_array
                0x00002078       0x30 /home/rahulmahdev/devel/optee/optee_os/out/arm-plat-vexpress/export-user_ta/lib/libutee.a(utee_misc.o)
                0x00002078                get_rng_array
 .text.buf_addr
                0x000020a8       0x20 /home/rahulmahdev/devel/optee/optee_os/out/arm-plat-vexpress/export-user_ta/lib/libutee.a(tee_user_mem.o)
 .text.buf_size
                0x000020c8       0x28 /home/rahulmahdev/devel/optee/optee_os/out/arm-plat-vexpress/export-user_ta/lib/libutee.a(tee_user_mem.o)
 .text.elem_addr
                0x000020f0       0x20 /home/rahulmahdev/devel/optee/optee_os/out/arm-plat-vexpress/export-user_ta/lib/libutee.a(tee_user_mem.o)
 .text.is_buffer_valid
                0x00002110       0x4c /home/rahulmahdev/devel/optee/optee_os/out/arm-plat-vexpress/export-user_ta/lib/libutee.a(tee_user_mem.o)
 .text.print_buf
                0x0000215c       0x7c /home/rahulmahdev/devel/optee/optee_os/out/arm-plat-vexpress/export-user_ta/lib/libutee.a(tee_user_mem.o)
 .text.heap_inc
                0x000021d8       0x60 /home/rahulmahdev/devel/optee/optee_os/out/arm-plat-vexpress/export-user_ta/lib/libutee.a(tee_user_mem.o)
 .text.heap_dec
                0x00002238       0x64 /home/rahulmahdev/devel/optee/optee_os/out/arm-plat-vexpress/export-user_ta/lib/libutee.a(tee_user_mem.o)
 .text.check_elem_end
                0x0000229c       0x74 /home/rahulmahdev/devel/optee/optee_os/out/arm-plat-vexpress/export-user_ta/lib/libutee.a(tee_user_mem.o)
 .text.check_elem
                0x00002310      0x104 /home/rahulmahdev/devel/optee/optee_os/out/arm-plat-vexpress/export-user_ta/lib/libutee.a(tee_user_mem.o)
 .text.is_mem_coherent
                0x00002414       0x84 /home/rahulmahdev/devel/optee/optee_os/out/arm-plat-vexpress/export-user_ta/lib/libutee.a(tee_user_mem.o)
 .text.tee_user_mem_alloc
                0x00002498      0x180 /home/rahulmahdev/devel/optee/optee_os/out/arm-plat-vexpress/export-user_ta/lib/libutee.a(tee_user_mem.o)
                0x00002498                tee_user_mem_alloc
 .text.tee_user_mem_realloc
                0x00002618       0xe8 /home/rahulmahdev/devel/optee/optee_os/out/arm-plat-vexpress/export-user_ta/lib/libutee.a(tee_user_mem.o)
                0x00002618                tee_user_mem_realloc
 .text.tee_user_mem_free
                0x00002700      0x150 /home/rahulmahdev/devel/optee/optee_os/out/arm-plat-vexpress/export-user_ta/lib/libutee.a(tee_user_mem.o)
                0x00002700                tee_user_mem_free
 .text.tee_user_mem_mark_heap
                0x00002850       0x20 /home/rahulmahdev/devel/optee/optee_os/out/arm-plat-vexpress/export-user_ta/lib/libutee.a(tee_user_mem.o)
                0x00002850                tee_user_mem_mark_heap
 .text.tee_user_mem_check_heap
                0x00002870       0x94 /home/rahulmahdev/devel/optee/optee_os/out/arm-plat-vexpress/export-user_ta/lib/libutee.a(tee_user_mem.o)
                0x00002870                tee_user_mem_check_heap
 .text.tee_user_mem_status
                0x00002904       0x88 /home/rahulmahdev/devel/optee/optee_os/out/arm-plat-vexpress/export-user_ta/lib/libutee.a(tee_user_mem.o)
 .text.tee_user_mem_garbage
                0x0000298c       0x4c /home/rahulmahdev/devel/optee/optee_os/out/arm-plat-vexpress/export-user_ta/lib/libutee.a(tee_user_mem.o)
                0x0000298c                tee_user_mem_garbage
 .text.trace_ext_puts
                0x000029d8       0x44 /home/rahulmahdev/devel/optee/optee_os/out/arm-plat-vexpress/export-user_ta/lib/libutee.a(trace_ext.o)
                0x000029d8                trace_ext_puts
 .text.trace_ext_get_thread_id
                0x00002a1c       0x14 /home/rahulmahdev/devel/optee/optee_os/out/arm-plat-vexpress/export-user_ta/lib/libutee.a(trace_ext.o)
                0x00002a1c                trace_ext_get_thread_id
 .text.printf   0x00002a30      0x120 /home/rahulmahdev/devel/optee/optee_os/out/arm-plat-vexpress/export-user_ta/lib/libutee.a(trace_ext.o)
                0x00002a30                printf
 .text.puts     0x00002b50       0x3c /home/rahulmahdev/devel/optee/optee_os/out/arm-plat-vexpress/export-user_ta/lib/libutee.a(trace_ext.o)
                0x00002b50                puts
 .text._assert_log
                0x00002b8c       0x5c /home/rahulmahdev/devel/optee/optee_os/out/arm-plat-vexpress/export-user_ta/lib/libutee.a(assert.o)
                0x00002b8c                _assert_log
 .text._assert_break
                0x00002be8       0x20 /home/rahulmahdev/devel/optee/optee_os/out/arm-plat-vexpress/export-user_ta/lib/libutee.a(assert.o)
                0x00002be8                _assert_break
 .text.mdbg_set_mode
                0x00002c08       0x1c /home/rahulmahdev/devel/optee/optee_os/out/arm-plat-vexpress/export-user_ta/lib/libutils.a(bget_malloc.o)
 .text.bget     0x00002c24      0x210 /home/rahulmahdev/devel/optee/optee_os/out/arm-plat-vexpress/export-user_ta/lib/libutils.a(bget_malloc.o)
                0x00002c24                bget
 .text.bgetz    0x00002e34       0xbc /home/rahulmahdev/devel/optee/optee_os/out/arm-plat-vexpress/export-user_ta/lib/libutils.a(bget_malloc.o)
                0x00002e34                bgetz
 .text.bgetr    0x00002ef0       0xc4 /home/rahulmahdev/devel/optee/optee_os/out/arm-plat-vexpress/export-user_ta/lib/libutils.a(bget_malloc.o)
                0x00002ef0                bgetr
 .text.brel     0x00002fb4      0x2f4 /home/rahulmahdev/devel/optee/optee_os/out/arm-plat-vexpress/export-user_ta/lib/libutils.a(bget_malloc.o)
                0x00002fb4                brel
 .text.bpool    0x000032a8      0x140 /home/rahulmahdev/devel/optee/optee_os/out/arm-plat-vexpress/export-user_ta/lib/libutils.a(bget_malloc.o)
                0x000032a8                bpool
 .text.raw_malloc_save_max_alloced_size
                0x000033e8       0x10 /home/rahulmahdev/devel/optee/optee_os/out/arm-plat-vexpress/export-user_ta/lib/libutils.a(bget_malloc.o)
 .text.malloc_reset_max_allocated
                0x000033f8       0x10 /home/rahulmahdev/devel/optee/optee_os/out/arm-plat-vexpress/export-user_ta/lib/libutils.a(bget_malloc.o)
                0x000033f8                malloc_reset_max_allocated
 .text.malloc_get_max_allocated
                0x00003408       0x14 /home/rahulmahdev/devel/optee/optee_os/out/arm-plat-vexpress/export-user_ta/lib/libutils.a(bget_malloc.o)
                0x00003408                malloc_get_max_allocated
 .text.malloc_get_allocated
                0x0000341c       0x14 /home/rahulmahdev/devel/optee/optee_os/out/arm-plat-vexpress/export-user_ta/lib/libutils.a(bget_malloc.o)
                0x0000341c                malloc_get_allocated
 .text.malloc_get_heap_size
                0x00003430       0x58 /home/rahulmahdev/devel/optee/optee_os/out/arm-plat-vexpress/export-user_ta/lib/libutils.a(bget_malloc.o)
                0x00003430                malloc_get_heap_size
 .text.raw_malloc_validate_pools
                0x00003488       0x10 /home/rahulmahdev/devel/optee/optee_os/out/arm-plat-vexpress/export-user_ta/lib/libutils.a(bget_malloc.o)
 .text.bpool_foreach_iterator_init
                0x00003498       0x30 /home/rahulmahdev/devel/optee/optee_os/out/arm-plat-vexpress/export-user_ta/lib/libutils.a(bget_malloc.o)
 .text.bpool_foreach_pool
                0x000034c8       0xf4 /home/rahulmahdev/devel/optee/optee_os/out/arm-plat-vexpress/export-user_ta/lib/libutils.a(bget_malloc.o)
 .text.bpool_foreach
                0x000035bc       0x90 /home/rahulmahdev/devel/optee/optee_os/out/arm-plat-vexpress/export-user_ta/lib/libutils.a(bget_malloc.o)
 .text.raw_malloc
                0x0000364c       0x68 /home/rahulmahdev/devel/optee/optee_os/out/arm-plat-vexpress/export-user_ta/lib/libutils.a(bget_malloc.o)
 .text.raw_free
                0x000036b4       0x30 /home/rahulmahdev/devel/optee/optee_os/out/arm-plat-vexpress/export-user_ta/lib/libutils.a(bget_malloc.o)
 .text.raw_calloc
                0x000036e4       0x78 /home/rahulmahdev/devel/optee/optee_os/out/arm-plat-vexpress/export-user_ta/lib/libutils.a(bget_malloc.o)
 .text.raw_realloc
                0x0000375c       0x6c /home/rahulmahdev/devel/optee/optee_os/out/arm-plat-vexpress/export-user_ta/lib/libutils.a(bget_malloc.o)
 .text.create_free_block
                0x000037c8      0x178 /home/rahulmahdev/devel/optee/optee_os/out/arm-plat-vexpress/export-user_ta/lib/libutils.a(bget_malloc.o)
 .text.brel_before
                0x00003940      0x130 /home/rahulmahdev/devel/optee/optee_os/out/arm-plat-vexpress/export-user_ta/lib/libutils.a(bget_malloc.o)
 .text.brel_after
                0x00003a70      0x1f4 /home/rahulmahdev/devel/optee/optee_os/out/arm-plat-vexpress/export-user_ta/lib/libutils.a(bget_malloc.o)
 .text.raw_memalign
                0x00003c64      0x184 /home/rahulmahdev/devel/optee/optee_os/out/arm-plat-vexpress/export-user_ta/lib/libutils.a(bget_malloc.o)
 .text.bget_buf_size
                0x00003de8       0x78 /home/rahulmahdev/devel/optee/optee_os/out/arm-plat-vexpress/export-user_ta/lib/libutils.a(bget_malloc.o)
 .text.malloc   0x00003e60       0x2c /home/rahulmahdev/devel/optee/optee_os/out/arm-plat-vexpress/export-user_ta/lib/libutils.a(bget_malloc.o)
                0x00003e60                malloc
 .text.free     0x00003e8c       0x20 /home/rahulmahdev/devel/optee/optee_os/out/arm-plat-vexpress/export-user_ta/lib/libutils.a(bget_malloc.o)
                0x00003e8c                free
 .text.calloc   0x00003eac       0x3c /home/rahulmahdev/devel/optee/optee_os/out/arm-plat-vexpress/export-user_ta/lib/libutils.a(bget_malloc.o)
                0x00003eac                calloc
 .text.realloc  0x00003ee8       0x3c /home/rahulmahdev/devel/optee/optee_os/out/arm-plat-vexpress/export-user_ta/lib/libutils.a(bget_malloc.o)
                0x00003ee8                realloc
 .text.memalign
                0x00003f24       0x3c /home/rahulmahdev/devel/optee/optee_os/out/arm-plat-vexpress/export-user_ta/lib/libutils.a(bget_malloc.o)
                0x00003f24                memalign
 .text.get_payload_start_size
                0x00003f60       0x2c /home/rahulmahdev/devel/optee/optee_os/out/arm-plat-vexpress/export-user_ta/lib/libutils.a(bget_malloc.o)
 .text.malloc_init
                0x00003f8c       0x70 /home/rahulmahdev/devel/optee/optee_os/out/arm-plat-vexpress/export-user_ta/lib/libutils.a(bget_malloc.o)
                0x00003f8c                malloc_init
 .text.malloc_add_pool
                0x00003ffc      0x168 /home/rahulmahdev/devel/optee/optee_os/out/arm-plat-vexpress/export-user_ta/lib/libutils.a(bget_malloc.o)
                0x00003ffc                malloc_add_pool
 .text.malloc_buffer_is_within_alloced
                0x00004164       0xa0 /home/rahulmahdev/devel/optee/optee_os/out/arm-plat-vexpress/export-user_ta/lib/libutils.a(bget_malloc.o)
                0x00004164                malloc_buffer_is_within_alloced
 .text.malloc_buffer_overlaps_heap
                0x00004204       0xac /home/rahulmahdev/devel/optee/optee_os/out/arm-plat-vexpress/export-user_ta/lib/libutils.a(bget_malloc.o)
                0x00004204                malloc_buffer_overlaps_heap
 .text.snprintf
                0x000042b0       0x44 /home/rahulmahdev/devel/optee/optee_os/out/arm-plat-vexpress/export-user_ta/lib/libutils.a(snprintf.o)
                0x000042b0                snprintf
 .text.vsnprintf
                0x000042f4       0x80 /home/rahulmahdev/devel/optee/optee_os/out/arm-plat-vexpress/export-user_ta/lib/libutils.a(snprintf.o)
                0x000042f4                vsnprintf
 .text.kprintf  0x00004374      0xd70 /home/rahulmahdev/devel/optee/optee_os/out/arm-plat-vexpress/export-user_ta/lib/libutils.a(snprintf.o)
 .text.memchr   0x000050e4      0x114 /home/rahulmahdev/devel/optee/optee_os/out/arm-plat-vexpress/export-user_ta/lib/libutils.a(memchr.o)
                0x000050e4                memchr
 .text.memcmp   0x000051f8       0xb8 /home/rahulmahdev/devel/optee/optee_os/out/arm-plat-vexpress/export-user_ta/lib/libutils.a(memcmp.o)
                0x000051f8                memcmp
 .text.memcpy   0x000052b0       0xf4 /home/rahulmahdev/devel/optee/optee_os/out/arm-plat-vexpress/export-user_ta/lib/libutils.a(memcpy.o)
                0x000052b0                memcpy
 .text.memmove  0x000053a4      0x140 /home/rahulmahdev/devel/optee/optee_os/out/arm-plat-vexpress/export-user_ta/lib/libutils.a(memmove.o)
                0x000053a4                memmove
 .text.memset   0x000054e4      0x11c /home/rahulmahdev/devel/optee/optee_os/out/arm-plat-vexpress/export-user_ta/lib/libutils.a(memset.o)
                0x000054e4                memset
 .text.strlen   0x00005600       0x8c /home/rahulmahdev/devel/optee/optee_os/out/arm-plat-vexpress/export-user_ta/lib/libutils.a(strlen.o)
                0x00005600                strlen
 .text          0x0000568c       0x30 /home/rahulmahdev/devel/optee/optee_os/out/arm-plat-vexpress/export-user_ta/lib/libutils.a(arm32_aeabi_ldivmod_a32.o)
                0x0000568c                __aeabi_ldivmod
                0x000056a4                __aeabi_uldivmod
 .text.division_lqr
                0x000056bc       0xf0 /home/rahulmahdev/devel/optee/optee_os/out/arm-plat-vexpress/export-user_ta/lib/libutils.a(arm32_aeabi_ldivmod.o)
 .text.ul_div_qr
                0x000057ac       0x70 /home/rahulmahdev/devel/optee/optee_os/out/arm-plat-vexpress/export-user_ta/lib/libutils.a(arm32_aeabi_ldivmod.o)
 .text.__ul_divmod
                0x0000581c       0xa0 /home/rahulmahdev/devel/optee/optee_os/out/arm-plat-vexpress/export-user_ta/lib/libutils.a(arm32_aeabi_ldivmod.o)
                0x0000581c                __ul_divmod
 .text.__l_divmod
                0x000058bc      0x114 /home/rahulmahdev/devel/optee/optee_os/out/arm-plat-vexpress/export-user_ta/lib/libutils.a(arm32_aeabi_ldivmod.o)
                0x000058bc                __l_divmod
 .text.strlcpy  0x000059d0       0x84 /home/rahulmahdev/devel/optee/optee_os/out/arm-plat-vexpress/export-user_ta/lib/libutils.a(strlcpy.o)
                0x000059d0                strlcpy
 .text.trace_set_level
                0x00005a54       0x48 /home/rahulmahdev/devel/optee/optee_os/out/arm-plat-vexpress/export-user_ta/lib/libutils.a(trace.o)
                0x00005a54                trace_set_level
 .text.trace_get_level
                0x00005a9c       0x24 /home/rahulmahdev/devel/optee/optee_os/out/arm-plat-vexpress/export-user_ta/lib/libutils.a(trace.o)
                0x00005a9c                trace_get_level
 .text.trace_level_to_string
                0x00005ac0       0x58 /home/rahulmahdev/devel/optee/optee_os/out/arm-plat-vexpress/export-user_ta/lib/libutils.a(trace.o)
 .text.trace_printf
                0x00005b18      0x1ec /home/rahulmahdev/devel/optee/optee_os/out/arm-plat-vexpress/export-user_ta/lib/libutils.a(trace.o)
                0x00005b18                trace_printf
 .text.dhex_dump
                0x00005d04       0x1c /home/rahulmahdev/devel/optee/optee_os/out/arm-plat-vexpress/export-user_ta/lib/libutils.a(trace.o)
                0x00005d04                dhex_dump
 .text.__mpa_set_unused_digits_to_zero
                0x00005d20       0x60 /home/rahulmahdev/devel/optee/optee_os/out/arm-plat-vexpress/export-user_ta/lib/libmpa.a(mpa_misc.o)
                0x00005d20                __mpa_set_unused_digits_to_zero
 .text.mpa_wipe
                0x00005d80       0x4c /home/rahulmahdev/devel/optee/optee_os/out/arm-plat-vexpress/export-user_ta/lib/libmpa.a(mpa_misc.o)
                0x00005d80                mpa_wipe
 .text.mpa_copy
                0x00005dcc       0x60 /home/rahulmahdev/devel/optee/optee_os/out/arm-plat-vexpress/export-user_ta/lib/libmpa.a(mpa_misc.o)
                0x00005dcc                mpa_copy
 .text.mpa_abs  0x00005e2c       0x38 /home/rahulmahdev/devel/optee/optee_os/out/arm-plat-vexpress/export-user_ta/lib/libmpa.a(mpa_misc.o)
                0x00005e2c                mpa_abs
 .text.mpa_highest_bit_index
                0x00005e64       0x80 /home/rahulmahdev/devel/optee/optee_os/out/arm-plat-vexpress/export-user_ta/lib/libmpa.a(mpa_misc.o)
                0x00005e64                mpa_highest_bit_index
 .text.mpa_get_bit
                0x00005ee4       0x6c /home/rahulmahdev/devel/optee/optee_os/out/arm-plat-vexpress/export-user_ta/lib/libmpa.a(mpa_misc.o)
                0x00005ee4                mpa_get_bit
 .text.mpa_can_hold
                0x00005f50       0x34 /home/rahulmahdev/devel/optee/optee_os/out/arm-plat-vexpress/export-user_ta/lib/libmpa.a(mpa_misc.o)
                0x00005f50                mpa_can_hold
 .text.mpa_parity
                0x00005f84       0x2c /home/rahulmahdev/devel/optee/optee_os/out/arm-plat-vexpress/export-user_ta/lib/libmpa.a(mpa_misc.o)
                0x00005f84                mpa_parity
 .text.mpa_constant_one
                0x00005fb0       0x18 /home/rahulmahdev/devel/optee/optee_os/out/arm-plat-vexpress/export-user_ta/lib/libmpa.a(mpa_misc.o)
                0x00005fb0                mpa_constant_one
 .text.__mpa_montgomery_mul_add
                0x00005fc8      0x134 /home/rahulmahdev/devel/optee/optee_os/out/arm-plat-vexpress/export-user_ta/lib/libmpa.a(mpa_montgomery.o)
                0x00005fc8                __mpa_montgomery_mul_add
 .text.__mpa_montgomery_sub_ack
                0x000060fc      0x118 /home/rahulmahdev/devel/optee/optee_os/out/arm-plat-vexpress/export-user_ta/lib/libmpa.a(mpa_montgomery.o)
                0x000060fc                __mpa_montgomery_sub_ack
 .text.__mpa_montgomery_mul
                0x00006214      0x160 /home/rahulmahdev/devel/optee/optee_os/out/arm-plat-vexpress/export-user_ta/lib/libmpa.a(mpa_montgomery.o)
                0x00006214                __mpa_montgomery_mul
 .text.mpa_compute_fmm_context
                0x00006374      0x158 /home/rahulmahdev/devel/optee/optee_os/out/arm-plat-vexpress/export-user_ta/lib/libmpa.a(mpa_montgomery.o)
                0x00006374                mpa_compute_fmm_context
 .text.mpa_montgomery_mul
                0x000064cc       0x74 /home/rahulmahdev/devel/optee/optee_os/out/arm-plat-vexpress/export-user_ta/lib/libmpa.a(mpa_montgomery.o)
                0x000064cc                mpa_montgomery_mul
 .text.mpa_is_prob_prime
                0x00006540       0x68 /home/rahulmahdev/devel/optee/optee_os/out/arm-plat-vexpress/export-user_ta/lib/libmpa.a(mpa_primetest.o)
                0x00006540                mpa_is_prob_prime
 .text.check_table
                0x000065a8       0x38 /home/rahulmahdev/devel/optee/optee_os/out/arm-plat-vexpress/export-user_ta/lib/libmpa.a(mpa_primetest.o)
 .text.is_small_prime
                0x000065e0       0xc8 /home/rahulmahdev/devel/optee/optee_os/out/arm-plat-vexpress/export-user_ta/lib/libmpa.a(mpa_primetest.o)
 .text.has_small_factors
                0x000066a8       0x8c /home/rahulmahdev/devel/optee/optee_os/out/arm-plat-vexpress/export-user_ta/lib/libmpa.a(mpa_primetest.o)
 .text.primality_test_miller_rabin
                0x00006734      0x338 /home/rahulmahdev/devel/optee/optee_os/out/arm-plat-vexpress/export-user_ta/lib/libmpa.a(mpa_primetest.o)
 .text.mpa_set_S32
                0x00006a6c       0x4c /home/rahulmahdev/devel/optee/optee_os/out/arm-plat-vexpress/export-user_ta/lib/libmpa.a(mpa_conv.o)
                0x00006a6c                mpa_set_S32
 .text.mpa_get_S32
                0x00006ab8       0x98 /home/rahulmahdev/devel/optee/optee_os/out/arm-plat-vexpress/export-user_ta/lib/libmpa.a(mpa_conv.o)
                0x00006ab8                mpa_get_S32
 .text.mpa_set_word
                0x00006b50       0x30 /home/rahulmahdev/devel/optee/optee_os/out/arm-plat-vexpress/export-user_ta/lib/libmpa.a(mpa_conv.o)
                0x00006b50                mpa_set_word
 .text.mpa_get_word
                0x00006b80       0x34 /home/rahulmahdev/devel/optee/optee_os/out/arm-plat-vexpress/export-user_ta/lib/libmpa.a(mpa_conv.o)
                0x00006b80                mpa_get_word
 .text.__mpa_soft_div
                0x00006bb4       0xd8 /home/rahulmahdev/devel/optee/optee_os/out/arm-plat-vexpress/export-user_ta/lib/libmpa.a(mpa_div.o)
 .text.__mpa_div_dword
                0x00006c8c       0x60 /home/rahulmahdev/devel/optee/optee_os/out/arm-plat-vexpress/export-user_ta/lib/libmpa.a(mpa_div.o)
                0x00006c8c                __mpa_div_dword
 .text.__mpa_div_q_r_internal
                0x00006cec      0x6a0 /home/rahulmahdev/devel/optee/optee_os/out/arm-plat-vexpress/export-user_ta/lib/libmpa.a(mpa_div.o)
 .text.__mpa_div_q_r_internal_word
                0x0000738c      0x15c /home/rahulmahdev/devel/optee/optee_os/out/arm-plat-vexpress/export-user_ta/lib/libmpa.a(mpa_div.o)
                0x0000738c                __mpa_div_q_r_internal_word
 .text.__mpa_div_q_r
                0x000074e8      0x184 /home/rahulmahdev/devel/optee/optee_os/out/arm-plat-vexpress/export-user_ta/lib/libmpa.a(mpa_div.o)
                0x000074e8                __mpa_div_q_r
 .text.mpa_div  0x0000766c      0x104 /home/rahulmahdev/devel/optee/optee_os/out/arm-plat-vexpress/export-user_ta/lib/libmpa.a(mpa_div.o)
                0x0000766c                mpa_div
 .text.__mpa_divby2
                0x00007770       0xf4 /home/rahulmahdev/devel/optee/optee_os/out/arm-plat-vexpress/export-user_ta/lib/libmpa.a(mpa_gcd.o)
 .text.__mpa_egcd
                0x00007864      0x390 /home/rahulmahdev/devel/optee/optee_os/out/arm-plat-vexpress/export-user_ta/lib/libmpa.a(mpa_gcd.o)
 .text.__mpa_gcd
                0x00007bf4      0x1cc /home/rahulmahdev/devel/optee/optee_os/out/arm-plat-vexpress/export-user_ta/lib/libmpa.a(mpa_gcd.o)
 .text.mpa_gcd  0x00007dc0      0x118 /home/rahulmahdev/devel/optee/optee_os/out/arm-plat-vexpress/export-user_ta/lib/libmpa.a(mpa_gcd.o)
                0x00007dc0                mpa_gcd
 .text.mpa_extended_gcd
                0x00007ed8      0x21c /home/rahulmahdev/devel/optee/optee_os/out/arm-plat-vexpress/export-user_ta/lib/libmpa.a(mpa_gcd.o)
                0x00007ed8                mpa_extended_gcd
 .text.mpa_init_scratch_mem
                0x000080f4       0x34 /home/rahulmahdev/devel/optee/optee_os/out/arm-plat-vexpress/export-user_ta/lib/libmpa.a(mpa_mem_static.o)
                0x000080f4                mpa_init_scratch_mem
 .text.mpa_alloc_static_temp_var_size
                0x00008128      0x118 /home/rahulmahdev/devel/optee/optee_os/out/arm-plat-vexpress/export-user_ta/lib/libmpa.a(mpa_mem_static.o)
                0x00008128                mpa_alloc_static_temp_var_size
 .text.mpa_alloc_static_temp_var
                0x00008240       0x2c /home/rahulmahdev/devel/optee/optee_os/out/arm-plat-vexpress/export-user_ta/lib/libmpa.a(mpa_mem_static.o)
                0x00008240                mpa_alloc_static_temp_var
 .text.mpa_free_static_temp_var
                0x0000826c       0x80 /home/rahulmahdev/devel/optee/optee_os/out/arm-plat-vexpress/export-user_ta/lib/libmpa.a(mpa_mem_static.o)
                0x0000826c                mpa_free_static_temp_var
 .text.__mpa_mul_add_word
                0x000082ec       0x78 /home/rahulmahdev/devel/optee/optee_os/out/arm-plat-vexpress/export-user_ta/lib/libmpa.a(mpa_mul.o)
                0x000082ec                __mpa_mul_add_word
 .text.__mpa_mul_add_word_cum
                0x00008364       0x88 /home/rahulmahdev/devel/optee/optee_os/out/arm-plat-vexpress/export-user_ta/lib/libmpa.a(mpa_mul.o)
                0x00008364                __mpa_mul_add_word_cum
 .text.__mpa_abs_mul_word
                0x000083ec       0xcc /home/rahulmahdev/devel/optee/optee_os/out/arm-plat-vexpress/export-user_ta/lib/libmpa.a(mpa_mul.o)
                0x000083ec                __mpa_abs_mul_word
 .text.__mpa_abs_mul
                0x000084b8      0x12c /home/rahulmahdev/devel/optee/optee_os/out/arm-plat-vexpress/export-user_ta/lib/libmpa.a(mpa_mul.o)
                0x000084b8                __mpa_abs_mul
 .text.mpa_mul  0x000085e4       0xf8 /home/rahulmahdev/devel/optee/optee_os/out/arm-plat-vexpress/export-user_ta/lib/libmpa.a(mpa_mul.o)
                0x000085e4                mpa_mul
 .text.mpa_mul_word
                0x000086dc       0xdc /home/rahulmahdev/devel/optee/optee_os/out/arm-plat-vexpress/export-user_ta/lib/libmpa.a(mpa_mul.o)
                0x000086dc                mpa_mul_word
 .text.mpa_set_random_generator
                0x000087b8       0x24 /home/rahulmahdev/devel/optee/optee_os/out/arm-plat-vexpress/export-user_ta/lib/libmpa.a(mpa_random.o)
                0x000087b8                mpa_set_random_generator
 .text.get_random_byte
                0x000087dc       0x34 /home/rahulmahdev/devel/optee/optee_os/out/arm-plat-vexpress/export-user_ta/lib/libmpa.a(mpa_random.o)
 .text.mpa_get_random
                0x00008810      0x158 /home/rahulmahdev/devel/optee/optee_os/out/arm-plat-vexpress/export-user_ta/lib/libmpa.a(mpa_random.o)
                0x00008810                mpa_get_random
 .text.__mpa_shift_words_left
                0x00008968       0xcc /home/rahulmahdev/devel/optee/optee_os/out/arm-plat-vexpress/export-user_ta/lib/libmpa.a(mpa_shift.o)
                0x00008968                __mpa_shift_words_left
 .text.__mpa_shift_words_right
                0x00008a34       0xc0 /home/rahulmahdev/devel/optee/optee_os/out/arm-plat-vexpress/export-user_ta/lib/libmpa.a(mpa_shift.o)
                0x00008a34                __mpa_shift_words_right
 .text.mpa_shift_left
                0x00008af4      0x248 /home/rahulmahdev/devel/optee/optee_os/out/arm-plat-vexpress/export-user_ta/lib/libmpa.a(mpa_shift.o)
                0x00008af4                mpa_shift_left
 .text.mpa_shift_right
                0x00008d3c      0x200 /home/rahulmahdev/devel/optee/optee_os/out/arm-plat-vexpress/export-user_ta/lib/libmpa.a(mpa_shift.o)
                0x00008d3c                mpa_shift_right
 .text.__mpa_full_adder
                0x00008f3c       0x64 /home/rahulmahdev/devel/optee/optee_os/out/arm-plat-vexpress/export-user_ta/lib/libmpa.a(mpa_addsub.o)
                0x00008f3c                __mpa_full_adder
 .text.__mpa_full_sub
                0x00008fa0       0x68 /home/rahulmahdev/devel/optee/optee_os/out/arm-plat-vexpress/export-user_ta/lib/libmpa.a(mpa_addsub.o)
                0x00008fa0                __mpa_full_sub
 .text.__mpa_full_adder_ackum
                0x00009008       0x64 /home/rahulmahdev/devel/optee/optee_os/out/arm-plat-vexpress/export-user_ta/lib/libmpa.a(mpa_addsub.o)
                0x00009008                __mpa_full_adder_ackum
 .text.__mpa_abs_add
                0x0000906c      0x138 /home/rahulmahdev/devel/optee/optee_os/out/arm-plat-vexpress/export-user_ta/lib/libmpa.a(mpa_addsub.o)
                0x0000906c                __mpa_abs_add
 .text.__mpa_abs_add_ackum
                0x000091a4      0x10c /home/rahulmahdev/devel/optee/optee_os/out/arm-plat-vexpress/export-user_ta/lib/libmpa.a(mpa_addsub.o)
                0x000091a4                __mpa_abs_add_ackum
 .text.__mpa_abs_sub
                0x000092b0      0x110 /home/rahulmahdev/devel/optee/optee_os/out/arm-plat-vexpress/export-user_ta/lib/libmpa.a(mpa_addsub.o)
                0x000092b0                __mpa_abs_sub
 .text.mpa_add  0x000093c0      0x224 /home/rahulmahdev/devel/optee/optee_os/out/arm-plat-vexpress/export-user_ta/lib/libmpa.a(mpa_addsub.o)
                0x000093c0                mpa_add
 .text.mpa_sub  0x000095e4      0x250 /home/rahulmahdev/devel/optee/optee_os/out/arm-plat-vexpress/export-user_ta/lib/libmpa.a(mpa_addsub.o)
                0x000095e4                mpa_sub
 .text.mpa_neg  0x00009834       0x38 /home/rahulmahdev/devel/optee/optee_os/out/arm-plat-vexpress/export-user_ta/lib/libmpa.a(mpa_addsub.o)
                0x00009834                mpa_neg
 .text.mpa_add_word
                0x0000986c      0x170 /home/rahulmahdev/devel/optee/optee_os/out/arm-plat-vexpress/export-user_ta/lib/libmpa.a(mpa_addsub.o)
                0x0000986c                mpa_add_word
 .text.mpa_sub_word
                0x000099dc      0x174 /home/rahulmahdev/devel/optee/optee_os/out/arm-plat-vexpress/export-user_ta/lib/libmpa.a(mpa_addsub.o)
                0x000099dc                mpa_sub_word
 .text.__mpa_abs_cmp
                0x00009b50      0x100 /home/rahulmahdev/devel/optee/optee_os/out/arm-plat-vexpress/export-user_ta/lib/libmpa.a(mpa_cmp.o)
                0x00009b50                __mpa_abs_cmp
 .text.__mpa_abs_greater_than
                0x00009c50       0x30 /home/rahulmahdev/devel/optee/optee_os/out/arm-plat-vexpress/export-user_ta/lib/libmpa.a(mpa_cmp.o)
                0x00009c50                __mpa_abs_greater_than
 .text.__mpa_abs_less_than
                0x00009c80       0x2c /home/rahulmahdev/devel/optee/optee_os/out/arm-plat-vexpress/export-user_ta/lib/libmpa.a(mpa_cmp.o)
                0x00009c80                __mpa_abs_less_than
 .text.mpa_cmp  0x00009cac       0x90 /home/rahulmahdev/devel/optee/optee_os/out/arm-plat-vexpress/export-user_ta/lib/libmpa.a(mpa_cmp.o)
                0x00009cac                mpa_cmp
 .text.mpa_cmp_short
                0x00009d3c       0xac /home/rahulmahdev/devel/optee/optee_os/out/arm-plat-vexpress/export-user_ta/lib/libmpa.a(mpa_cmp.o)
                0x00009d3c                mpa_cmp_short
 .text.mpa_exp_mod
                0x00009de8      0x16c /home/rahulmahdev/devel/optee/optee_os/out/arm-plat-vexpress/export-user_ta/lib/libmpa.a(mpa_expmod.o)
                0x00009de8                mpa_exp_mod
 .text.mpa_init_static
                0x00009f54       0x4c /home/rahulmahdev/devel/optee/optee_os/out/arm-plat-vexpress/export-user_ta/lib/libmpa.a(mpa_init.o)
                0x00009f54                mpa_init_static
 .text.mpa_init_static_fmm_context
                0x00009fa0       0xb8 /home/rahulmahdev/devel/optee/optee_os/out/arm-plat-vexpress/export-user_ta/lib/libmpa.a(mpa_init.o)
                0x00009fa0                mpa_init_static_fmm_context
 .text.__mpa_isspace
                0x0000a058       0x44 /home/rahulmahdev/devel/optee/optee_os/out/arm-plat-vexpress/export-user_ta/lib/libmpa.a(mpa_io.o)
 .text.__mpa_is_char_in_base
                0x0000a09c       0x8c /home/rahulmahdev/devel/optee/optee_os/out/arm-plat-vexpress/export-user_ta/lib/libmpa.a(mpa_io.o)
 .text.__mpa_digit_value
                0x0000a128       0x58 /home/rahulmahdev/devel/optee/optee_os/out/arm-plat-vexpress/export-user_ta/lib/libmpa.a(mpa_io.o)
 .text.__mpa_digitstr_to_binary_wsize_base_16
                0x0000a180       0x24 /home/rahulmahdev/devel/optee/optee_os/out/arm-plat-vexpress/export-user_ta/lib/libmpa.a(mpa_io.o)
 .text.__mpa_nibble_to_char
                0x0000a1a4       0x50 /home/rahulmahdev/devel/optee/optee_os/out/arm-plat-vexpress/export-user_ta/lib/libmpa.a(mpa_io.o)
 .text.__mpa_word_to_hexstr
                0x0000a1f4       0x6c /home/rahulmahdev/devel/optee/optee_os/out/arm-plat-vexpress/export-user_ta/lib/libmpa.a(mpa_io.o)
 .text.__mpa_mpanum_to_hexstr
                0x0000a260      0x134 /home/rahulmahdev/devel/optee/optee_os/out/arm-plat-vexpress/export-user_ta/lib/libmpa.a(mpa_io.o)
 .text.__mpa_count_leading_zero_bits
                0x0000a394       0x50 /home/rahulmahdev/devel/optee/optee_os/out/arm-plat-vexpress/export-user_ta/lib/libmpa.a(mpa_io.o)
 .text.__mpa_size_in_base_255
                0x0000a3e4       0x6c /home/rahulmahdev/devel/optee/optee_os/out/arm-plat-vexpress/export-user_ta/lib/libmpa.a(mpa_io.o)
 .text.mpa_get_str_size
                0x0000a450       0x14 /home/rahulmahdev/devel/optee/optee_os/out/arm-plat-vexpress/export-user_ta/lib/libmpa.a(mpa_io.o)
                0x0000a450                mpa_get_str_size
 .text.mpa_set_str
                0x0000a464      0x348 /home/rahulmahdev/devel/optee/optee_os/out/arm-plat-vexpress/export-user_ta/lib/libmpa.a(mpa_io.o)
                0x0000a464                mpa_set_str
 .text.mpa_get_str
                0x0000a7ac       0xb8 /home/rahulmahdev/devel/optee/optee_os/out/arm-plat-vexpress/export-user_ta/lib/libmpa.a(mpa_io.o)
                0x0000a7ac                mpa_get_str
 .text.set_word
                0x0000a864       0x68 /home/rahulmahdev/devel/optee/optee_os/out/arm-plat-vexpress/export-user_ta/lib/libmpa.a(mpa_io.o)
 .text.mpa_set_oct_str
                0x0000a8cc      0x100 /home/rahulmahdev/devel/optee/optee_os/out/arm-plat-vexpress/export-user_ta/lib/libmpa.a(mpa_io.o)
                0x0000a8cc                mpa_set_oct_str
 .text.get_word
                0x0000a9cc       0x44 /home/rahulmahdev/devel/optee/optee_os/out/arm-plat-vexpress/export-user_ta/lib/libmpa.a(mpa_io.o)
 .text.mpa_get_oct_str
                0x0000aa10      0x148 /home/rahulmahdev/devel/optee/optee_os/out/arm-plat-vexpress/export-user_ta/lib/libmpa.a(mpa_io.o)
                0x0000aa10                mpa_get_oct_str
 .text.mpa_mod  0x0000ab58       0x44 /home/rahulmahdev/devel/optee/optee_os/out/arm-plat-vexpress/export-user_ta/lib/libmpa.a(mpa_modulus.o)
                0x0000ab58                mpa_mod
 .text.mpa_add_mod
                0x0000ab9c       0x78 /home/rahulmahdev/devel/optee/optee_os/out/arm-plat-vexpress/export-user_ta/lib/libmpa.a(mpa_modulus.o)
                0x0000ab9c                mpa_add_mod
 .text.mpa_sub_mod
                0x0000ac14       0x78 /home/rahulmahdev/devel/optee/optee_os/out/arm-plat-vexpress/export-user_ta/lib/libmpa.a(mpa_modulus.o)
                0x0000ac14                mpa_sub_mod
 .text.mpa_mul_mod
                0x0000ac8c       0x78 /home/rahulmahdev/devel/optee/optee_os/out/arm-plat-vexpress/export-user_ta/lib/libmpa.a(mpa_modulus.o)
                0x0000ac8c                mpa_mul_mod
 .text.mpa_inv_mod
                0x0000ad04      0x12c /home/rahulmahdev/devel/optee/optee_os/out/arm-plat-vexpress/export-user_ta/lib/libmpa.a(mpa_modulus.o)
                0x0000ad04                mpa_inv_mod
 .text          0x0000ae30        0x0 /home/rahulmahdev/devel/optee/build/../quiz_test/out/ta/fact/hello_world_ta.o
 .text          0x0000ae30        0x0 /home/rahulmahdev/devel/optee/build/../quiz_test/out/ta/fact/user_ta_header.o
 .text          0x0000ae30        0x0 /home/rahulmahdev/devel/optee/optee_os/out/arm-plat-vexpress/export-user_ta/lib/libutee.a(user_ta_entry.o)
 .text          0x0000ae30        0x0 /home/rahulmahdev/devel/optee/optee_os/out/arm-plat-vexpress/export-user_ta/lib/libutee.a(tee_api_arith.o)
 .text          0x0000ae30        0x0 /home/rahulmahdev/devel/optee/optee_os/out/arm-plat-vexpress/export-user_ta/lib/libutee.a(tee_api.o)
 .text          0x0000ae30        0x0 /home/rahulmahdev/devel/optee/optee_os/out/arm-plat-vexpress/export-user_ta/lib/libutee.a(utee_misc.o)
 .text          0x0000ae30        0x0 /home/rahulmahdev/devel/optee/optee_os/out/arm-plat-vexpress/export-user_ta/lib/libutee.a(tee_user_mem.o)
 .text          0x0000ae30        0x0 /home/rahulmahdev/devel/optee/optee_os/out/arm-plat-vexpress/export-user_ta/lib/libutee.a(trace_ext.o)
 .text          0x0000ae30        0x0 /home/rahulmahdev/devel/optee/optee_os/out/arm-plat-vexpress/export-user_ta/lib/libutee.a(assert.o)
 .text          0x0000ae30        0x0 /home/rahulmahdev/devel/optee/optee_os/out/arm-plat-vexpress/export-user_ta/lib/libutils.a(bget_malloc.o)
 .text          0x0000ae30        0x0 /home/rahulmahdev/devel/optee/optee_os/out/arm-plat-vexpress/export-user_ta/lib/libutils.a(snprintf.o)
 .text          0x0000ae30        0x0 /home/rahulmahdev/devel/optee/optee_os/out/arm-plat-vexpress/export-user_ta/lib/libutils.a(memchr.o)
 .text          0x0000ae30        0x0 /home/rahulmahdev/devel/optee/optee_os/out/arm-plat-vexpress/export-user_ta/lib/libutils.a(memcmp.o)
 .text          0x0000ae30        0x0 /home/rahulmahdev/devel/optee/optee_os/out/arm-plat-vexpress/export-user_ta/lib/libutils.a(memcpy.o)
 .text          0x0000ae30        0x0 /home/rahulmahdev/devel/optee/optee_os/out/arm-plat-vexpress/export-user_ta/lib/libutils.a(memmove.o)
 .text          0x0000ae30        0x0 /home/rahulmahdev/devel/optee/optee_os/out/arm-plat-vexpress/export-user_ta/lib/libutils.a(memset.o)
 .text          0x0000ae30        0x0 /home/rahulmahdev/devel/optee/optee_os/out/arm-plat-vexpress/export-user_ta/lib/libutils.a(strlen.o)
 .text          0x0000ae30        0x0 /home/rahulmahdev/devel/optee/optee_os/out/arm-plat-vexpress/export-user_ta/lib/libutils.a(arm32_aeabi_ldivmod.o)
 .text          0x0000ae30        0x0 /home/rahulmahdev/devel/optee/optee_os/out/arm-plat-vexpress/export-user_ta/lib/libutils.a(strlcpy.o)
 .text          0x0000ae30        0x0 /home/rahulmahdev/devel/optee/optee_os/out/arm-plat-vexpress/export-user_ta/lib/libutils.a(trace.o)
 .text          0x0000ae30        0x0 /home/rahulmahdev/devel/optee/optee_os/out/arm-plat-vexpress/export-user_ta/lib/libmpa.a(mpa_misc.o)
 .text          0x0000ae30        0x0 /home/rahulmahdev/devel/optee/optee_os/out/arm-plat-vexpress/export-user_ta/lib/libmpa.a(mpa_montgomery.o)
 .text          0x0000ae30        0x0 /home/rahulmahdev/devel/optee/optee_os/out/arm-plat-vexpress/export-user_ta/lib/libmpa.a(mpa_primetest.o)
 .text          0x0000ae30        0x0 /home/rahulmahdev/devel/optee/optee_os/out/arm-plat-vexpress/export-user_ta/lib/libmpa.a(mpa_conv.o)
 .text          0x0000ae30        0x0 /home/rahulmahdev/devel/optee/optee_os/out/arm-plat-vexpress/export-user_ta/lib/libmpa.a(mpa_div.o)
 .text          0x0000ae30        0x0 /home/rahulmahdev/devel/optee/optee_os/out/arm-plat-vexpress/export-user_ta/lib/libmpa.a(mpa_gcd.o)
 .text          0x0000ae30        0x0 /home/rahulmahdev/devel/optee/optee_os/out/arm-plat-vexpress/export-user_ta/lib/libmpa.a(mpa_mem_static.o)
 .text          0x0000ae30        0x0 /home/rahulmahdev/devel/optee/optee_os/out/arm-plat-vexpress/export-user_ta/lib/libmpa.a(mpa_mul.o)
 .text          0x0000ae30        0x0 /home/rahulmahdev/devel/optee/optee_os/out/arm-plat-vexpress/export-user_ta/lib/libmpa.a(mpa_random.o)
 .text          0x0000ae30        0x0 /home/rahulmahdev/devel/optee/optee_os/out/arm-plat-vexpress/export-user_ta/lib/libmpa.a(mpa_shift.o)
 .text          0x0000ae30        0x0 /home/rahulmahdev/devel/optee/optee_os/out/arm-plat-vexpress/export-user_ta/lib/libmpa.a(mpa_addsub.o)
 .text          0x0000ae30        0x0 /home/rahulmahdev/devel/optee/optee_os/out/arm-plat-vexpress/export-user_ta/lib/libmpa.a(mpa_cmp.o)
 .text          0x0000ae30        0x0 /home/rahulmahdev/devel/optee/optee_os/out/arm-plat-vexpress/export-user_ta/lib/libmpa.a(mpa_expmod.o)
 .text          0x0000ae30        0x0 /home/rahulmahdev/devel/optee/optee_os/out/arm-plat-vexpress/export-user_ta/lib/libmpa.a(mpa_init.o)
 .text          0x0000ae30        0x0 /home/rahulmahdev/devel/optee/optee_os/out/arm-plat-vexpress/export-user_ta/lib/libmpa.a(mpa_io.o)
 .text          0x0000ae30        0x0 /home/rahulmahdev/devel/optee/optee_os/out/arm-plat-vexpress/export-user_ta/lib/libmpa.a(mpa_modulus.o)
 *(SORT(.stub))
 *(SORT(.glue_7))
 .glue_7        0x00000000        0x0 linker stubs
 *(SORT(.glue_7t))
 .glue_7t       0x00000000        0x0 linker stubs
 *(SORT(.gnu.linkonce.t.*))
 *(SORT(.vfp11_veneer))
 .vfp11_veneer  0x00000000        0x0 linker stubs

.v4_bx          0x0000ae30        0x0
 .v4_bx         0x00000000        0x0 linker stubs

.iplt           0x0000ae30        0x0
 .iplt          0x00000000        0x0 /home/rahulmahdev/devel/optee/build/../quiz_test/out/ta/fact/hello_world_ta.o

.eh_frame
 *(SORT(.eh_frame))

.rodata         0x0000ae30     0x15ff
 *(SORT(.gnu.linkonce.r.*))
 *(SORT(.rodata) SORT(.rodata.*))
 .rodata.hello_world_ta.c
                0x0000ae30       0x30 /home/rahulmahdev/devel/optee/build/../quiz_test/out/ta/fact/hello_world_ta.o
 .rodata.__func__.4829
                0x0000ae60       0x1c /home/rahulmahdev/devel/optee/build/../quiz_test/out/ta/fact/hello_world_ta.o
 .rodata.__func__.4833
                0x0000ae7c       0x1c /home/rahulmahdev/devel/optee/build/../quiz_test/out/ta/fact/hello_world_ta.o
 .rodata.trace_ext_prefix
                0x0000ae98        0x8 /home/rahulmahdev/devel/optee/build/../quiz_test/out/ta/fact/user_ta_header.o
                0x0000ae98                trace_ext_prefix
 .rodata.ta_heap_size
                0x0000aea0        0x4 /home/rahulmahdev/devel/optee/build/../quiz_test/out/ta/fact/user_ta_header.o
                0x0000aea0                ta_heap_size
 .rodata.__compound_literal.3
                0x0000aea4        0x4 /home/rahulmahdev/devel/optee/build/../quiz_test/out/ta/fact/user_ta_header.o
 .rodata.__compound_literal.4
                0x0000aea8        0x4 /home/rahulmahdev/devel/optee/build/../quiz_test/out/ta/fact/user_ta_header.o
 .rodata.__compound_literal.5
                0x0000aeac        0x4 /home/rahulmahdev/devel/optee/build/../quiz_test/out/ta/fact/user_ta_header.o
 .rodata.user_ta_header.c
                0x0000aeb0       0xf0 /home/rahulmahdev/devel/optee/build/../quiz_test/out/ta/fact/user_ta_header.o
 .rodata.ta_num_props
                0x0000afa0        0x4 /home/rahulmahdev/devel/optee/build/../quiz_test/out/ta/fact/user_ta_header.o
                0x0000afa0                ta_num_props
 .rodata.lib/libutee/tee_api_arith.c
                0x0000afa4       0x60 /home/rahulmahdev/devel/optee/optee_os/out/arm-plat-vexpress/export-user_ta/lib/libutee.a(tee_api_arith.o)
 .rodata.DEFAULT_TEE_MALLOC_HINT
                0x0000b004        0x4 /home/rahulmahdev/devel/optee/optee_os/out/arm-plat-vexpress/export-user_ta/lib/libutee.a(tee_api.o)
 .rodata.DEFAULT_TEE_MALLOC_HINT
                0x0000b008        0x4 /home/rahulmahdev/devel/optee/optee_os/out/arm-plat-vexpress/export-user_ta/lib/libutee.a(tee_user_mem.o)
 .rodata.CANARY_LINE_SIZE
                0x0000b00c        0x4 /home/rahulmahdev/devel/optee/optee_os/out/arm-plat-vexpress/export-user_ta/lib/libutee.a(tee_user_mem.o)
 .rodata.lib/libutee/tee_user_mem.c
                0x0000b010       0xf0 /home/rahulmahdev/devel/optee/optee_os/out/arm-plat-vexpress/export-user_ta/lib/libutee.a(tee_user_mem.o)
 .rodata.__func__.4931
                0x0000b100       0x10 /home/rahulmahdev/devel/optee/optee_os/out/arm-plat-vexpress/export-user_ta/lib/libutee.a(tee_user_mem.o)
 .rodata.__func__.4936
                0x0000b110        0xc /home/rahulmahdev/devel/optee/optee_os/out/arm-plat-vexpress/export-user_ta/lib/libutee.a(tee_user_mem.o)
 .rodata.__func__.4955
                0x0000b11c       0x14 /home/rahulmahdev/devel/optee/optee_os/out/arm-plat-vexpress/export-user_ta/lib/libutee.a(tee_user_mem.o)
 .rodata.__func__.4972
                0x0000b130       0x14 /home/rahulmahdev/devel/optee/optee_os/out/arm-plat-vexpress/export-user_ta/lib/libutee.a(tee_user_mem.o)
 .rodata.__func__.4980
                0x0000b144       0x18 /home/rahulmahdev/devel/optee/optee_os/out/arm-plat-vexpress/export-user_ta/lib/libutee.a(tee_user_mem.o)
 .rodata.__func__.4985
                0x0000b15c       0x14 /home/rahulmahdev/devel/optee/optee_os/out/arm-plat-vexpress/export-user_ta/lib/libutee.a(tee_user_mem.o)
 .rodata.lib/libutee/trace_ext.c
                0x0000b170        0x8 /home/rahulmahdev/devel/optee/optee_os/out/arm-plat-vexpress/export-user_ta/lib/libutee.a(trace_ext.o)
 .rodata.prefix.4674
                0x0000b178        0xc /home/rahulmahdev/devel/optee/optee_os/out/arm-plat-vexpress/export-user_ta/lib/libutee.a(trace_ext.o)
 .rodata.failed.4675
                0x0000b184       0x14 /home/rahulmahdev/devel/optee/optee_os/out/arm-plat-vexpress/export-user_ta/lib/libutee.a(trace_ext.o)
 .rodata.trunc.4676
                0x0000b198        0x8 /home/rahulmahdev/devel/optee/optee_os/out/arm-plat-vexpress/export-user_ta/lib/libutee.a(trace_ext.o)
 .rodata.lib/libutee/assert.c
                0x0000b1a0       0x20 /home/rahulmahdev/devel/optee/optee_os/out/arm-plat-vexpress/export-user_ta/lib/libutee.a(assert.o)
 .rodata.__func__.5139
                0x0000b1c0        0xc /home/rahulmahdev/devel/optee/optee_os/out/arm-plat-vexpress/export-user_ta/lib/libutee.a(assert.o)
 .rodata.lib/libutils/isoc/bget_malloc.c
                0x0000b1cc      0x3f4 /home/rahulmahdev/devel/optee/optee_os/out/arm-plat-vexpress/export-user_ta/lib/libutils.a(bget_malloc.o)
 .rodata.hexdigits
                0x0000b5c0       0x14 /home/rahulmahdev/devel/optee/optee_os/out/arm-plat-vexpress/export-user_ta/lib/libutils.a(snprintf.o)
 .rodata.HEXDIGITS
                0x0000b5d4       0x14 /home/rahulmahdev/devel/optee/optee_os/out/arm-plat-vexpress/export-user_ta/lib/libutils.a(snprintf.o)
 .rodata.lib/libutils/isoc/snprintf.c
                0x0000b5e8       0x24 /home/rahulmahdev/devel/optee/optee_os/out/arm-plat-vexpress/export-user_ta/lib/libutils.a(snprintf.o)
 .rodata.lib/libutils/ext/trace.c
                0x0000b60c       0x2c /home/rahulmahdev/devel/optee/optee_os/out/arm-plat-vexpress/export-user_ta/lib/libutils.a(trace.o)
 .rodata.lvl_strs.4220
                0x0000b638       0x14 /home/rahulmahdev/devel/optee/optee_os/out/arm-plat-vexpress/export-user_ta/lib/libutils.a(trace.o)
 .rodata.const_largest_deci_base
                0x0000b64c        0xc /home/rahulmahdev/devel/optee/optee_os/out/arm-plat-vexpress/export-user_ta/lib/libmpa.a(mpa_misc.o)
                0x0000b64c                const_largest_deci_base
 .rodata.Const_1_LShift_Base
                0x0000b658       0x10 /home/rahulmahdev/devel/optee/optee_os/out/arm-plat-vexpress/export-user_ta/lib/libmpa.a(mpa_misc.o)
                0x0000b658                Const_1_LShift_Base
 .rodata.const_one
                0x0000b668        0xc /home/rahulmahdev/devel/optee/optee_os/out/arm-plat-vexpress/export-user_ta/lib/libmpa.a(mpa_misc.o)
                0x0000b668                const_one
 .rodata.MAX_TABULATED_PRIME
                0x0000b674        0x4 /home/rahulmahdev/devel/optee/optee_os/out/arm-plat-vexpress/export-user_ta/lib/libmpa.a(mpa_primetest.o)
                0x0000b674                MAX_TABULATED_PRIME
 .rodata.NR_STORED_PRIMES
                0x0000b678        0x4 /home/rahulmahdev/devel/optee/optee_os/out/arm-plat-vexpress/export-user_ta/lib/libmpa.a(mpa_primetest.o)
                0x0000b678                NR_STORED_PRIMES
 .rodata.PRIME_TABLE
                0x0000b67c      0xc38 /home/rahulmahdev/devel/optee/optee_os/out/arm-plat-vexpress/export-user_ta/lib/libmpa.a(mpa_primetest.o)
                0x0000b67c                PRIME_TABLE
 .rodata.const_small_prime_factors
                0x0000c2b4       0xb8 /home/rahulmahdev/devel/optee/optee_os/out/arm-plat-vexpress/export-user_ta/lib/libmpa.a(mpa_primetest.o)
 .rodata.const_miller_rabin_proof_limit
                0x0000c36c       0x10 /home/rahulmahdev/devel/optee/optee_os/out/arm-plat-vexpress/export-user_ta/lib/libmpa.a(mpa_primetest.o)
 .rodata.const_two
                0x0000c37c        0xc /home/rahulmahdev/devel/optee/optee_os/out/arm-plat-vexpress/export-user_ta/lib/libmpa.a(mpa_primetest.o)
 .rodata.proof_a.4600
                0x0000c388       0x1c /home/rahulmahdev/devel/optee/optee_os/out/arm-plat-vexpress/export-user_ta/lib/libmpa.a(mpa_primetest.o)
 .rodata.lib/libmpa/mpa_io.c
                0x0000c3a4       0x88 /home/rahulmahdev/devel/optee/optee_os/out/arm-plat-vexpress/export-user_ta/lib/libmpa.a(mpa_io.o)
 .rodata.__compound_literal.0
                0x0000c42c        0x1 /home/rahulmahdev/devel/optee/build/../quiz_test/out/ta/fact/user_ta_header.o
 .rodata.__compound_literal.1
                0x0000c42d        0x1 /home/rahulmahdev/devel/optee/build/../quiz_test/out/ta/fact/user_ta_header.o
 .rodata.__compound_literal.2
                0x0000c42e        0x1 /home/rahulmahdev/devel/optee/build/../quiz_test/out/ta/fact/user_ta_header.o

.gnu.version_d  0x0000c430        0x0
 .gnu.version_d
                0x00000000        0x0 /home/rahulmahdev/devel/optee/build/../quiz_test/out/ta/fact/hello_world_ta.o

.gnu.version    0x0000c430        0x0
 .gnu.version   0x00000000        0x0 /home/rahulmahdev/devel/optee/build/../quiz_test/out/ta/fact/hello_world_ta.o

.gnu.version_r  0x0000c430        0x0
 .gnu.version_r
                0x00000000        0x0 /home/rahulmahdev/devel/optee/build/../quiz_test/out/ta/fact/hello_world_ta.o

.ARM.exidx
 *(SORT(.ARM.exidx*) SORT(.gnu.linkonce.armexidx.*))

.ctors
 *(SORT(.ctors))

.dtors
 *(SORT(.dtors))

.plt            0x0000c430        0x0
 *(SORT(.plt))
 .plt           0x00000000        0x0 /home/rahulmahdev/devel/optee/build/../quiz_test/out/ta/fact/hello_world_ta.o

.got            0x0000c430      0x1c4
 *(SORT(.got.plt))
 .got.plt       0x0000c430        0xc /home/rahulmahdev/devel/optee/build/../quiz_test/out/ta/fact/hello_world_ta.o
                0x0000c430                _GLOBAL_OFFSET_TABLE_
 *(SORT(.got))
 .got           0x0000c43c      0x1b8 /home/rahulmahdev/devel/optee/build/../quiz_test/out/ta/fact/hello_world_ta.o

.rel.text
 *(SORT(.rel.text))
 *(SORT(.rel.gnu.linkonce.t*))

.rela.text
 *(SORT(.rela.text))
 *(SORT(.rela.gnu.linkonce.t*))

.rel.data
 *(SORT(.rel.data))
 *(SORT(.rel.gnu.linkonce.d*))

.rela.data
 *(SORT(.rela.data))
 *(SORT(.rela.gnu.linkonce.d*))

.rel.rodata
 *(SORT(.rel.rodata))
 *(SORT(.rel.gnu.linkonce.r*))

.rela.rodata
 *(SORT(.rela.rodata))
 *(SORT(.rela.gnu.linkonce.r*))

.rel.dyn        0x0000c5f4       0xd0
 *(SORT(.rel.dyn))
 .rel.iplt      0x00000000        0x0 /home/rahulmahdev/devel/optee/build/../quiz_test/out/ta/fact/hello_world_ta.o
 .rel.ta_head   0x0000c5f4       0x18 /home/rahulmahdev/devel/optee/build/../quiz_test/out/ta/fact/hello_world_ta.o
 .rel.data.rel.ro.local.ta_props
                0x0000c60c       0x90 /home/rahulmahdev/devel/optee/build/../quiz_test/out/ta/fact/hello_world_ta.o
 .rel.data.rel.local.ta_sessions
                0x0000c69c        0x8 /home/rahulmahdev/devel/optee/build/../quiz_test/out/ta/fact/hello_world_ta.o
 .rel.text.ta_header_save_params
                0x00000000        0x0 /home/rahulmahdev/devel/optee/build/../quiz_test/out/ta/fact/hello_world_ta.o
 .rel.data.rel.local.mempool
                0x0000c6a4        0x8 /home/rahulmahdev/devel/optee/build/../quiz_test/out/ta/fact/hello_world_ta.o
 .rel.text.TEE_BigIntDiv
                0x00000000        0x0 /home/rahulmahdev/devel/optee/build/../quiz_test/out/ta/fact/hello_world_ta.o
 .rel.text.TEE_BigIntMod
                0x00000000        0x0 /home/rahulmahdev/devel/optee/build/../quiz_test/out/ta/fact/hello_world_ta.o
 .rel.text.TEE_BigIntAddMod
                0x00000000        0x0 /home/rahulmahdev/devel/optee/build/../quiz_test/out/ta/fact/hello_world_ta.o
 .rel.text.TEE_BigIntSubMod
                0x00000000        0x0 /home/rahulmahdev/devel/optee/build/../quiz_test/out/ta/fact/hello_world_ta.o
 .rel.text.TEE_BigIntMulMod
                0x00000000        0x0 /home/rahulmahdev/devel/optee/build/../quiz_test/out/ta/fact/hello_world_ta.o
 .rel.text.TEE_BigIntSquareMod
                0x00000000        0x0 /home/rahulmahdev/devel/optee/build/../quiz_test/out/ta/fact/hello_world_ta.o
 .rel.text.TEE_BigIntInvMod
                0x00000000        0x0 /home/rahulmahdev/devel/optee/build/../quiz_test/out/ta/fact/hello_world_ta.o
 .rel.text.TEE_CloseTASession
                0x00000000        0x0 /home/rahulmahdev/devel/optee/build/../quiz_test/out/ta/fact/hello_world_ta.o
 .rel.text.TEE_InvokeTACommand
                0x00000000        0x0 /home/rahulmahdev/devel/optee/build/../quiz_test/out/ta/fact/hello_world_ta.o
 .rel.text.TEE_UnmaskCancellation
                0x00000000        0x0 /home/rahulmahdev/devel/optee/build/../quiz_test/out/ta/fact/hello_world_ta.o
 .rel.text.TEE_MaskCancellation
                0x00000000        0x0 /home/rahulmahdev/devel/optee/build/../quiz_test/out/ta/fact/hello_world_ta.o
 .rel.text.TEE_GetSystemTime
                0x00000000        0x0 /home/rahulmahdev/devel/optee/build/../quiz_test/out/ta/fact/hello_world_ta.o
 .rel.text.TEE_Wait
                0x00000000        0x0 /home/rahulmahdev/devel/optee/build/../quiz_test/out/ta/fact/hello_world_ta.o
 .rel.text.TEE_GetTAPersistentTime
                0x00000000        0x0 /home/rahulmahdev/devel/optee/build/../quiz_test/out/ta/fact/hello_world_ta.o
 .rel.text.TEE_SetTAPersistentTime
                0x00000000        0x0 /home/rahulmahdev/devel/optee/build/../quiz_test/out/ta/fact/hello_world_ta.o
 .rel.text.TEE_GetREETime
                0x00000000        0x0 /home/rahulmahdev/devel/optee/build/../quiz_test/out/ta/fact/hello_world_ta.o
 .rel.data.rel.local.user_mem_head
                0x0000c6ac        0x8 /home/rahulmahdev/devel/optee/build/../quiz_test/out/ta/fact/hello_world_ta.o
 .rel.text.is_buffer_valid
                0x00000000        0x0 /home/rahulmahdev/devel/optee/build/../quiz_test/out/ta/fact/hello_world_ta.o
 .rel.text.is_mem_coherent
                0x00000000        0x0 /home/rahulmahdev/devel/optee/build/../quiz_test/out/ta/fact/hello_world_ta.o
 .rel.text.tee_user_mem_alloc
                0x00000000        0x0 /home/rahulmahdev/devel/optee/build/../quiz_test/out/ta/fact/hello_world_ta.o
 .rel.text.tee_user_mem_realloc
                0x00000000        0x0 /home/rahulmahdev/devel/optee/build/../quiz_test/out/ta/fact/hello_world_ta.o
 .rel.text.tee_user_mem_free
                0x00000000        0x0 /home/rahulmahdev/devel/optee/build/../quiz_test/out/ta/fact/hello_world_ta.o
 .rel.text.tee_user_mem_status
                0x00000000        0x0 /home/rahulmahdev/devel/optee/build/../quiz_test/out/ta/fact/hello_world_ta.o
 .rel.text.tee_user_mem_garbage
                0x00000000        0x0 /home/rahulmahdev/devel/optee/build/../quiz_test/out/ta/fact/hello_world_ta.o
 .rel.text.printf
                0x00000000        0x0 /home/rahulmahdev/devel/optee/build/../quiz_test/out/ta/fact/hello_world_ta.o
 .rel.text.puts
                0x00000000        0x0 /home/rahulmahdev/devel/optee/build/../quiz_test/out/ta/fact/hello_world_ta.o
 .rel.data.rel.local.freelist
                0x0000c6b4       0x10 /home/rahulmahdev/devel/optee/build/../quiz_test/out/ta/fact/hello_world_ta.o
 .rel.text.bgetz
                0x00000000        0x0 /home/rahulmahdev/devel/optee/build/../quiz_test/out/ta/fact/hello_world_ta.o
 .rel.text.bgetr
                0x00000000        0x0 /home/rahulmahdev/devel/optee/build/../quiz_test/out/ta/fact/hello_world_ta.o
 .rel.text.raw_malloc
                0x00000000        0x0 /home/rahulmahdev/devel/optee/build/../quiz_test/out/ta/fact/hello_world_ta.o
 .rel.text.raw_free
                0x00000000        0x0 /home/rahulmahdev/devel/optee/build/../quiz_test/out/ta/fact/hello_world_ta.o
 .rel.text.raw_calloc
                0x00000000        0x0 /home/rahulmahdev/devel/optee/build/../quiz_test/out/ta/fact/hello_world_ta.o
 .rel.text.raw_realloc
                0x00000000        0x0 /home/rahulmahdev/devel/optee/build/../quiz_test/out/ta/fact/hello_world_ta.o
 .rel.text.raw_memalign
                0x00000000        0x0 /home/rahulmahdev/devel/optee/build/../quiz_test/out/ta/fact/hello_world_ta.o
 .rel.text.malloc_init
                0x00000000        0x0 /home/rahulmahdev/devel/optee/build/../quiz_test/out/ta/fact/hello_world_ta.o
 .rel.text.malloc_add_pool
                0x00000000        0x0 /home/rahulmahdev/devel/optee/build/../quiz_test/out/ta/fact/hello_world_ta.o
 .rel.text.snprintf
                0x00000000        0x0 /home/rahulmahdev/devel/optee/build/../quiz_test/out/ta/fact/hello_world_ta.o
 .rel.text.mpa_abs
                0x00000000        0x0 /home/rahulmahdev/devel/optee/build/../quiz_test/out/ta/fact/hello_world_ta.o
 .rel.text.mpa_constant_one
                0x00000000        0x0 /home/rahulmahdev/devel/optee/build/../quiz_test/out/ta/fact/hello_world_ta.o
 .rel.text.__mpa_montgomery_mul
                0x00000000        0x0 /home/rahulmahdev/devel/optee/build/../quiz_test/out/ta/fact/hello_world_ta.o
 .rel.text.mpa_montgomery_mul
                0x00000000        0x0 /home/rahulmahdev/devel/optee/build/../quiz_test/out/ta/fact/hello_world_ta.o
 .rel.text.check_table
                0x00000000        0x0 /home/rahulmahdev/devel/optee/build/../quiz_test/out/ta/fact/hello_world_ta.o
 .rel.text.__mpa_div_q_r_internal
                0x00000000        0x0 /home/rahulmahdev/devel/optee/build/../quiz_test/out/ta/fact/hello_world_ta.o
 .rel.text.__mpa_div_q_r_internal_word
                0x00000000        0x0 /home/rahulmahdev/devel/optee/build/../quiz_test/out/ta/fact/hello_world_ta.o
 .rel.text.__mpa_div_q_r
                0x00000000        0x0 /home/rahulmahdev/devel/optee/build/../quiz_test/out/ta/fact/hello_world_ta.o
 .rel.text.mpa_div
                0x00000000        0x0 /home/rahulmahdev/devel/optee/build/../quiz_test/out/ta/fact/hello_world_ta.o
 .rel.text.mpa_extended_gcd
                0x00000000        0x0 /home/rahulmahdev/devel/optee/build/../quiz_test/out/ta/fact/hello_world_ta.o
 .rel.text.mpa_alloc_static_temp_var
                0x00000000        0x0 /home/rahulmahdev/devel/optee/build/../quiz_test/out/ta/fact/hello_world_ta.o
 .rel.text.__mpa_abs_mul_word
                0x00000000        0x0 /home/rahulmahdev/devel/optee/build/../quiz_test/out/ta/fact/hello_world_ta.o
 .rel.text.__mpa_abs_mul
                0x00000000        0x0 /home/rahulmahdev/devel/optee/build/../quiz_test/out/ta/fact/hello_world_ta.o
 .rel.text.mpa_mul
                0x00000000        0x0 /home/rahulmahdev/devel/optee/build/../quiz_test/out/ta/fact/hello_world_ta.o
 .rel.text.mpa_mul_word
                0x00000000        0x0 /home/rahulmahdev/devel/optee/build/../quiz_test/out/ta/fact/hello_world_ta.o
 .rel.text.__mpa_abs_add
                0x00000000        0x0 /home/rahulmahdev/devel/optee/build/../quiz_test/out/ta/fact/hello_world_ta.o
 .rel.text.__mpa_abs_add_ackum
                0x00000000        0x0 /home/rahulmahdev/devel/optee/build/../quiz_test/out/ta/fact/hello_world_ta.o
 .rel.text.__mpa_abs_sub
                0x00000000        0x0 /home/rahulmahdev/devel/optee/build/../quiz_test/out/ta/fact/hello_world_ta.o
 .rel.text.mpa_add
                0x00000000        0x0 /home/rahulmahdev/devel/optee/build/../quiz_test/out/ta/fact/hello_world_ta.o
 .rel.text.mpa_sub
                0x00000000        0x0 /home/rahulmahdev/devel/optee/build/../quiz_test/out/ta/fact/hello_world_ta.o
 .rel.text.mpa_add_word
                0x00000000        0x0 /home/rahulmahdev/devel/optee/build/../quiz_test/out/ta/fact/hello_world_ta.o
 .rel.text.mpa_sub_word
                0x00000000        0x0 /home/rahulmahdev/devel/optee/build/../quiz_test/out/ta/fact/hello_world_ta.o
 .rel.text.__mpa_abs_greater_than
                0x00000000        0x0 /home/rahulmahdev/devel/optee/build/../quiz_test/out/ta/fact/hello_world_ta.o
 .rel.text.__mpa_abs_less_than
                0x00000000        0x0 /home/rahulmahdev/devel/optee/build/../quiz_test/out/ta/fact/hello_world_ta.o
 .rel.text.mpa_cmp
                0x00000000        0x0 /home/rahulmahdev/devel/optee/build/../quiz_test/out/ta/fact/hello_world_ta.o

.rel.got        0x0000c6c4      0x370
 *(SORT(.rel.got))
 .rel.got       0x0000c6c4      0x370 /home/rahulmahdev/devel/optee/build/../quiz_test/out/ta/fact/hello_world_ta.o

.rela.got
 *(SORT(.rela.got))

.rel.ctors
 *(SORT(.rel.ctors))

.rela.ctors
 *(SORT(.rela.ctors))

.rel.dtors
 *(SORT(.rel.dtors))

.rela.dtors
 *(SORT(.rela.dtors))

.rel.init
 *(SORT(.rel.init))

.rela.init
 *(SORT(.rela.init))

.rel.fini
 *(SORT(.rel.fini))

.rela.fini
 *(SORT(.rela.fini))

.rel.bss
 *(SORT(.rel.bss))

.rela.bss
 *(SORT(.rela.bss))

.rel.plt        0x0000ca34        0x0
 *(SORT(.rel.plt))
 .rel.plt       0x00000000        0x0 /home/rahulmahdev/devel/optee/build/../quiz_test/out/ta/fact/hello_world_ta.o

.rela.plt
 *(SORT(.rela.plt))
                0x0000d000                . = ALIGN (0x1000)

.data           0x0000d000       0x98
 *(SORT(.data) SORT(.data.*) SORT(.gnu.linkonce.d.*))
 .data.trace_level
                0x0000d000        0x4 /home/rahulmahdev/devel/optee/build/../quiz_test/out/ta/fact/user_ta_header.o
                0x0000d000                trace_level
 .data.rel.ro.local.ta_props
                0x0000d004       0x6c /home/rahulmahdev/devel/optee/build/../quiz_test/out/ta/fact/user_ta_header.o
                0x0000d004                ta_props
 .data.rel.local.ta_sessions
                0x0000d070        0x8 /home/rahulmahdev/devel/optee/optee_os/out/arm-plat-vexpress/export-user_ta/lib/libutee.a(user_ta_entry.o)
 .data.rel.local.mempool
                0x0000d078        0x4 /home/rahulmahdev/devel/optee/optee_os/out/arm-plat-vexpress/export-user_ta/lib/libutee.a(tee_api_arith.o)
 .data.ARTIST   0x0000d07c        0x4 /home/rahulmahdev/devel/optee/optee_os/out/arm-plat-vexpress/export-user_ta/lib/libutee.a(tee_user_mem.o)
 .data.rel.local.user_mem_head
                0x0000d080        0x8 /home/rahulmahdev/devel/optee/optee_os/out/arm-plat-vexpress/export-user_ta/lib/libutee.a(tee_user_mem.o)
                0x0000d080                user_mem_head
 .data.rel.local.freelist
                0x0000d088       0x10 /home/rahulmahdev/devel/optee/optee_os/out/arm-plat-vexpress/export-user_ta/lib/libutils.a(bget_malloc.o)
 .data          0x0000d098        0x0 /home/rahulmahdev/devel/optee/build/../quiz_test/out/ta/fact/hello_world_ta.o
 .data          0x0000d098        0x0 /home/rahulmahdev/devel/optee/build/../quiz_test/out/ta/fact/user_ta_header.o
 .data          0x0000d098        0x0 /home/rahulmahdev/devel/optee/optee_os/out/arm-plat-vexpress/export-user_ta/lib/libutee.a(user_ta_entry.o)
 .data          0x0000d098        0x0 /home/rahulmahdev/devel/optee/optee_os/out/arm-plat-vexpress/export-user_ta/lib/libutee.a(utee_syscalls_asm.o)
 .data          0x0000d098        0x0 /home/rahulmahdev/devel/optee/optee_os/out/arm-plat-vexpress/export-user_ta/lib/libutee.a(tee_api_arith.o)
 .data          0x0000d098        0x0 /home/rahulmahdev/devel/optee/optee_os/out/arm-plat-vexpress/export-user_ta/lib/libutee.a(tee_api.o)
 .data          0x0000d098        0x0 /home/rahulmahdev/devel/optee/optee_os/out/arm-plat-vexpress/export-user_ta/lib/libutee.a(utee_misc.o)
 .data          0x0000d098        0x0 /home/rahulmahdev/devel/optee/optee_os/out/arm-plat-vexpress/export-user_ta/lib/libutee.a(tee_user_mem.o)
 .data          0x0000d098        0x0 /home/rahulmahdev/devel/optee/optee_os/out/arm-plat-vexpress/export-user_ta/lib/libutee.a(trace_ext.o)
 .data          0x0000d098        0x0 /home/rahulmahdev/devel/optee/optee_os/out/arm-plat-vexpress/export-user_ta/lib/libutee.a(assert.o)
 .data          0x0000d098        0x0 /home/rahulmahdev/devel/optee/optee_os/out/arm-plat-vexpress/export-user_ta/lib/libutils.a(bget_malloc.o)
 .data          0x0000d098        0x0 /home/rahulmahdev/devel/optee/optee_os/out/arm-plat-vexpress/export-user_ta/lib/libutils.a(snprintf.o)
 .data          0x0000d098        0x0 /home/rahulmahdev/devel/optee/optee_os/out/arm-plat-vexpress/export-user_ta/lib/libutils.a(memchr.o)
 .data          0x0000d098        0x0 /home/rahulmahdev/devel/optee/optee_os/out/arm-plat-vexpress/export-user_ta/lib/libutils.a(memcmp.o)
 .data          0x0000d098        0x0 /home/rahulmahdev/devel/optee/optee_os/out/arm-plat-vexpress/export-user_ta/lib/libutils.a(memcpy.o)
 .data          0x0000d098        0x0 /home/rahulmahdev/devel/optee/optee_os/out/arm-plat-vexpress/export-user_ta/lib/libutils.a(memmove.o)
 .data          0x0000d098        0x0 /home/rahulmahdev/devel/optee/optee_os/out/arm-plat-vexpress/export-user_ta/lib/libutils.a(memset.o)
 .data          0x0000d098        0x0 /home/rahulmahdev/devel/optee/optee_os/out/arm-plat-vexpress/export-user_ta/lib/libutils.a(strlen.o)
 .data          0x0000d098        0x0 /home/rahulmahdev/devel/optee/optee_os/out/arm-plat-vexpress/export-user_ta/lib/libutils.a(arm32_aeabi_ldivmod_a32.o)
 .data          0x0000d098        0x0 /home/rahulmahdev/devel/optee/optee_os/out/arm-plat-vexpress/export-user_ta/lib/libutils.a(arm32_aeabi_ldivmod.o)
 .data          0x0000d098        0x0 /home/rahulmahdev/devel/optee/optee_os/out/arm-plat-vexpress/export-user_ta/lib/libutils.a(strlcpy.o)
 .data          0x0000d098        0x0 /home/rahulmahdev/devel/optee/optee_os/out/arm-plat-vexpress/export-user_ta/lib/libutils.a(trace.o)
 .data          0x0000d098        0x0 /home/rahulmahdev/devel/optee/optee_os/out/arm-plat-vexpress/export-user_ta/lib/libmpa.a(mpa_misc.o)
 .data          0x0000d098        0x0 /home/rahulmahdev/devel/optee/optee_os/out/arm-plat-vexpress/export-user_ta/lib/libmpa.a(mpa_montgomery.o)
 .data          0x0000d098        0x0 /home/rahulmahdev/devel/optee/optee_os/out/arm-plat-vexpress/export-user_ta/lib/libmpa.a(mpa_primetest.o)
 .data          0x0000d098        0x0 /home/rahulmahdev/devel/optee/optee_os/out/arm-plat-vexpress/export-user_ta/lib/libmpa.a(mpa_conv.o)
 .data          0x0000d098        0x0 /home/rahulmahdev/devel/optee/optee_os/out/arm-plat-vexpress/export-user_ta/lib/libmpa.a(mpa_div.o)
 .data          0x0000d098        0x0 /home/rahulmahdev/devel/optee/optee_os/out/arm-plat-vexpress/export-user_ta/lib/libmpa.a(mpa_gcd.o)
 .data          0x0000d098        0x0 /home/rahulmahdev/devel/optee/optee_os/out/arm-plat-vexpress/export-user_ta/lib/libmpa.a(mpa_mem_static.o)
 .data          0x0000d098        0x0 /home/rahulmahdev/devel/optee/optee_os/out/arm-plat-vexpress/export-user_ta/lib/libmpa.a(mpa_mul.o)
 .data          0x0000d098        0x0 /home/rahulmahdev/devel/optee/optee_os/out/arm-plat-vexpress/export-user_ta/lib/libmpa.a(mpa_random.o)
 .data          0x0000d098        0x0 /home/rahulmahdev/devel/optee/optee_os/out/arm-plat-vexpress/export-user_ta/lib/libmpa.a(mpa_shift.o)
 .data          0x0000d098        0x0 /home/rahulmahdev/devel/optee/optee_os/out/arm-plat-vexpress/export-user_ta/lib/libmpa.a(mpa_addsub.o)
 .data          0x0000d098        0x0 /home/rahulmahdev/devel/optee/optee_os/out/arm-plat-vexpress/export-user_ta/lib/libmpa.a(mpa_cmp.o)
 .data          0x0000d098        0x0 /home/rahulmahdev/devel/optee/optee_os/out/arm-plat-vexpress/export-user_ta/lib/libmpa.a(mpa_expmod.o)
 .data          0x0000d098        0x0 /home/rahulmahdev/devel/optee/optee_os/out/arm-plat-vexpress/export-user_ta/lib/libmpa.a(mpa_init.o)
 .data          0x0000d098        0x0 /home/rahulmahdev/devel/optee/optee_os/out/arm-plat-vexpress/export-user_ta/lib/libmpa.a(mpa_io.o)
 .data          0x0000d098        0x0 /home/rahulmahdev/devel/optee/optee_os/out/arm-plat-vexpress/export-user_ta/lib/libmpa.a(mpa_modulus.o)

.igot.plt       0x0000d098        0x0
 .igot.plt      0x00000000        0x0 /home/rahulmahdev/devel/optee/build/../quiz_test/out/ta/fact/hello_world_ta.o

.bss            0x0000d098     0xab19
 *(SORT(.bss) SORT(.bss.*) SORT(.gnu.linkonce.b.*) SORT(COMMON))
 .bss.ta_heap   0x0000d098     0x8000 /home/rahulmahdev/devel/optee/build/../quiz_test/out/ta/fact/user_ta_header.o
                0x0000d098                ta_heap
 .bss.ta_ref_count
                0x00015098        0x4 /home/rahulmahdev/devel/optee/optee_os/out/arm-plat-vexpress/export-user_ta/lib/libutee.a(user_ta_entry.o)
 .bss.ta_param_types
                0x0001509c        0x4 /home/rahulmahdev/devel/optee/optee_os/out/arm-plat-vexpress/export-user_ta/lib/libutee.a(user_ta_entry.o)
                0x0001509c                ta_param_types
 .bss.ta_params
                0x000150a0       0x20 /home/rahulmahdev/devel/optee/optee_os/out/arm-plat-vexpress/export-user_ta/lib/libutee.a(user_ta_entry.o)
                0x000150a0                ta_params
 .bss.mempool_u32
                0x000150c0     0x1ad0 /home/rahulmahdev/devel/optee/optee_os/out/arm-plat-vexpress/export-user_ta/lib/libutee.a(tee_api_arith.o)
 .bss.tee_api_instance_data
                0x00016b90        0x4 /home/rahulmahdev/devel/optee/optee_os/out/arm-plat-vexpress/export-user_ta/lib/libutee.a(tee_api.o)
 .bss.heap_level
                0x00016b94        0x4 /home/rahulmahdev/devel/optee/optee_os/out/arm-plat-vexpress/export-user_ta/lib/libutee.a(tee_user_mem.o)
 .bss.global_stats
                0x00016b98        0x8 /home/rahulmahdev/devel/optee/optee_os/out/arm-plat-vexpress/export-user_ta/lib/libutee.a(tee_user_mem.o)
 .bss.malloc_pool
                0x00016ba0        0x4 /home/rahulmahdev/devel/optee/optee_os/out/arm-plat-vexpress/export-user_ta/lib/libutils.a(bget_malloc.o)
 .bss.malloc_pool_len
                0x00016ba4        0x4 /home/rahulmahdev/devel/optee/optee_os/out/arm-plat-vexpress/export-user_ta/lib/libutils.a(bget_malloc.o)
 .bss.get_rng_array
                0x00016ba8        0x4 /home/rahulmahdev/devel/optee/optee_os/out/arm-plat-vexpress/export-user_ta/lib/libmpa.a(mpa_random.o)
 .bss.buf.4637  0x00016bac     0x1004 /home/rahulmahdev/devel/optee/optee_os/out/arm-plat-vexpress/export-user_ta/lib/libmpa.a(mpa_io.o)
 .bss           0x00017bb0        0x0 /home/rahulmahdev/devel/optee/build/../quiz_test/out/ta/fact/hello_world_ta.o
 .bss           0x00017bb0        0x0 /home/rahulmahdev/devel/optee/build/../quiz_test/out/ta/fact/user_ta_header.o
 .bss           0x00017bb0        0x0 /home/rahulmahdev/devel/optee/optee_os/out/arm-plat-vexpress/export-user_ta/lib/libutee.a(user_ta_entry.o)
 .bss.context_init
                0x00017bb0        0x1 /home/rahulmahdev/devel/optee/optee_os/out/arm-plat-vexpress/export-user_ta/lib/libutee.a(user_ta_entry.o)
 .bss           0x00017bb1        0x0 /home/rahulmahdev/devel/optee/optee_os/out/arm-plat-vexpress/export-user_ta/lib/libutee.a(utee_syscalls_asm.o)
 .bss           0x00017bb1        0x0 /home/rahulmahdev/devel/optee/optee_os/out/arm-plat-vexpress/export-user_ta/lib/libutee.a(tee_api_arith.o)
 .bss           0x00017bb1        0x0 /home/rahulmahdev/devel/optee/optee_os/out/arm-plat-vexpress/export-user_ta/lib/libutee.a(tee_api.o)
 .bss           0x00017bb1        0x0 /home/rahulmahdev/devel/optee/optee_os/out/arm-plat-vexpress/export-user_ta/lib/libutee.a(utee_misc.o)
 .bss           0x00017bb1        0x0 /home/rahulmahdev/devel/optee/optee_os/out/arm-plat-vexpress/export-user_ta/lib/libutee.a(tee_user_mem.o)
 .bss           0x00017bb1        0x0 /home/rahulmahdev/devel/optee/optee_os/out/arm-plat-vexpress/export-user_ta/lib/libutee.a(trace_ext.o)
 .bss           0x00017bb1        0x0 /home/rahulmahdev/devel/optee/optee_os/out/arm-plat-vexpress/export-user_ta/lib/libutee.a(assert.o)
 .bss           0x00017bb1        0x0 /home/rahulmahdev/devel/optee/optee_os/out/arm-plat-vexpress/export-user_ta/lib/libutils.a(bget_malloc.o)
 .bss           0x00017bb1        0x0 /home/rahulmahdev/devel/optee/optee_os/out/arm-plat-vexpress/export-user_ta/lib/libutils.a(snprintf.o)
 .bss           0x00017bb1        0x0 /home/rahulmahdev/devel/optee/optee_os/out/arm-plat-vexpress/export-user_ta/lib/libutils.a(memchr.o)
 .bss           0x00017bb1        0x0 /home/rahulmahdev/devel/optee/optee_os/out/arm-plat-vexpress/export-user_ta/lib/libutils.a(memcmp.o)
 .bss           0x00017bb1        0x0 /home/rahulmahdev/devel/optee/optee_os/out/arm-plat-vexpress/export-user_ta/lib/libutils.a(memcpy.o)
 .bss           0x00017bb1        0x0 /home/rahulmahdev/devel/optee/optee_os/out/arm-plat-vexpress/export-user_ta/lib/libutils.a(memmove.o)
 .bss           0x00017bb1        0x0 /home/rahulmahdev/devel/optee/optee_os/out/arm-plat-vexpress/export-user_ta/lib/libutils.a(memset.o)
 .bss           0x00017bb1        0x0 /home/rahulmahdev/devel/optee/optee_os/out/arm-plat-vexpress/export-user_ta/lib/libutils.a(strlen.o)
 .bss           0x00017bb1        0x0 /home/rahulmahdev/devel/optee/optee_os/out/arm-plat-vexpress/export-user_ta/lib/libutils.a(arm32_aeabi_ldivmod_a32.o)
 .bss           0x00017bb1        0x0 /home/rahulmahdev/devel/optee/optee_os/out/arm-plat-vexpress/export-user_ta/lib/libutils.a(arm32_aeabi_ldivmod.o)
 .bss           0x00017bb1        0x0 /home/rahulmahdev/devel/optee/optee_os/out/arm-plat-vexpress/export-user_ta/lib/libutils.a(strlcpy.o)
 .bss           0x00017bb1        0x0 /home/rahulmahdev/devel/optee/optee_os/out/arm-plat-vexpress/export-user_ta/lib/libutils.a(trace.o)
 .bss           0x00017bb1        0x0 /home/rahulmahdev/devel/optee/optee_os/out/arm-plat-vexpress/export-user_ta/lib/libmpa.a(mpa_misc.o)
 .bss           0x00017bb1        0x0 /home/rahulmahdev/devel/optee/optee_os/out/arm-plat-vexpress/export-user_ta/lib/libmpa.a(mpa_montgomery.o)