Archive member included because of file (symbol)

/home/rahulmahdev/devel/optee/optee_os/out/arm-plat-vexpress/export-user_ta/lib/libutee.a(user_ta_entry.o)
                              /home/rahulmahdev/devel/optee/build/../quiz_test/out/ta/fact/user_ta_header.o (ta_entry_open_session)
/home/rahulmahdev/devel/optee/optee_os/out/arm-plat-vexpress/export-user_ta/lib/libutee.a(utee_syscalls_asm.o)
                              /home/rahulmahdev/devel/optee/optee_os/out/arm-plat-vexpress/export-user_ta/lib/libutee.a(user_ta_entry.o) (utee_return)
/home/rahulmahdev/devel/optee/optee_os/out/arm-plat-vexpress/export-user_ta/lib/libutee.a(tee_api_arith.o)
                              /home/rahulmahdev/devel/optee/optee_os/out/arm-plat-vexpress/export-user_ta/lib/libutee.a(user_ta_entry.o) (_TEE_MathAPI_Init)
/home/rahulmahdev/devel/optee/optee_os/out/arm-plat-vexpress/export-user_ta/lib/libutee.a(tee_api.o)
                              /home/rahulmahdev/devel/optee/optee_os/out/arm-plat-vexpress/export-user_ta/lib/libutee.a(tee_api_arith.o) (TEE_Panic)
/home/rahulmahdev/devel/optee/optee_os/out/arm-plat-vexpress/export-user_ta/lib/libutee.a(utee_misc.o)
                              /home/rahulmahdev/devel/optee/optee_os/out/arm-plat-vexpress/export-user_ta/lib/libutee.a(tee_api_arith.o) (get_rng_array)
/home/rahulmahdev/devel/optee/optee_os/out/arm-plat-vexpress/export-user_ta/lib/libutee.a(tee_user_mem.o)
                              /home/rahulmahdev/devel/optee/optee_os/out/arm-plat-vexpress/export-user_ta/lib/libutee.a(tee_api.o) (tee_user_mem_alloc)
/home/rahulmahdev/devel/optee/optee_os/out/arm-plat-vexpress/export-user_ta/lib/libutee.a(trace_ext.o)
                              /home/rahulmahdev/devel/optee/optee_os/out/arm-plat-vexpress/export-user_ta/lib/libutee.a(tee_api_arith.o) (printf)
/home/rahulmahdev/devel/optee/optee_os/out/arm-plat-vexpress/export-user_ta/lib/libutee.a(assert.o)
                              /home/rahulmahdev/devel/optee/optee_os/out/arm-plat-vexpress/export-user_ta/lib/libutee.a(tee_user_mem.o) (_assert_log)
/home/rahulmahdev/devel/optee/optee_os/out/arm-plat-vexpress/export-user_ta/lib/libutils.a(bget_malloc.o)
                              /home/rahulmahdev/devel/optee/optee_os/out/arm-plat-vexpress/export-user_ta/lib/libutee.a(utee_misc.o) (malloc)
/home/rahulmahdev/devel/optee/optee_os/out/arm-plat-vexpress/export-user_ta/lib/libutils.a(snprintf.o)
                              /home/rahulmahdev/devel/optee/optee_os/out/arm-plat-vexpress/export-user_ta/lib/libutee.a(trace_ext.o) (vsnprintf)
/home/rahulmahdev/devel/optee/optee_os/out/arm-plat-vexpress/export-user_ta/lib/libutils.a(memchr.o)
                              /home/rahulmahdev/devel/optee/optee_os/out/arm-plat-vexpress/export-user_ta/lib/libutils.a(snprintf.o) (memchr)
/home/rahulmahdev/devel/optee/optee_os/out/arm-plat-vexpress/export-user_ta/lib/libutils.a(memcmp.o)
                              /home/rahulmahdev/devel/optee/optee_os/out/arm-plat-vexpress/export-user_ta/lib/libutee.a(tee_api.o) (memcmp)
/home/rahulmahdev/devel/optee/optee_os/out/arm-plat-vexpress/export-user_ta/lib/libutils.a(memcpy.o)
                              /home/rahulmahdev/devel/optee/optee_os/out/arm-plat-vexpress/export-user_ta/lib/libutee.a(user_ta_entry.o) (memcpy)
/home/rahulmahdev/devel/optee/optee_os/out/arm-plat-vexpress/export-user_ta/lib/libutils.a(memmove.o)
                              /home/rahulmahdev/devel/optee/optee_os/out/arm-plat-vexpress/export-user_ta/lib/libutee.a(tee_api.o) (memmove)
/home/rahulmahdev/devel/optee/optee_os/out/arm-plat-vexpress/export-user_ta/lib/libutils.a(memset.o)
                              /home/rahulmahdev/devel/optee/optee_os/out/arm-plat-vexpress/export-user_ta/lib/libutee.a(user_ta_entry.o) (memset)
/home/rahulmahdev/devel/optee/optee_os/out/arm-plat-vexpress/export-user_ta/lib/libutils.a(strlen.o)
                              /home/rahulmahdev/devel/optee/optee_os/out/arm-plat-vexpress/export-user_ta/lib/libutee.a(trace_ext.o) (strlen)
/home/rahulmahdev/devel/optee/optee_os/out/arm-plat-vexpress/export-user_ta/lib/libutils.a(arm32_aeabi_ldivmod_a32.o)
                              /home/rahulmahdev/devel/optee/optee_os/out/arm-plat-vexpress/export-user_ta/lib/libutils.a(snprintf.o) (__aeabi_uldivmod)
/home/rahulmahdev/devel/optee/optee_os/out/arm-plat-vexpress/export-user_ta/lib/libutils.a(arm32_aeabi_ldivmod.o)
                              /home/rahulmahdev/devel/optee/optee_os/out/arm-plat-vexpress/export-user_ta/lib/libutils.a(arm32_aeabi_ldivmod_a32.o) (__ul_divmod)
/home/rahulmahdev/devel/optee/optee_os/out/arm-plat-vexpress/export-user_ta/lib/libutils.a(strlcpy.o)
                              /home/rahulmahdev/devel/optee/optee_os/out/arm-plat-vexpress/export-user_ta/lib/libutee.a(trace_ext.o) (strlcpy)
/home/rahulmahdev/devel/optee/optee_os/out/arm-plat-vexpress/export-user_ta/lib/libutils.a(trace.o)
[...]
Memory Configuration

Name             Origin             Length             Attributes
*default*        0x00000000         0xffffffff

Linker script and memory map


.ta_head        0x00000000       0x24
 *(SORT(.ta_head))
 .ta_head       0x00000000       0x24 /home/rahulmahdev/devel/optee/build/../quiz_test/out/ta/fact/user_ta_header.o
                0x00000000                ta_head

.text           0x00000024     0xadc4
 *(SORT(.text) SORT(.text.*))
 .text.TA_CreateEntryPoint
                0x00000024       0x14 /home/rahulmahdev/devel/optee/build/../quiz_test/out/ta/fact/hello_world_ta.o
                0x00000024                TA_CreateEntryPoint
 .text.TA_DestroyEntryPoint
                0x00000038       0x10 /home/rahulmahdev/devel/optee/build/../quiz_test/out/ta/fact/hello_world_ta.o
                0x00000038                TA_DestroyEntryPoint
 .text.TA_OpenSessionEntryPoint
                0x00000048       0x70 /home/rahulmahdev/devel/optee/build/../quiz_test/out/ta/fact/hello_world_ta.o
                0x00000048                TA_OpenSessionEntryPoint
 .text.TA_CloseSessionEntryPoint
                0x000000b8       0x4c /home/rahulmahdev/devel/optee/build/../quiz_test/out/ta/fact/hello_world_ta.o
                0x000000b8                TA_CloseSessionEntryPoint
 .text.get_question
                0x00000104       0x44 /home/rahulmahdev/devel/optee/build/../quiz_test/out/ta/fact/hello_world_ta.o
 .text.TA_InvokeCommandEntryPoint
                0x00000148       0x3c /home/rahulmahdev/devel/optee/build/../quiz_test/out/ta/fact/hello_world_ta.o
                0x00000148                TA_InvokeCommandEntryPoint
 .text.tahead_get_trace_level
                0x00000184       0x14 /home/rahulmahdev/devel/optee/build/../quiz_test/out/ta/fact/user_ta_header.o
                0x00000184                tahead_get_trace_level
 .text.ta_header_save_params
                0x00000198       0x70 /home/rahulmahdev/devel/optee/optee_os/out/arm-plat-vexpress/export-user_ta/lib/libutee.a(user_ta_entry.o)
 .text.ta_header_get_session
                0x00000208       0x44 /home/rahulmahdev/devel/optee/optee_os/out/arm-plat-vexpress/export-user_ta/lib/libutee.a(user_ta_entry.o)
 .text.ta_header_add_session
                0x0000024c      0x14c /home/rahulmahdev/devel/optee/optee_os/out/arm-plat-vexpress/export-user_ta/lib/libutee.a(user_ta_entry.o)
 .text.ta_header_remove_session
                0x00000398       0xb8 /home/rahulmahdev/devel/optee/optee_os/out/arm-plat-vexpress/export-user_ta/lib/libutee.a(user_ta_entry.o)
 .text.ta_entry_open_session
                0x00000450       0xa0 /home/rahulmahdev/devel/optee/optee_os/out/arm-plat-vexpress/export-user_ta/lib/libutee.a(user_ta_entry.o)
                0x00000450                ta_entry_open_session
 .text.ta_entry_close_session
                0x000004f0       0x64 /home/rahulmahdev/devel/optee/optee_os/out/arm-plat-vexpress/export-user_ta/lib/libutee.a(user_ta_entry.o)
                0x000004f0                ta_entry_close_session
 .text.ta_entry_invoke_command
                0x00000554       0x80 /home/rahulmahdev/devel/optee/optee_os/out/arm-plat-vexpress/export-user_ta/lib/libutee.a(user_ta_entry.o)
                0x00000554                ta_entry_invoke_command
 .text          0x000005d4      0x5f4 /home/rahulmahdev/devel/optee/optee_os/out/arm-plat-vexpress/export-user_ta/lib/libutee.a(utee_syscalls_asm.o)
                0x000005d4                utee_return
                0x000005e8                utee_log
                0x000005fc                utee_panic
                0x00000610                utee_dummy
                0x00000624                utee_dummy_7args
                0x0000063c                utee_nocall
                0x00000650                utee_get_property
                0x00000664                utee_open_ta_session
                0x0000067c                utee_close_ta_session
                0x00000690                utee_invoke_ta_command
                0x000006a8                utee_get_cancellation_flag
                0x000006bc                utee_check_access_rights
                0x000006d0                utee_unmask_cancellation
                0x000006e4                utee_mask_cancellation
                0x000006f8                utee_wait
                0x0000070c                utee_get_time
                0x00000720                utee_set_ta_time
                0x00000734                utee_cryp_state_alloc
                0x0000074c                utee_cryp_state_copy
                0x00000760                utee_cryp_state_free
                0x00000774                utee_hash_init
                0x00000788                utee_hash_update
                0x0000079c                utee_hash_final
                0x000007b4                utee_cipher_init
                0x000007c8                utee_cipher_update
                0x000007e0                utee_cipher_final
                0x000007f8                utee_cryp_obj_get_info
                0x0000080c                utee_cryp_obj_restrict_usage
                0x00000820                utee_cryp_obj_get_attr
                0x00000834                utee_cryp_obj_alloc
                0x00000848                utee_cryp_obj_close
                0x0000085c                utee_cryp_obj_reset
                0x00000870                utee_cryp_obj_populate
                0x00000884                utee_cryp_obj_copy
                0x00000898                utee_cryp_derive_key
                0x000008ac                utee_cryp_random_number_generate
                0x000008c0                utee_authenc_init
                0x000008d8                utee_authenc_update_aad
                0x000008ec                utee_authenc_update_payload
                0x00000904                utee_authenc_enc_final
                0x0000091c                utee_authenc_dec_final
                0x00000934                utee_asymm_operate
                0x0000094c                utee_asymm_verify
                0x00000964                utee_storage_obj_open
                0x0000097c                utee_storage_obj_create
                0x00000994                utee_storage_obj_del
                0x000009a8                utee_storage_obj_rename
                0x000009bc                utee_storage_alloc_enum
                0x000009d0                utee_storage_free_enum
                0x000009e4                utee_storage_reset_enum
                0x000009f8                utee_storage_start_enum
                0x00000a0c                utee_storage_next_enum
                0x00000a20                utee_storage_obj_read
                0x00000a34                utee_storage_obj_write
                0x00000a48                utee_storage_obj_trunc
                0x00000a5c                utee_storage_obj_seek
                0x00000a70                utee_cryp_obj_generate_key
                0x00000a84                utee_se_service_open
                0x00000a98                utee_se_service_close
                0x00000aac                utee_se_service_get_readers
                0x00000ac0                utee_se_reader_get_prop
                0x00000ad4                utee_se_reader_get_name
                0x00000ae8                utee_se_reader_open_session
                0x00000afc                utee_se_reader_close_sessions
                0x00000b10                utee_se_session_is_closed
                0x00000b24                utee_se_session_get_atr
                0x00000b38                utee_se_session_open_channel
                0x00000b4c                utee_se_session_close
                0x00000b60                utee_se_channel_select_next
                0x00000b74                utee_se_channel_get_select_resp
                0x00000b88                utee_se_channel_transmit
                0x00000ba0                utee_se_channel_close
                0x00000bb4                utee_cache_operation
 .text.TEE_BigInt_Panic
                0x00000bc8       0x40 /home/rahulmahdev/devel/optee/optee_os/out/arm-plat-vexpress/export-user_ta/lib/libutee.a(tee_api_arith.o)
 .text._TEE_MathAPI_Init
                0x00000c08       0x50 /home/rahulmahdev/devel/optee/optee_os/out/arm-plat-vexpress/export-user_ta/lib/libutee.a(tee_api_arith.o)
                0x00000c08                _TEE_MathAPI_Init
 .text.TEE_BigIntInit
                0x00000c58       0x2c /home/rahulmahdev/devel/optee/optee_os/out/arm-plat-vexpress/export-user_ta/lib/libutee.a(tee_api_arith.o)
                0x00000c58                TEE_BigIntInit
 .text.TEE_BigIntInitFMM
                0x00000c84       0x40 /home/rahulmahdev/devel/optee/optee_os/out/arm-plat-vexpress/export-user_ta/lib/libutee.a(tee_api_arith.o)
                0x00000c84                TEE_BigIntInitFMM
 .text.TEE_BigIntInitFMMContext
                0x00000cc4       0x68 /home/rahulmahdev/devel/optee/optee_os/out/arm-plat-vexpress/export-user_ta/lib/libutee.a(tee_api_arith.o)
                0x00000cc4                TEE_BigIntInitFMMContext
 .text.TEE_BigIntFMMSizeInU32
                0x00000d2c       0x28 /home/rahulmahdev/devel/optee/optee_os/out/arm-plat-vexpress/export-user_ta/lib/libutee.a(tee_api_arith.o)
                0x00000d2c                TEE_BigIntFMMSizeInU32
 .text.TEE_BigIntFMMContextSizeInU32
                0x00000d54       0x30 /home/rahulmahdev/devel/optee/optee_os/out/arm-plat-vexpress/export-user_ta/lib/libutee.a(tee_api_arith.o)
                0x00000d54                TEE_BigIntFMMContextSizeInU32
 .text.TEE_BigIntConvertFromOctetString
                0x00000d84       0x84 /home/rahulmahdev/devel/optee/optee_os/out/arm-plat-vexpress/export-user_ta/lib/libutee.a(tee_api_arith.o)
                0x00000d84                TEE_BigIntConvertFromOctetString
 .text.TEE_BigIntConvertToOctetString
                0x00000e08       0x8c /home/rahulmahdev/devel/optee/optee_os/out/arm-plat-vexpress/export-user_ta/lib/libutee.a(tee_api_arith.o)
                0x00000e08                TEE_BigIntConvertToOctetString
 .text.TEE_BigIntConvertFromS32
                0x00000e94       0x30 /home/rahulmahdev/devel/optee/optee_os/out/arm-plat-vexpress/export-user_ta/lib/libutee.a(tee_api_arith.o)
                0x00000e94                TEE_BigIntConvertFromS32
 .text.TEE_BigIntConvertToS32
                0x00000ec4       0x78 /home/rahulmahdev/devel/optee/optee_os/out/arm-plat-vexpress/export-user_ta/lib/libutee.a(tee_api_arith.o)
                0x00000ec4                TEE_BigIntConvertToS32
 .text.TEE_BigIntCmp
                0x00000f3c       0x38 /home/rahulmahdev/devel/optee/optee_os/out/arm-plat-vexpress/export-user_ta/lib/libutee.a(tee_api_arith.o)
                0x00000f3c                TEE_BigIntCmp
 .text.TEE_BigIntCmpS32
                0x00000f74       0x34 /home/rahulmahdev/devel/optee/optee_os/out/arm-plat-vexpress/export-user_ta/lib/libutee.a(tee_api_arith.o)
                0x00000f74                TEE_BigIntCmpS32
 .text.TEE_BigIntShiftRight
                0x00000fa8       0x44 /home/rahulmahdev/devel/optee/optee_os/out/arm-plat-vexpress/export-user_ta/lib/libutee.a(tee_api_arith.o)
                0x00000fa8                TEE_BigIntShiftRight
 .text.TEE_BigIntGetBit
                0x00000fec       0x3c /home/rahulmahdev/devel/optee/optee_os/out/arm-plat-vexpress/export-user_ta/lib/libutee.a(tee_api_arith.o)
                0x00000fec                TEE_BigIntGetBit
 .text.TEE_BigIntGetBitCount
                0x00001028       0x34 /home/rahulmahdev/devel/optee/optee_os/out/arm-plat-vexpress/export-user_ta/lib/libutee.a(tee_api_arith.o)
                0x00001028                TEE_BigIntGetBitCount
 .text.TEE_BigIntAdd
                0x0000105c       0x50 /home/rahulmahdev/devel/optee/optee_os/out/arm-plat-vexpress/export-user_ta/lib/libutee.a(tee_api_arith.o)
                0x0000105c                TEE_BigIntAdd
 .text.TEE_BigIntSub
                0x000010ac       0x50 /home/rahulmahdev/devel/optee/optee_os/out/arm-plat-vexpress/export-user_ta/lib/libutee.a(tee_api_arith.o)
                0x000010ac                TEE_BigIntSub
 .text.TEE_BigIntNeg
                0x000010fc       0x34 /home/rahulmahdev/devel/optee/optee_os/out/arm-plat-vexpress/export-user_ta/lib/libutee.a(tee_api_arith.o)
                0x000010fc                TEE_BigIntNeg
 .text.TEE_BigIntMul
                0x00001130       0x50 /home/rahulmahdev/devel/optee/optee_os/out/arm-plat-vexpress/export-user_ta/lib/libutee.a(tee_api_arith.o)
                0x00001130                TEE_BigIntMul
 .text.TEE_BigIntSquare
                0x00001180       0x48 /home/rahulmahdev/devel/optee/optee_os/out/arm-plat-vexpress/export-user_ta/lib/libutee.a(tee_api_arith.o)
                0x00001180                TEE_BigIntSquare
 .text.TEE_BigIntDiv
                0x000011c8       0x84 /home/rahulmahdev/devel/optee/optee_os/out/arm-plat-vexpress/export-user_ta/lib/libutee.a(tee_api_arith.o)
                0x000011c8                TEE_BigIntDiv
 .text.TEE_BigIntMod
                0x0000124c       0xa8 /home/rahulmahdev/devel/optee/optee_os/out/arm-plat-vexpress/export-user_ta/lib/libutee.a(tee_api_arith.o)
                0x0000124c                TEE_BigIntMod
 .text.TEE_BigIntAddMod
                0x000012f4       0xb4 /home/rahulmahdev/devel/optee/optee_os/out/arm-plat-vexpress/export-user_ta/lib/libutee.a(tee_api_arith.o)
                0x000012f4                TEE_BigIntAddMod
 .text.TEE_BigIntSubMod
                0x000013a8       0xb4 /home/rahulmahdev/devel/optee/optee_os/out/arm-plat-vexpress/export-user_ta/lib/libutee.a(tee_api_arith.o)
                0x000013a8                TEE_BigIntSubMod
 .text.TEE_BigIntMulMod
                0x0000145c       0xfc /home/rahulmahdev/devel/optee/optee_os/out/arm-plat-vexpress/export-user_ta/lib/libutee.a(tee_api_arith.o)
                0x0000145c                TEE_BigIntMulMod
 .text.TEE_BigIntSquareMod
                0x00001558       0x34 /home/rahulmahdev/devel/optee/optee_os/out/arm-plat-vexpress/export-user_ta/lib/libutee.a(tee_api_arith.o)
                0x00001558                TEE_BigIntSquareMod
 .text.TEE_BigIntInvMod
                0x0000158c       0x90 /home/rahulmahdev/devel/optee/optee_os/out/arm-plat-vexpress/export-user_ta/lib/libutee.a(tee_api_arith.o)
                0x0000158c                TEE_BigIntInvMod
 .text.TEE_BigIntRelativePrime
                0x0000161c       0xa4 /home/rahulmahdev/devel/optee/optee_os/out/arm-plat-vexpress/export-user_ta/lib/libutee.a(tee_api_arith.o)
                0x0000161c                TEE_BigIntRelativePrime
 .text.TEE_BigIntComputeExtendedGcd
                0x000016c0       0x60 /home/rahulmahdev/devel/optee/optee_os/out/arm-plat-vexpress/export-user_ta/lib/libutee.a(tee_api_arith.o)
                0x000016c0                TEE_BigIntComputeExtendedGcd
 .text.TEE_BigIntIsProbablePrime
                0x00001720       0x64 /home/rahulmahdev/devel/optee/optee_os/out/arm-plat-vexpress/export-user_ta/lib/libutee.a(tee_api_arith.o)
                0x00001720                TEE_BigIntIsProbablePrime
 .text.TEE_BigIntConvertToFMM
                0x00001784       0x64 /home/rahulmahdev/devel/optee/optee_os/out/arm-plat-vexpress/export-user_ta/lib/libutee.a(tee_api_arith.o)
                0x00001784                TEE_BigIntConvertToFMM
 .text.TEE_BigIntConvertFromFMM
                0x000017e8       0xb4 /home/rahulmahdev/devel/optee/optee_os/out/arm-plat-vexpress/export-user_ta/lib/libutee.a(tee_api_arith.o)
                0x000017e8                TEE_BigIntConvertFromFMM
 .text.TEE_BigIntComputeFMM
                0x0000189c       0x64 /home/rahulmahdev/devel/optee/optee_os/out/arm-plat-vexpress/export-user_ta/lib/libutee.a(tee_api_arith.o)
                0x0000189c                TEE_BigIntComputeFMM
 .text.TEE_Panic
                0x00001900       0x20 /home/rahulmahdev/devel/optee/optee_os/out/arm-plat-vexpress/export-user_ta/lib/libutee.a(tee_api.o)
                0x00001900                TEE_Panic
 .text.TEE_OpenTASession
                0x00001920       0x58 /home/rahulmahdev/devel/optee/optee_os/out/arm-plat-vexpress/export-user_ta/lib/libutee.a(tee_api.o)
                0x00001920                TEE_OpenTASession
 .text.TEE_CloseTASession
                0x00001978       0x40 /home/rahulmahdev/devel/optee/optee_os/out/arm-plat-vexpress/export-user_ta/lib/libutee.a(tee_api.o)
                0x00001978                TEE_CloseTASession
 .text.TEE_InvokeTACommand
                0x000019b8       0x90 /home/rahulmahdev/devel/optee/optee_os/out/arm-plat-vexpress/export-user_ta/lib/libutee.a(tee_api.o)
                0x000019b8                TEE_InvokeTACommand
 .text.TEE_GetCancellationFlag
                0x00001a48       0x3c /home/rahulmahdev/devel/optee/optee_os/out/arm-plat-vexpress/export-user_ta/lib/libutee.a(tee_api.o)
                0x00001a48                TEE_GetCancellationFlag
 .text.TEE_UnmaskCancellation
                0x00001a84       0x40 /home/rahulmahdev/devel/optee/optee_os/out/arm-plat-vexpress/export-user_ta/lib/libutee.a(tee_api.o)
                0x00001a84                TEE_UnmaskCancellation
 .text.TEE_MaskCancellation
                0x00001ac4       0x40 /home/rahulmahdev/devel/optee/optee_os/out/arm-plat-vexpress/export-user_ta/lib/libutee.a(tee_api.o)
                0x00001ac4                TEE_MaskCancellation
 .text.TEE_CheckMemoryAccessRights
                0x00001b04       0x5c /home/rahulmahdev/devel/optee/optee_os/out/arm-plat-vexpress/export-user_ta/lib/libutee.a(tee_api.o)
                0x00001b04                TEE_CheckMemoryAccessRights
 .text.TEE_SetInstanceData
                0x00001b60       0x24 /home/rahulmahdev/devel/optee/optee_os/out/arm-plat-vexpress/export-user_ta/lib/libutee.a(tee_api.o)
                0x00001b60                TEE_SetInstanceData
 .text.TEE_GetInstanceData
                0x00001b84       0x1c /home/rahulmahdev/devel/optee/optee_os/out/arm-plat-vexpress/export-user_ta/lib/libutee.a(tee_api.o)
                0x00001b84                TEE_GetInstanceData
 .text.TEE_MemMove
                0x00001ba0       0x40 /home/rahulmahdev/devel/optee/optee_os/out/arm-plat-vexpress/export-user_ta/lib/libutee.a(tee_api.o)
                0x00001ba0                TEE_MemMove
 .text.TEE_MemCompare
                0x00001be0       0x40 /home/rahulmahdev/devel/optee/optee_os/out/arm-plat-vexpress/export-user_ta/lib/libutee.a(tee_api.o)
                0x00001be0                TEE_MemCompare
 .text.TEE_MemFill
                0x00001c20       0x40 /home/rahulmahdev/devel/optee/optee_os/out/arm-plat-vexpress/export-user_ta/lib/libutee.a(tee_api.o)
                0x00001c20                TEE_MemFill
 .text.TEE_GetSystemTime
                0x00001c60       0x40 /home/rahulmahdev/devel/optee/optee_os/out/arm-plat-vexpress/export-user_ta/lib/libutee.a(tee_api.o)
                0x00001c60                TEE_GetSystemTime
 .text.TEE_Wait
                0x00001ca0       0x4c /home/rahulmahdev/devel/optee/optee_os/out/arm-plat-vexpress/export-user_ta/lib/libutee.a(tee_api.o)
                0x00001ca0                TEE_Wait
 .text.TEE_GetTAPersistentTime
                0x00001cec       0x98 /home/rahulmahdev/devel/optee/optee_os/out/arm-plat-vexpress/export-user_ta/lib/libutee.a(tee_api.o)
                0x00001cec                TEE_GetTAPersistentTime
 .text.TEE_SetTAPersistentTime
                0x00001d84       0x5c /home/rahulmahdev/devel/optee/optee_os/out/arm-plat-vexpress/export-user_ta/lib/libutee.a(tee_api.o)
                0x00001d84                TEE_SetTAPersistentTime
 .text.TEE_GetREETime
                0x00001de0       0x40 /home/rahulmahdev/devel/optee/optee_os/out/arm-plat-vexpress/export-user_ta/lib/libutee.a(tee_api.o)
                0x00001de0                TEE_GetREETime
 .text.TEE_Malloc
                0x00001e20       0x30 /home/rahulmahdev/devel/optee/optee_os/out/arm-plat-vexpress/export-user_ta/lib/libutee.a(tee_api.o)
                0x00001e20                TEE_Malloc
 .text.TEE_Realloc
                0x00001e50       0x30 /home/rahulmahdev/devel/optee/optee_os/out/arm-plat-vexpress/export-user_ta/lib/libutee.a(tee_api.o)
                0x00001e50                TEE_Realloc
 .text.TEE_Free
                0x00001e80       0x28 /home/rahulmahdev/devel/optee/optee_os/out/arm-plat-vexpress/export-user_ta/lib/libutee.a(tee_api.o)
                0x00001e80                TEE_Free
 .text.TEE_CacheClean
                0x00001ea8       0x40 /home/rahulmahdev/devel/optee/optee_os/out/arm-plat-vexpress/export-user_ta/lib/libutee.a(tee_api.o)
                0x00001ea8                TEE_CacheClean
 .text.TEE_CacheFlush
                0x00001ee8       0x40 /home/rahulmahdev/devel/optee/optee_os/out/arm-plat-vexpress/export-user_ta/lib/libutee.a(tee_api.o)
                0x00001ee8                TEE_CacheFlush
 .text.TEE_CacheInvalidate
                0x00001f28       0x40 /home/rahulmahdev/devel/optee/optee_os/out/arm-plat-vexpress/export-user_ta/lib/libutee.a(tee_api.o)
                0x00001f28                TEE_CacheInvalidate
 .text.utee_get_ta_exec_id
                0x00001f68       0x14 /home/rahulmahdev/devel/optee/optee_os/out/arm-plat-vexpress/export-user_ta/lib/libutee.a(utee_misc.o)
                0x00001f68                utee_get_ta_exec_id
 .text.utee_malloc
                0x00001f7c       0x2c /home/rahulmahdev/devel/optee/optee_os/out/arm-plat-vexpress/export-user_ta/lib/libutee.a(utee_misc.o)
                0x00001f7c                utee_malloc
 .text.utee_realloc
                0x00001fa8       0x30 /home/rahulmahdev/devel/optee/optee_os/out/arm-plat-vexpress/export-user_ta/lib/libutee.a(utee_misc.o)
                0x00001fa8                utee_realloc
 .text.utee_calloc
                0x00001fd8       0x30 /home/rahulmahdev/devel/optee/optee_os/out/arm-plat-vexpress/export-user_ta/lib/libutee.a(utee_misc.o)
                0x00001fd8                utee_calloc
 .text.utee_free
                0x00002008       0x28 /home/rahulmahdev/devel/optee/optee_os/out/arm-plat-vexpress/export-user_ta/lib/libutee.a(utee_misc.o)
                0x00002008                utee_free
 .text.get_rng_array
                0x00002030       0x30 /home/rahulmahdev/devel/optee/optee_os/out/arm-plat-vexpress/export-user_ta/lib/libutee.a(utee_misc.o)
                0x00002030                get_rng_array
 .text.buf_addr
                0x00002060       0x20 /home/rahulmahdev/devel/optee/optee_os/out/arm-plat-vexpress/export-user_ta/lib/libutee.a(tee_user_mem.o)
 .text.buf_size
                0x00002080       0x28 /home/rahulmahdev/devel/optee/optee_os/out/arm-plat-vexpress/export-user_ta/lib/libutee.a(tee_user_mem.o)
 .text.elem_addr
                0x000020a8       0x20 /home/rahulmahdev/devel/optee/optee_os/out/arm-plat-vexpress/export-user_ta/lib/libutee.a(tee_user_mem.o)
 .text.is_buffer_valid
                0x000020c8       0x4c /home/rahulmahdev/devel/optee/optee_os/out/arm-plat-vexpress/export-user_ta/lib/libutee.a(tee_user_mem.o)
 .text.print_buf
                0x00002114       0x7c /home/rahulmahdev/devel/optee/optee_os/out/arm-plat-vexpress/export-user_ta/lib/libutee.a(tee_user_mem.o)
 .text.heap_inc
                0x00002190       0x60 /home/rahulmahdev/devel/optee/optee_os/out/arm-plat-vexpress/export-user_ta/lib/libutee.a(tee_user_mem.o)
 .text.heap_dec
                0x000021f0       0x64 /home/rahulmahdev/devel/optee/optee_os/out/arm-plat-vexpress/export-user_ta/lib/libutee.a(tee_user_mem.o)
 .text.check_elem_end
                0x00002254       0x74 /home/rahulmahdev/devel/optee/optee_os/out/arm-plat-vexpress/export-user_ta/lib/libutee.a(tee_user_mem.o)
 .text.check_elem
                0x000022c8      0x104 /home/rahulmahdev/devel/optee/optee_os/out/arm-plat-vexpress/export-user_ta/lib/libutee.a(tee_user_mem.o)
 .text.is_mem_coherent
                0x000023cc       0x84 /home/rahulmahdev/devel/optee/optee_os/out/arm-plat-vexpress/export-user_ta/lib/libutee.a(tee_user_mem.o)
 .text.tee_user_mem_alloc
                0x00002450      0x180 /home/rahulmahdev/devel/optee/optee_os/out/arm-plat-vexpress/export-user_ta/lib/libutee.a(tee_user_mem.o)
                0x00002450                tee_user_mem_alloc
 .text.tee_user_mem_realloc
                0x000025d0       0xe8 /home/rahulmahdev/devel/optee/optee_os/out/arm-plat-vexpress/export-user_ta/lib/libutee.a(tee_user_mem.o)
                0x000025d0                tee_user_mem_realloc
 .text.tee_user_mem_free
                0x000026b8      0x150 /home/rahulmahdev/devel/optee/optee_os/out/arm-plat-vexpress/export-user_ta/lib/libutee.a(tee_user_mem.o)
                0x000026b8                tee_user_mem_free
 .text.tee_user_mem_mark_heap
                0x00002808       0x20 /home/rahulmahdev/devel/optee/optee_os/out/arm-plat-vexpress/export-user_ta/lib/libutee.a(tee_user_mem.o)
                0x00002808                tee_user_mem_mark_heap
 .text.tee_user_mem_check_heap
                0x00002828       0x94 /home/rahulmahdev/devel/optee/optee_os/out/arm-plat-vexpress/export-user_ta/lib/libutee.a(tee_user_mem.o)
                0x00002828                tee_user_mem_check_heap
 .text.tee_user_mem_status
                0x000028bc       0x88 /home/rahulmahdev/devel/optee/optee_os/out/arm-plat-vexpress/export-user_ta/lib/libutee.a(tee_user_mem.o)
 .text.tee_user_mem_garbage
                0x00002944       0x4c /home/rahulmahdev/devel/optee/optee_os/out/arm-plat-vexpress/export-user_ta/lib/libutee.a(tee_user_mem.o)
                0x00002944                tee_user_mem_garbage
 .text.trace_ext_puts
                0x00002990       0x44 /home/rahulmahdev/devel/optee/optee_os/out/arm-plat-vexpress/export-user_ta/lib/libutee.a(trace_ext.o)
                0x00002990                trace_ext_puts
 .text.trace_ext_get_thread_id
                0x000029d4       0x14 /home/rahulmahdev/devel/optee/optee_os/out/arm-plat-vexpress/export-user_ta/lib/libutee.a(trace_ext.o)
                0x000029d4                trace_ext_get_thread_id
 .text.printf   0x000029e8      0x120 /home/rahulmahdev/devel/optee/optee_os/out/arm-plat-vexpress/export-user_ta/lib/libutee.a(trace_ext.o)
                0x000029e8                printf
 .text.puts     0x00002b08       0x3c /home/rahulmahdev/devel/optee/optee_os/out/arm-plat-vexpress/export-user_ta/lib/libutee.a(trace_ext.o)
                0x00002b08                puts
 .text._assert_log
                0x00002b44       0x5c /home/rahulmahdev/devel/optee/optee_os/out/arm-plat-vexpress/export-user_ta/lib/libutee.a(assert.o)
                0x00002b44                _assert_log
 .text._assert_break
                0x00002ba0       0x20 /home/rahulmahdev/devel/optee/optee_os/out/arm-plat-vexpress/export-user_ta/lib/libutee.a(assert.o)
                0x00002ba0                _assert_break
 .text.mdbg_set_mode
                0x00002bc0       0x1c /home/rahulmahdev/devel/optee/optee_os/out/arm-plat-vexpress/export-user_ta/lib/libutils.a(bget_malloc.o)
 .text.bget     0x00002bdc      0x210 /home/rahulmahdev/devel/optee/optee_os/out/arm-plat-vexpress/export-user_ta/lib/libutils.a(bget_malloc.o)
                0x00002bdc                bget
 .text.bgetz    0x00002dec       0xbc /home/rahulmahdev/devel/optee/optee_os/out/arm-plat-vexpress/export-user_ta/lib/libutils.a(bget_malloc.o)
                0x00002dec                bgetz
 .text.bgetr    0x00002ea8       0xc4 /home/rahulmahdev/devel/optee/optee_os/out/arm-plat-vexpress/export-user_ta/lib/libutils.a(bget_malloc.o)
                0x00002ea8                bgetr
 .text.brel     0x00002f6c      0x2f4 /home/rahulmahdev/devel/optee/optee_os/out/arm-plat-vexpress/export-user_ta/lib/libutils.a(bget_malloc.o)
                0x00002f6c                brel
 .text.bpool    0x00003260      0x140 /home/rahulmahdev/devel/optee/optee_os/out/arm-plat-vexpress/export-user_ta/lib/libutils.a(bget_malloc.o)
                0x00003260                bpool
 .text.raw_malloc_save_max_alloced_size
                0x000033a0       0x10 /home/rahulmahdev/devel/optee/optee_os/out/arm-plat-vexpress/export-user_ta/lib/libutils.a(bget_malloc.o)
 .text.malloc_reset_max_allocated
                0x000033b0       0x10 /home/rahulmahdev/devel/optee/optee_os/out/arm-plat-vexpress/export-user_ta/lib/libutils.a(bget_malloc.o)
                0x000033b0                malloc_reset_max_allocated
 .text.malloc_get_max_allocated
                0x000033c0       0x14 /home/rahulmahdev/devel/optee/optee_os/out/arm-plat-vexpress/export-user_ta/lib/libutils.a(bget_malloc.o)
                0x000033c0                malloc_get_max_allocated
 .text.malloc_get_allocated
                0x000033d4       0x14 /home/rahulmahdev/devel/optee/optee_os/out/arm-plat-vexpress/export-user_ta/lib/libutils.a(bget_malloc.o)
                0x000033d4                malloc_get_allocated
 .text.malloc_get_heap_size
                0x000033e8       0x58 /home/rahulmahdev/devel/optee/optee_os/out/arm-plat-vexpress/export-user_ta/lib/libutils.a(bget_malloc.o)
                0x000033e8                malloc_get_heap_size
 .text.raw_malloc_validate_pools
                0x00003440       0x10 /home/rahulmahdev/devel/optee/optee_os/out/arm-plat-vexpress/export-user_ta/lib/libutils.a(bget_malloc.o)
 .text.bpool_foreach_iterator_init
                0x00003450       0x30 /home/rahulmahdev/devel/optee/optee_os/out/arm-plat-vexpress/export-user_ta/lib/libutils.a(bget_malloc.o)
 .text.bpool_foreach_pool
                0x00003480       0xf4 /home/rahulmahdev/devel/optee/optee_os/out/arm-plat-vexpress/export-user_ta/lib/libutils.a(bget_malloc.o)
 .text.bpool_foreach
                0x00003574       0x90 /home/rahulmahdev/devel/optee/optee_os/out/arm-plat-vexpress/export-user_ta/lib/libutils.a(bget_malloc.o)
 .text.raw_malloc
                0x00003604       0x68 /home/rahulmahdev/devel/optee/optee_os/out/arm-plat-vexpress/export-user_ta/lib/libutils.a(bget_malloc.o)
 .text.raw_free
                0x0000366c       0x30 /home/rahulmahdev/devel/optee/optee_os/out/arm-plat-vexpress/export-user_ta/lib/libutils.a(bget_malloc.o)
 .text.raw_calloc
                0x0000369c       0x78 /home/rahulmahdev/devel/optee/optee_os/out/arm-plat-vexpress/export-user_ta/lib/libutils.a(bget_malloc.o)
 .text.raw_realloc
                0x00003714       0x6c /home/rahulmahdev/devel/optee/optee_os/out/arm-plat-vexpress/export-user_ta/lib/libutils.a(bget_malloc.o)
 .text.create_free_block
                0x00003780      0x178 /home/rahulmahdev/devel/optee/optee_os/out/arm-plat-vexpress/export-user_ta/lib/libutils.a(bget_malloc.o)
 .text.brel_before
                0x000038f8      0x130 /home/rahulmahdev/devel/optee/optee_os/out/arm-plat-vexpress/export-user_ta/lib/libutils.a(bget_malloc.o)
 .text.brel_after
                0x00003a28      0x1f4 /home/rahulmahdev/devel/optee/optee_os/out/arm-plat-vexpress/export-user_ta/lib/libutils.a(bget_malloc.o)
 .text.raw_memalign
                0x00003c1c      0x184 /home/rahulmahdev/devel/optee/optee_os/out/arm-plat-vexpress/export-user_ta/lib/libutils.a(bget_malloc.o)
 .text.bget_buf_size
                0x00003da0       0x78 /home/rahulmahdev/devel/optee/optee_os/out/arm-plat-vexpress/export-user_ta/lib/libutils.a(bget_malloc.o)
 .text.malloc   0x00003e18       0x2c /home/rahulmahdev/devel/optee/optee_os/out/arm-plat-vexpress/export-user_ta/lib/libutils.a(bget_malloc.o)
                0x00003e18                malloc
 .text.free     0x00003e44       0x20 /home/rahulmahdev/devel/optee/optee_os/out/arm-plat-vexpress/export-user_ta/lib/libutils.a(bget_malloc.o)
                0x00003e44                free
 .text.calloc   0x00003e64       0x3c /home/rahulmahdev/devel/optee/optee_os/out/arm-plat-vexpress/export-user_ta/lib/libutils.a(bget_malloc.o)
                0x00003e64                calloc
 .text.realloc  0x00003ea0       0x3c /home/rahulmahdev/devel/optee/optee_os/out/arm-plat-vexpress/export-user_ta/lib/libutils.a(bget_malloc.o)
                0x00003ea0                realloc
 .text.memalign
                0x00003edc       0x3c /home/rahulmahdev/devel/optee/optee_os/out/arm-plat-vexpress/export-user_ta/lib/libutils.a(bget_malloc.o)
                0x00003edc                memalign
 .text.get_payload_start_size
                0x00003f18       0x2c /home/rahulmahdev/devel/optee/optee_os/out/arm-plat-vexpress/export-user_ta/lib/libutils.a(bget_malloc.o)
 .text.malloc_init
                0x00003f44       0x70 /home/rahulmahdev/devel/optee/optee_os/out/arm-plat-vexpress/export-user_ta/lib/libutils.a(bget_malloc.o)
                0x00003f44                malloc_init
 .text.malloc_add_pool
                0x00003fb4      0x168 /home/rahulmahdev/devel/optee/optee_os/out/arm-plat-vexpress/export-user_ta/lib/libutils.a(bget_malloc.o)
                0x00003fb4                malloc_add_pool
 .text.malloc_buffer_is_within_alloced
                0x0000411c       0xa0 /home/rahulmahdev/devel/optee/optee_os/out/arm-plat-vexpress/export-user_ta/lib/libutils.a(bget_malloc.o)
                0x0000411c                malloc_buffer_is_within_alloced
 .text.malloc_buffer_overlaps_heap
                0x000041bc       0xac /home/rahulmahdev/devel/optee/optee_os/out/arm-plat-vexpress/export-user_ta/lib/libutils.a(bget_malloc.o)
                0x000041bc                malloc_buffer_overlaps_heap
 .text.snprintf
                0x00004268       0x44 /home/rahulmahdev/devel/optee/optee_os/out/arm-plat-vexpress/export-user_ta/lib/libutils.a(snprintf.o)
                0x00004268                snprintf
 .text.vsnprintf
                0x000042ac       0x80 /home/rahulmahdev/devel/optee/optee_os/out/arm-plat-vexpress/export-user_ta/lib/libutils.a(snprintf.o)
                0x000042ac                vsnprintf
 .text.kprintf  0x0000432c      0xd70 /home/rahulmahdev/devel/optee/optee_os/out/arm-plat-vexpress/export-user_ta/lib/libutils.a(snprintf.o)
 .text.memchr   0x0000509c      0x114 /home/rahulmahdev/devel/optee/optee_os/out/arm-plat-vexpress/export-user_ta/lib/libutils.a(memchr.o)
                0x0000509c                memchr
 .text.memcmp   0x000051b0       0xb8 /home/rahulmahdev/devel/optee/optee_os/out/arm-plat-vexpress/export-user_ta/lib/libutils.a(memcmp.o)
                0x000051b0                memcmp
 .text.memcpy   0x00005268       0xf4 /home/rahulmahdev/devel/optee/optee_os/out/arm-plat-vexpress/export-user_ta/lib/libutils.a(memcpy.o)
                0x00005268                memcpy
 .text.memmove  0x0000535c      0x140 /home/rahulmahdev/devel/optee/optee_os/out/arm-plat-vexpress/export-user_ta/lib/libutils.a(memmove.o)
                0x0000535c                memmove
 .text.memset   0x0000549c      0x11c /home/rahulmahdev/devel/optee/optee_os/out/arm-plat-vexpress/export-user_ta/lib/libutils.a(memset.o)
                0x0000549c                memset
 .text.strlen   0x000055b8       0x8c /home/rahulmahdev/devel/optee/optee_os/out/arm-plat-vexpress/export-user_ta/lib/libutils.a(strlen.o)
                0x000055b8                strlen
 .text          0x00005644       0x30 /home/rahulmahdev/devel/optee/optee_os/out/arm-plat-vexpress/export-user_ta/lib/libutils.a(arm32_aeabi_ldivmod_a32.o)
                0x00005644                __aeabi_ldivmod
                0x0000565c                __aeabi_uldivmod
 .text.division_lqr
                0x00005674       0xf0 /home/rahulmahdev/devel/optee/optee_os/out/arm-plat-vexpress/export-user_ta/lib/libutils.a(arm32_aeabi_ldivmod.o)
 .text.ul_div_qr
                0x00005764       0x70 /home/rahulmahdev/devel/optee/optee_os/out/arm-plat-vexpress/export-user_ta/lib/libutils.a(arm32_aeabi_ldivmod.o)
 .text.__ul_divmod
                0x000057d4       0xa0 /home/rahulmahdev/devel/optee/optee_os/out/arm-plat-vexpress/export-user_ta/lib/libutils.a(arm32_aeabi_ldivmod.o)
                0x000057d4                __ul_divmod
 .text.__l_divmod
                0x00005874      0x114 /home/rahulmahdev/devel/optee/optee_os/out/arm-plat-vexpress/export-user_ta/lib/libutils.a(arm32_aeabi_ldivmod.o)
                0x00005874                __l_divmod
 .text.strlcpy  0x00005988       0x84 /home/rahulmahdev/devel/optee/optee_os/out/arm-plat-vexpress/export-user_ta/lib/libutils.a(strlcpy.o)
                0x00005988                strlcpy
 .text.trace_set_level
                0x00005a0c       0x48 /home/rahulmahdev/devel/optee/optee_os/out/arm-plat-vexpress/export-user_ta/lib/libutils.a(trace.o)
                0x00005a0c                trace_set_level
 .text.trace_get_level
                0x00005a54       0x24 /home/rahulmahdev/devel/optee/optee_os/out/arm-plat-vexpress/export-user_ta/lib/libutils.a(trace.o)
                0x00005a54                trace_get_level
 .text.trace_level_to_string
                0x00005a78       0x58 /home/rahulmahdev/devel/optee/optee_os/out/arm-plat-vexpress/export-user_ta/lib/libutils.a(trace.o)
 .text.trace_printf
                0x00005ad0      0x1ec /home/rahulmahdev/devel/optee/optee_os/out/arm-plat-vexpress/export-user_ta/lib/libutils.a(trace.o)
                0x00005ad0                trace_printf
 .text.dhex_dump
                0x00005cbc       0x1c /home/rahulmahdev/devel/optee/optee_os/out/arm-plat-vexpress/export-user_ta/lib/libutils.a(trace.o)
                0x00005cbc                dhex_dump
 .text.__mpa_set_unused_digits_to_zero
                0x00005cd8       0x60 /home/rahulmahdev/devel/optee/optee_os/out/arm-plat-vexpress/export-user_ta/lib/libmpa.a(mpa_misc.o)
                0x00005cd8                __mpa_set_unused_digits_to_zero
 .text.mpa_wipe
                0x00005d38       0x4c /home/rahulmahdev/devel/optee/optee_os/out/arm-plat-vexpress/export-user_ta/lib/libmpa.a(mpa_misc.o)
                0x00005d38                mpa_wipe
 .text.mpa_copy
                0x00005d84       0x60 /home/rahulmahdev/devel/optee/optee_os/out/arm-plat-vexpress/export-user_ta/lib/libmpa.a(mpa_misc.o)
                0x00005d84                mpa_copy
 .text.mpa_abs  0x00005de4       0x38 /home/rahulmahdev/devel/optee/optee_os/out/arm-plat-vexpress/export-user_ta/lib/libmpa.a(mpa_misc.o)
                0x00005de4                mpa_abs
 .text.mpa_highest_bit_index
                0x00005e1c       0x80 /home/rahulmahdev/devel/optee/optee_os/out/arm-plat-vexpress/export-user_ta/lib/libmpa.a(mpa_misc.o)
                0x00005e1c                mpa_highest_bit_index
 .text.mpa_get_bit
                0x00005e9c       0x6c /home/rahulmahdev/devel/optee/optee_os/out/arm-plat-vexpress/export-user_ta/lib/libmpa.a(mpa_misc.o)
                0x00005e9c                mpa_get_bit
 .text.mpa_can_hold
                0x00005f08       0x34 /home/rahulmahdev/devel/optee/optee_os/out/arm-plat-vexpress/export-user_ta/lib/libmpa.a(mpa_misc.o)
                0x00005f08                mpa_can_hold
 .text.mpa_parity
                0x00005f3c       0x2c /home/rahulmahdev/devel/optee/optee_os/out/arm-plat-vexpress/export-user_ta/lib/libmpa.a(mpa_misc.o)
                0x00005f3c                mpa_parity
 .text.mpa_constant_one
                0x00005f68       0x18 /home/rahulmahdev/devel/optee/optee_os/out/arm-plat-vexpress/export-user_ta/lib/libmpa.a(mpa_misc.o)
                0x00005f68                mpa_constant_one
 .text.__mpa_montgomery_mul_add
                0x00005f80      0x134 /home/rahulmahdev/devel/optee/optee_os/out/arm-plat-vexpress/export-user_ta/lib/libmpa.a(mpa_montgomery.o)
                0x00005f80                __mpa_montgomery_mul_add
 .text.__mpa_montgomery_sub_ack
                0x000060b4      0x118 /home/rahulmahdev/devel/optee/optee_os/out/arm-plat-vexpress/export-user_ta/lib/libmpa.a(mpa_montgomery.o)
                0x000060b4                __mpa_montgomery_sub_ack
 .text.__mpa_montgomery_mul
                0x000061cc      0x160 /home/rahulmahdev/devel/optee/optee_os/out/arm-plat-vexpress/export-user_ta/lib/libmpa.a(mpa_montgomery.o)
                0x000061cc                __mpa_montgomery_mul
 .text.mpa_compute_fmm_context
                0x0000632c      0x158 /home/rahulmahdev/devel/optee/optee_os/out/arm-plat-vexpress/export-user_ta/lib/libmpa.a(mpa_montgomery.o)
                0x0000632c                mpa_compute_fmm_context
 .text.mpa_montgomery_mul
                0x00006484       0x74 /home/rahulmahdev/devel/optee/optee_os/out/arm-plat-vexpress/export-user_ta/lib/libmpa.a(mpa_montgomery.o)
                0x00006484                mpa_montgomery_mul
 .text.mpa_is_prob_prime
                0x000064f8       0x68 /home/rahulmahdev/devel/optee/optee_os/out/arm-plat-vexpress/export-user_ta/lib/libmpa.a(mpa_primetest.o)
                0x000064f8                mpa_is_prob_prime
 .text.check_table
                0x00006560       0x38 /home/rahulmahdev/devel/optee/optee_os/out/arm-plat-vexpress/export-user_ta/lib/libmpa.a(mpa_primetest.o)
 .text.is_small_prime
                0x00006598       0xc8 /home/rahulmahdev/devel/optee/optee_os/out/arm-plat-vexpress/export-user_ta/lib/libmpa.a(mpa_primetest.o)
 .text.has_small_factors
                0x00006660       0x8c /home/rahulmahdev/devel/optee/optee_os/out/arm-plat-vexpress/export-user_ta/lib/libmpa.a(mpa_primetest.o)
 .text.primality_test_miller_rabin
                0x000066ec      0x338 /home/rahulmahdev/devel/optee/optee_os/out/arm-plat-vexpress/export-user_ta/lib/libmpa.a(mpa_primetest.o)
 .text.mpa_set_S32
                0x00006a24       0x4c /home/rahulmahdev/devel/optee/optee_os/out/arm-plat-vexpress/export-user_ta/lib/libmpa.a(mpa_conv.o)
                0x00006a24                mpa_set_S32
 .text.mpa_get_S32
                0x00006a70       0x98 /home/rahulmahdev/devel/optee/optee_os/out/arm-plat-vexpress/export-user_ta/lib/libmpa.a(mpa_conv.o)
                0x00006a70                mpa_get_S32
 .text.mpa_set_word
                0x00006b08       0x30 /home/rahulmahdev/devel/optee/optee_os/out/arm-plat-vexpress/export-user_ta/lib/libmpa.a(mpa_conv.o)
                0x00006b08                mpa_set_word
 .text.mpa_get_word
                0x00006b38       0x34 /home/rahulmahdev/devel/optee/optee_os/out/arm-plat-vexpress/export-user_ta/lib/libmpa.a(mpa_conv.o)
                0x00006b38                mpa_get_word
 .text.__mpa_soft_div
                0x00006b6c       0xd8 /home/rahulmahdev/devel/optee/optee_os/out/arm-plat-vexpress/export-user_ta/lib/libmpa.a(mpa_div.o)
 .text.__mpa_div_dword
                0x00006c44       0x60 /home/rahulmahdev/devel/optee/optee_os/out/arm-plat-vexpress/export-user_ta/lib/libmpa.a(mpa_div.o)
                0x00006c44                __mpa_div_dword
 .text.__mpa_div_q_r_internal
                0x00006ca4      0x6a0 /home/rahulmahdev/devel/optee/optee_os/out/arm-plat-vexpress/export-user_ta/lib/libmpa.a(mpa_div.o)
 .text.__mpa_div_q_r_internal_word
                0x00007344      0x15c /home/rahulmahdev/devel/optee/optee_os/out/arm-plat-vexpress/export-user_ta/lib/libmpa.a(mpa_div.o)
                0x00007344                __mpa_div_q_r_internal_word
 .text.__mpa_div_q_r
                0x000074a0      0x184 /home/rahulmahdev/devel/optee/optee_os/out/arm-plat-vexpress/export-user_ta/lib/libmpa.a(mpa_div.o)
                0x000074a0                __mpa_div_q_r
 .text.mpa_div  0x00007624      0x104 /home/rahulmahdev/devel/optee/optee_os/out/arm-plat-vexpress/export-user_ta/lib/libmpa.a(mpa_div.o)
                0x00007624                mpa_div
 .text.__mpa_divby2
                0x00007728       0xf4 /home/rahulmahdev/devel/optee/optee_os/out/arm-plat-vexpress/export-user_ta/lib/libmpa.a(mpa_gcd.o)
 .text.__mpa_egcd
                0x0000781c      0x390 /home/rahulmahdev/devel/optee/optee_os/out/arm-plat-vexpress/export-user_ta/lib/libmpa.a(mpa_gcd.o)
 .text.__mpa_gcd
                0x00007bac      0x1cc /home/rahulmahdev/devel/optee/optee_os/out/arm-plat-vexpress/export-user_ta/lib/libmpa.a(mpa_gcd.o)
 .text.mpa_gcd  0x00007d78      0x118 /home/rahulmahdev/devel/optee/optee_os/out/arm-plat-vexpress/export-user_ta/lib/libmpa.a(mpa_gcd.o)
                0x00007d78                mpa_gcd
 .text.mpa_extended_gcd
                0x00007e90      0x21c /home/rahulmahdev/devel/optee/optee_os/out/arm-plat-vexpress/export-user_ta/lib/libmpa.a(mpa_gcd.o)
                0x00007e90                mpa_extended_gcd
 .text.mpa_init_scratch_mem
                0x000080ac       0x34 /home/rahulmahdev/devel/optee/optee_os/out/arm-plat-vexpress/export-user_ta/lib/libmpa.a(mpa_mem_static.o)
                0x000080ac                mpa_init_scratch_mem
 .text.mpa_alloc_static_temp_var_size
                0x000080e0      0x118 /home/rahulmahdev/devel/optee/optee_os/out/arm-plat-vexpress/export-user_ta/lib/libmpa.a(mpa_mem_static.o)
                0x000080e0                mpa_alloc_static_temp_var_size
 .text.mpa_alloc_static_temp_var
                0x000081f8       0x2c /home/rahulmahdev/devel/optee/optee_os/out/arm-plat-vexpress/export-user_ta/lib/libmpa.a(mpa_mem_static.o)
                0x000081f8                mpa_alloc_static_temp_var
 .text.mpa_free_static_temp_var
                0x00008224       0x80 /home/rahulmahdev/devel/optee/optee_os/out/arm-plat-vexpress/export-user_ta/lib/libmpa.a(mpa_mem_static.o)
                0x00008224                mpa_free_static_temp_var
 .text.__mpa_mul_add_word
                0x000082a4       0x78 /home/rahulmahdev/devel/optee/optee_os/out/arm-plat-vexpress/export-user_ta/lib/libmpa.a(mpa_mul.o)
                0x000082a4                __mpa_mul_add_word
 .text.__mpa_mul_add_word_cum
                0x0000831c       0x88 /home/rahulmahdev/devel/optee/optee_os/out/arm-plat-vexpress/export-user_ta/lib/libmpa.a(mpa_mul.o)
                0x0000831c                __mpa_mul_add_word_cum
 .text.__mpa_abs_mul_word
                0x000083a4       0xcc /home/rahulmahdev/devel/optee/optee_os/out/arm-plat-vexpress/export-user_ta/lib/libmpa.a(mpa_mul.o)
                0x000083a4                __mpa_abs_mul_word
 .text.__mpa_abs_mul
                0x00008470      0x12c /home/rahulmahdev/devel/optee/optee_os/out/arm-plat-vexpress/export-user_ta/lib/libmpa.a(mpa_mul.o)
                0x00008470                __mpa_abs_mul
 .text.mpa_mul  0x0000859c       0xf8 /home/rahulmahdev/devel/optee/optee_os/out/arm-plat-vexpress/export-user_ta/lib/libmpa.a(mpa_mul.o)
                0x0000859c                mpa_mul
 .text.mpa_mul_word
                0x00008694       0xdc /home/rahulmahdev/devel/optee/optee_os/out/arm-plat-vexpress/export-user_ta/lib/libmpa.a(mpa_mul.o)
                0x00008694                mpa_mul_word
 .text.mpa_set_random_generator
                0x00008770       0x24 /home/rahulmahdev/devel/optee/optee_os/out/arm-plat-vexpress/export-user_ta/lib/libmpa.a(mpa_random.o)
                0x00008770                mpa_set_random_generator
 .text.get_random_byte
                0x00008794       0x34 /home/rahulmahdev/devel/optee/optee_os/out/arm-plat-vexpress/export-user_ta/lib/libmpa.a(mpa_random.o)
 .text.mpa_get_random
                0x000087c8      0x158 /home/rahulmahdev/devel/optee/optee_os/out/arm-plat-vexpress/export-user_ta/lib/libmpa.a(mpa_random.o)
                0x000087c8                mpa_get_random
 .text.__mpa_shift_words_left
                0x00008920       0xcc /home/rahulmahdev/devel/optee/optee_os/out/arm-plat-vexpress/export-user_ta/lib/libmpa.a(mpa_shift.o)
                0x00008920                __mpa_shift_words_left
 .text.__mpa_shift_words_right
                0x000089ec       0xc0 /home/rahulmahdev/devel/optee/optee_os/out/arm-plat-vexpress/export-user_ta/lib/libmpa.a(mpa_shift.o)
                0x000089ec                __mpa_shift_words_right
 .text.mpa_shift_left
                0x00008aac      0x248 /home/rahulmahdev/devel/optee/optee_os/out/arm-plat-vexpress/export-user_ta/lib/libmpa.a(mpa_shift.o)
                0x00008aac                mpa_shift_left
 .text.mpa_shift_right
                0x00008cf4      0x200 /home/rahulmahdev/devel/optee/optee_os/out/arm-plat-vexpress/export-user_ta/lib/libmpa.a(mpa_shift.o)
                0x00008cf4                mpa_shift_right
 .text.__mpa_full_adder
                0x00008ef4       0x64 /home/rahulmahdev/devel/optee/optee_os/out/arm-plat-vexpress/export-user_ta/lib/libmpa.a(mpa_addsub.o)
                0x00008ef4                __mpa_full_adder
 .text.__mpa_full_sub
                0x00008f58       0x68 /home/rahulmahdev/devel/optee/optee_os/out/arm-plat-vexpress/export-user_ta/lib/libmpa.a(mpa_addsub.o)
                0x00008f58                __mpa_full_sub
 .text.__mpa_full_adder_ackum
                0x00008fc0       0x64 /home/rahulmahdev/devel/optee/optee_os/out/arm-plat-vexpress/export-user_ta/lib/libmpa.a(mpa_addsub.o)
                0x00008fc0                __mpa_full_adder_ackum
 .text.__mpa_abs_add
                0x00009024      0x138 /home/rahulmahdev/devel/optee/optee_os/out/arm-plat-vexpress/export-user_ta/lib/libmpa.a(mpa_addsub.o)
                0x00009024                __mpa_abs_add
 .text.__mpa_abs_add_ackum
                0x0000915c      0x10c /home/rahulmahdev/devel/optee/optee_os/out/arm-plat-vexpress/export-user_ta/lib/libmpa.a(mpa_addsub.o)
                0x0000915c                __mpa_abs_add_ackum
 .text.__mpa_abs_sub
                0x00009268      0x110 /home/rahulmahdev/devel/optee/optee_os/out/arm-plat-vexpress/export-user_ta/lib/libmpa.a(mpa_addsub.o)
                0x00009268                __mpa_abs_sub
 .text.mpa_add  0x00009378      0x224 /home/rahulmahdev/devel/optee/optee_os/out/arm-plat-vexpress/export-user_ta/lib/libmpa.a(mpa_addsub.o)
                0x00009378                mpa_add
 .text.mpa_sub  0x0000959c      0x250 /home/rahulmahdev/devel/optee/optee_os/out/arm-plat-vexpress/export-user_ta/lib/libmpa.a(mpa_addsub.o)
                0x0000959c                mpa_sub
 .text.mpa_neg  0x000097ec       0x38 /home/rahulmahdev/devel/optee/optee_os/out/arm-plat-vexpress/export-user_ta/lib/libmpa.a(mpa_addsub.o)
                0x000097ec                mpa_neg
 .text.mpa_add_word
                0x00009824      0x170 /home/rahulmahdev/devel/optee/optee_os/out/arm-plat-vexpress/export-user_ta/lib/libmpa.a(mpa_addsub.o)
                0x00009824                mpa_add_word
 .text.mpa_sub_word
                0x00009994      0x174 /home/rahulmahdev/devel/optee/optee_os/out/arm-plat-vexpress/export-user_ta/lib/libmpa.a(mpa_addsub.o)
                0x00009994                mpa_sub_word
 .text.__mpa_abs_cmp
                0x00009b08      0x100 /home/rahulmahdev/devel/optee/optee_os/out/arm-plat-vexpress/export-user_ta/lib/libmpa.a(mpa_cmp.o)
                0x00009b08                __mpa_abs_cmp
 .text.__mpa_abs_greater_than
                0x00009c08       0x30 /home/rahulmahdev/devel/optee/optee_os/out/arm-plat-vexpress/export-user_ta/lib/libmpa.a(mpa_cmp.o)
                0x00009c08                __mpa_abs_greater_than
 .text.__mpa_abs_less_than
                0x00009c38       0x2c /home/rahulmahdev/devel/optee/optee_os/out/arm-plat-vexpress/export-user_ta/lib/libmpa.a(mpa_cmp.o)
                0x00009c38                __mpa_abs_less_than
 .text.mpa_cmp  0x00009c64       0x90 /home/rahulmahdev/devel/optee/optee_os/out/arm-plat-vexpress/export-user_ta/lib/libmpa.a(mpa_cmp.o)
                0x00009c64                mpa_cmp
 .text.mpa_cmp_short
                0x00009cf4       0xac /home/rahulmahdev/devel/optee/optee_os/out/arm-plat-vexpress/export-user_ta/lib/libmpa.a(mpa_cmp.o)
                0x00009cf4                mpa_cmp_short
 .text.mpa_exp_mod
                0x00009da0      0x16c /home/rahulmahdev/devel/optee/optee_os/out/arm-plat-vexpress/export-user_ta/lib/libmpa.a(mpa_expmod.o)
                0x00009da0                mpa_exp_mod
 .text.mpa_init_static
                0x00009f0c       0x4c /home/rahulmahdev/devel/optee/optee_os/out/arm-plat-vexpress/export-user_ta/lib/libmpa.a(mpa_init.o)
                0x00009f0c                mpa_init_static
 .text.mpa_init_static_fmm_context
                0x00009f58       0xb8 /home/rahulmahdev/devel/optee/optee_os/out/arm-plat-vexpress/export-user_ta/lib/libmpa.a(mpa_init.o)
                0x00009f58                mpa_init_static_fmm_context
 .text.__mpa_isspace
                0x0000a010       0x44 /home/rahulmahdev/devel/optee/optee_os/out/arm-plat-vexpress/export-user_ta/lib/libmpa.a(mpa_io.o)
 .text.__mpa_is_char_in_base
                0x0000a054       0x8c /home/rahulmahdev/devel/optee/optee_os/out/arm-plat-vexpress/export-user_ta/lib/libmpa.a(mpa_io.o)
 .text.__mpa_digit_value
                0x0000a0e0       0x58 /home/rahulmahdev/devel/optee/optee_os/out/arm-plat-vexpress/export-user_ta/lib/libmpa.a(mpa_io.o)
 .text.__mpa_digitstr_to_binary_wsize_base_16
                0x0000a138       0x24 /home/rahulmahdev/devel/optee/optee_os/out/arm-plat-vexpress/export-user_ta/lib/libmpa.a(mpa_io.o)
 .text.__mpa_nibble_to_char
                0x0000a15c       0x50 /home/rahulmahdev/devel/optee/optee_os/out/arm-plat-vexpress/export-user_ta/lib/libmpa.a(mpa_io.o)
 .text.__mpa_word_to_hexstr
                0x0000a1ac       0x6c /home/rahulmahdev/devel/optee/optee_os/out/arm-plat-vexpress/export-user_ta/lib/libmpa.a(mpa_io.o)
 .text.__mpa_mpanum_to_hexstr
                0x0000a218      0x134 /home/rahulmahdev/devel/optee/optee_os/out/arm-plat-vexpress/export-user_ta/lib/libmpa.a(mpa_io.o)
 .text.__mpa_count_leading_zero_bits
                0x0000a34c       0x50 /home/rahulmahdev/devel/optee/optee_os/out/arm-plat-vexpress/export-user_ta/lib/libmpa.a(mpa_io.o)
 .text.__mpa_size_in_base_255
                0x0000a39c       0x6c /home/rahulmahdev/devel/optee/optee_os/out/arm-plat-vexpress/export-user_ta/lib/libmpa.a(mpa_io.o)
 .text.mpa_get_str_size
                0x0000a408       0x14 /home/rahulmahdev/devel/optee/optee_os/out/arm-plat-vexpress/export-user_ta/lib/libmpa.a(mpa_io.o)
                0x0000a408                mpa_get_str_size
 .text.mpa_set_str
                0x0000a41c      0x348 /home/rahulmahdev/devel/optee/optee_os/out/arm-plat-vexpress/export-user_ta/lib/libmpa.a(mpa_io.o)
                0x0000a41c                mpa_set_str
 .text.mpa_get_str
                0x0000a764       0xb8 /home/rahulmahdev/devel/optee/optee_os/out/arm-plat-vexpress/export-user_ta/lib/libmpa.a(mpa_io.o)
                0x0000a764                mpa_get_str
 .text.set_word
                0x0000a81c       0x68 /home/rahulmahdev/devel/optee/optee_os/out/arm-plat-vexpress/export-user_ta/lib/libmpa.a(mpa_io.o)
 .text.mpa_set_oct_str
                0x0000a884      0x100 /home/rahulmahdev/devel/optee/optee_os/out/arm-plat-vexpress/export-user_ta/lib/libmpa.a(mpa_io.o)
                0x0000a884                mpa_set_oct_str
 .text.get_word
                0x0000a984       0x44 /home/rahulmahdev/devel/optee/optee_os/out/arm-plat-vexpress/export-user_ta/lib/libmpa.a(mpa_io.o)
 .text.mpa_get_oct_str
                0x0000a9c8      0x148 /home/rahulmahdev/devel/optee/optee_os/out/arm-plat-vexpress/export-user_ta/lib/libmpa.a(mpa_io.o)
                0x0000a9c8                mpa_get_oct_str
 .text.mpa_mod  0x0000ab10       0x44 /home/rahulmahdev/devel/optee/optee_os/out/arm-plat-vexpress/export-user_ta/lib/libmpa.a(mpa_modulus.o)
                0x0000ab10                mpa_mod
 .text.mpa_add_mod
                0x0000ab54       0x78 /home/rahulmahdev/devel/optee/optee_os/out/arm-plat-vexpress/export-user_ta/lib/libmpa.a(mpa_modulus.o)
                0x0000ab54                mpa_add_mod
 .text.mpa_sub_mod
                0x0000abcc       0x78 /home/rahulmahdev/devel/optee/optee_os/out/arm-plat-vexpress/export-user_ta/lib/libmpa.a(mpa_modulus.o)
                0x0000abcc                mpa_sub_mod
 .text.mpa_mul_mod
                0x0000ac44       0x78 /home/rahulmahdev/devel/optee/optee_os/out/arm-plat-vexpress/export-user_ta/lib/libmpa.a(mpa_modulus.o)
                0x0000ac44                mpa_mul_mod
 .text.mpa_inv_mod
                0x0000acbc      0x12c /home/rahulmahdev/devel/optee/optee_os/out/arm-plat-vexpress/export-user_ta/lib/libmpa.a(mpa_modulus.o)
                0x0000acbc                mpa_inv_mod
 .text          0x0000ade8        0x0 /home/rahulmahdev/devel/optee/build/../quiz_test/out/ta/fact/hello_world_ta.o
 .text          0x0000ade8        0x0 /home/rahulmahdev/devel/optee/build/../quiz_test/out/ta/fact/user_ta_header.o
 .text          0x0000ade8        0x0 /home/rahulmahdev/devel/optee/optee_os/out/arm-plat-vexpress/export-user_ta/lib/libutee.a(user_ta_entry.o)
 .text          0x0000ade8        0x0 /home/rahulmahdev/devel/optee/optee_os/out/arm-plat-vexpress/export-user_ta/lib/libutee.a(tee_api_arith.o)
 .text          0x0000ade8        0x0 /home/rahulmahdev/devel/optee/optee_os/out/arm-plat-vexpress/export-user_ta/lib/libutee.a(tee_api.o)
 .text          0x0000ade8        0x0 /home/rahulmahdev/devel/optee/optee_os/out/arm-plat-vexpress/export-user_ta/lib/libutee.a(utee_misc.o)
 .text          0x0000ade8        0x0 /home/rahulmahdev/devel/optee/optee_os/out/arm-plat-vexpress/export-user_ta/lib/libutee.a(tee_user_mem.o)
 .text          0x0000ade8        0x0 /home/rahulmahdev/devel/optee/optee_os/out/arm-plat-vexpress/export-user_ta/lib/libutee.a(trace_ext.o)
 .text          0x0000ade8        0x0 /home/rahulmahdev/devel/optee/optee_os/out/arm-plat-vexpress/export-user_ta/lib/libutee.a(assert.o)
 .text          0x0000ade8        0x0 /home/rahulmahdev/devel/optee/optee_os/out/arm-plat-vexpress/export-user_ta/lib/libutils.a(bget_malloc.o)
 .text          0x0000ade8        0x0 /home/rahulmahdev/devel/optee/optee_os/out/arm-plat-vexpress/export-user_ta/lib/libutils.a(snprintf.o)
 .text          0x0000ade8        0x0 /home/rahulmahdev/devel/optee/optee_os/out/arm-plat-vexpress/export-user_ta/lib/libutils.a(memchr.o)
 .text          0x0000ade8        0x0 /home/rahulmahdev/devel/optee/optee_os/out/arm-plat-vexpress/export-user_ta/lib/libutils.a(memcmp.o)
 .text          0x0000ade8        0x0 /home/rahulmahdev/devel/optee/optee_os/out/arm-plat-vexpress/export-user_ta/lib/libutils.a(memcpy.o)
 .text          0x0000ade8        0x0 /home/rahulmahdev/devel/optee/optee_os/out/arm-plat-vexpress/export-user_ta/lib/libutils.a(memmove.o)
 .text          0x0000ade8        0x0 /home/rahulmahdev/devel/optee/optee_os/out/arm-plat-vexpress/export-user_ta/lib/libutils.a(memset.o)
 .text          0x0000ade8        0x0 /home/rahulmahdev/devel/optee/optee_os/out/arm-plat-vexpress/export-user_ta/lib/libutils.a(strlen.o)
 .text          0x0000ade8        0x0 /home/rahulmahdev/devel/optee/optee_os/out/arm-plat-vexpress/export-user_ta/lib/libutils.a(arm32_aeabi_ldivmod.o)
 .text          0x0000ade8        0x0 /home/rahulmahdev/devel/optee/optee_os/out/arm-plat-vexpress/export-user_ta/lib/libutils.a(strlcpy.o)
 .text          0x0000ade8        0x0 /home/rahulmahdev/devel/optee/optee_os/out/arm-plat-vexpress/export-user_ta/lib/libutils.a(trace.o)
 .text          0x0000ade8        0x0 /home/rahulmahdev/devel/optee/optee_os/out/arm-plat-vexpress/export-user_ta/lib/libmpa.a(mpa_misc.o)
 .text          0x0000ade8        0x0 /home/rahulmahdev/devel/optee/optee_os/out/arm-plat-vexpress/export-user_ta/lib/libmpa.a(mpa_montgomery.o)
 .text          0x0000ade8        0x0 /home/rahulmahdev/devel/optee/optee_os/out/arm-plat-vexpress/export-user_ta/lib/libmpa.a(mpa_primetest.o)
 .text          0x0000ade8        0x0 /home/rahulmahdev/devel/optee/optee_os/out/arm-plat-vexpress/export-user_ta/lib/libmpa.a(mpa_conv.o)
 .text          0x0000ade8        0x0 /home/rahulmahdev/devel/optee/optee_os/out/arm-plat-vexpress/export-user_ta/lib/libmpa.a(mpa_div.o)
 .text          0x0000ade8        0x0 /home/rahulmahdev/devel/optee/optee_os/out/arm-plat-vexpress/export-user_ta/lib/libmpa.a(mpa_gcd.o)
 .text          0x0000ade8        0x0 /home/rahulmahdev/devel/optee/optee_os/out/arm-plat-vexpress/export-user_ta/lib/libmpa.a(mpa_mem_static.o)
 .text          0x0000ade8        0x0 /home/rahulmahdev/devel/optee/optee_os/out/arm-plat-vexpress/export-user_ta/lib/libmpa.a(mpa_mul.o)
 .text          0x0000ade8        0x0 /home/rahulmahdev/devel/optee/optee_os/out/arm-plat-vexpress/export-user_ta/lib/libmpa.a(mpa_random.o)
 .text          0x0000ade8        0x0 /home/rahulmahdev/devel/optee/optee_os/out/arm-plat-vexpress/export-user_ta/lib/libmpa.a(mpa_shift.o)
 .text          0x0000ade8        0x0 /home/rahulmahdev/devel/optee/optee_os/out/arm-plat-vexpress/export-user_ta/lib/libmpa.a(mpa_addsub.o)
 .text          0x0000ade8        0x0 /home/rahulmahdev/devel/optee/optee_os/out/arm-plat-vexpress/export-user_ta/lib/libmpa.a(mpa_cmp.o)
 .text          0x0000ade8        0x0 /home/rahulmahdev/devel/optee/optee_os/out/arm-plat-vexpress/export-user_ta/lib/libmpa.a(mpa_expmod.o)
 .text          0x0000ade8        0x0 /home/rahulmahdev/devel/optee/optee_os/out/arm-plat-vexpress/export-user_ta/lib/libmpa.a(mpa_init.o)
 .text          0x0000ade8        0x0 /home/rahulmahdev/devel/optee/optee_os/out/arm-plat-vexpress/export-user_ta/lib/libmpa.a(mpa_io.o)
 .text          0x0000ade8        0x0 /home/rahulmahdev/devel/optee/optee_os/out/arm-plat-vexpress/export-user_ta/lib/libmpa.a(mpa_modulus.o)
 *(SORT(.stub))
 *(SORT(.glue_7))
 .glue_7        0x00000000        0x0 linker stubs
 *(SORT(.glue_7t))
 .glue_7t       0x00000000        0x0 linker stubs
 *(SORT(.gnu.linkonce.t.*))
 *(SORT(.vfp11_veneer))
 .vfp11_veneer  0x00000000        0x0 linker stubs

.v4_bx          0x0000ade8        0x0
 .v4_bx         0x00000000        0x0 linker stubs

.iplt           0x0000ade8        0x0
 .iplt          0x00000000        0x0 /home/rahulmahdev/devel/optee/build/../quiz_test/out/ta/fact/hello_world_ta.o

.eh_frame
 *(SORT(.eh_frame))

.rodata         0x0000ade8     0x15ff
 *(SORT(.gnu.linkonce.r.*))
 *(SORT(.rodata) SORT(.rodata.*))
 .rodata.hello_world_ta.c
                0x0000ade8       0x30 /home/rahulmahdev/devel/optee/build/../quiz_test/out/ta/fact/hello_world_ta.o
 .rodata.__func__.4829
                0x0000ae18       0x1c /home/rahulmahdev/devel/optee/build/../quiz_test/out/ta/fact/hello_world_ta.o
 .rodata.__func__.4833
                0x0000ae34       0x1c /home/rahulmahdev/devel/optee/build/../quiz_test/out/ta/fact/hello_world_ta.o
 .rodata.trace_ext_prefix
                0x0000ae50        0x8 /home/rahulmahdev/devel/optee/build/../quiz_test/out/ta/fact/user_ta_header.o
                0x0000ae50                trace_ext_prefix
 .rodata.ta_heap_size
                0x0000ae58        0x4 /home/rahulmahdev/devel/optee/build/../quiz_test/out/ta/fact/user_ta_header.o
                0x0000ae58                ta_heap_size
 .rodata.__compound_literal.3
                0x0000ae5c        0x4 /home/rahulmahdev/devel/optee/build/../quiz_test/out/ta/fact/user_ta_header.o
 .rodata.__compound_literal.4
                0x0000ae60        0x4 /home/rahulmahdev/devel/optee/build/../quiz_test/out/ta/fact/user_ta_header.o
 .rodata.__compound_literal.5
                0x0000ae64        0x4 /home/rahulmahdev/devel/optee/build/../quiz_test/out/ta/fact/user_ta_header.o
 .rodata.user_ta_header.c
                0x0000ae68       0xf0 /home/rahulmahdev/devel/optee/build/../quiz_test/out/ta/fact/user_ta_header.o
 .rodata.ta_num_props
                0x0000af58        0x4 /home/rahulmahdev/devel/optee/build/../quiz_test/out/ta/fact/user_ta_header.o
                0x0000af58                ta_num_props
 .rodata.lib/libutee/tee_api_arith.c
                0x0000af5c       0x60 /home/rahulmahdev/devel/optee/optee_os/out/arm-plat-vexpress/export-user_ta/lib/libutee.a(tee_api_arith.o)
 .rodata.DEFAULT_TEE_MALLOC_HINT
                0x0000afbc        0x4 /home/rahulmahdev/devel/optee/optee_os/out/arm-plat-vexpress/export-user_ta/lib/libutee.a(tee_api.o)
 .rodata.DEFAULT_TEE_MALLOC_HINT
                0x0000afc0        0x4 /home/rahulmahdev/devel/optee/optee_os/out/arm-plat-vexpress/export-user_ta/lib/libutee.a(tee_user_mem.o)
 .rodata.CANARY_LINE_SIZE
                0x0000afc4        0x4 /home/rahulmahdev/devel/optee/optee_os/out/arm-plat-vexpress/export-user_ta/lib/libutee.a(tee_user_mem.o)
 .rodata.lib/libutee/tee_user_mem.c
                0x0000afc8       0xf0 /home/rahulmahdev/devel/optee/optee_os/out/arm-plat-vexpress/export-user_ta/lib/libutee.a(tee_user_mem.o)
 .rodata.__func__.4931
                0x0000b0b8       0x10 /home/rahulmahdev/devel/optee/optee_os/out/arm-plat-vexpress/export-user_ta/lib/libutee.a(tee_user_mem.o)
 .rodata.__func__.4936
                0x0000b0c8        0xc /home/rahulmahdev/devel/optee/optee_os/out/arm-plat-vexpress/export-user_ta/lib/libutee.a(tee_user_mem.o)
 .rodata.__func__.4955
                0x0000b0d4       0x14 /home/rahulmahdev/devel/optee/optee_os/out/arm-plat-vexpress/export-user_ta/lib/libutee.a(tee_user_mem.o)
 .rodata.__func__.4972
                0x0000b0e8       0x14 /home/rahulmahdev/devel/optee/optee_os/out/arm-plat-vexpress/export-user_ta/lib/libutee.a(tee_user_mem.o)
 .rodata.__func__.4980
                0x0000b0fc       0x18 /home/rahulmahdev/devel/optee/optee_os/out/arm-plat-vexpress/export-user_ta/lib/libutee.a(tee_user_mem.o)
 .rodata.__func__.4985
                0x0000b114       0x14 /home/rahulmahdev/devel/optee/optee_os/out/arm-plat-vexpress/export-user_ta/lib/libutee.a(tee_user_mem.o)
 .rodata.lib/libutee/trace_ext.c
                0x0000b128        0x8 /home/rahulmahdev/devel/optee/optee_os/out/arm-plat-vexpress/export-user_ta/lib/libutee.a(trace_ext.o)
 .rodata.prefix.4674
                0x0000b130        0xc /home/rahulmahdev/devel/optee/optee_os/out/arm-plat-vexpress/export-user_ta/lib/libutee.a(trace_ext.o)
 .rodata.failed.4675
                0x0000b13c       0x14 /home/rahulmahdev/devel/optee/optee_os/out/arm-plat-vexpress/export-user_ta/lib/libutee.a(trace_ext.o)
 .rodata.trunc.4676
                0x0000b150        0x8 /home/rahulmahdev/devel/optee/optee_os/out/arm-plat-vexpress/export-user_ta/lib/libutee.a(trace_ext.o)
 .rodata.lib/libutee/assert.c
                0x0000b158       0x20 /home/rahulmahdev/devel/optee/optee_os/out/arm-plat-vexpress/export-user_ta/lib/libutee.a(assert.o)
 .rodata.__func__.5139
                0x0000b178        0xc /home/rahulmahdev/devel/optee/optee_os/out/arm-plat-vexpress/export-user_ta/lib/libutee.a(assert.o)
 .rodata.lib/libutils/isoc/bget_malloc.c
                0x0000b184      0x3f4 /home/rahulmahdev/devel/optee/optee_os/out/arm-plat-vexpress/export-user_ta/lib/libutils.a(bget_malloc.o)
 .rodata.hexdigits
                0x0000b578       0x14 /home/rahulmahdev/devel/optee/optee_os/out/arm-plat-vexpress/export-user_ta/lib/libutils.a(snprintf.o)
 .rodata.HEXDIGITS
                0x0000b58c       0x14 /home/rahulmahdev/devel/optee/optee_os/out/arm-plat-vexpress/export-user_ta/lib/libutils.a(snprintf.o)
 .rodata.lib/libutils/isoc/snprintf.c
                0x0000b5a0       0x24 /home/rahulmahdev/devel/optee/optee_os/out/arm-plat-vexpress/export-user_ta/lib/libutils.a(snprintf.o)
 .rodata.lib/libutils/ext/trace.c
                0x0000b5c4       0x2c /home/rahulmahdev/devel/optee/optee_os/out/arm-plat-vexpress/export-user_ta/lib/libutils.a(trace.o)
 .rodata.lvl_strs.4220
                0x0000b5f0       0x14 /home/rahulmahdev/devel/optee/optee_os/out/arm-plat-vexpress/export-user_ta/lib/libutils.a(trace.o)
 .rodata.const_largest_deci_base
                0x0000b604        0xc /home/rahulmahdev/devel/optee/optee_os/out/arm-plat-vexpress/export-user_ta/lib/libmpa.a(mpa_misc.o)
                0x0000b604                const_largest_deci_base
 .rodata.Const_1_LShift_Base
                0x0000b610       0x10 /home/rahulmahdev/devel/optee/optee_os/out/arm-plat-vexpress/export-user_ta/lib/libmpa.a(mpa_misc.o)
                0x0000b610                Const_1_LShift_Base
 .rodata.const_one
                0x0000b620        0xc /home/rahulmahdev/devel/optee/optee_os/out/arm-plat-vexpress/export-user_ta/lib/libmpa.a(mpa_misc.o)
                0x0000b620                const_one
 .rodata.MAX_TABULATED_PRIME
                0x0000b62c        0x4 /home/rahulmahdev/devel/optee/optee_os/out/arm-plat-vexpress/export-user_ta/lib/libmpa.a(mpa_primetest.o)
                0x0000b62c                MAX_TABULATED_PRIME
 .rodata.NR_STORED_PRIMES
                0x0000b630        0x4 /home/rahulmahdev/devel/optee/optee_os/out/arm-plat-vexpress/export-user_ta/lib/libmpa.a(mpa_primetest.o)
                0x0000b630                NR_STORED_PRIMES
 .rodata.PRIME_TABLE
                0x0000b634      0xc38 /home/rahulmahdev/devel/optee/optee_os/out/arm-plat-vexpress/export-user_ta/lib/libmpa.a(mpa_primetest.o)
                0x0000b634                PRIME_TABLE
 .rodata.const_small_prime_factors
                0x0000c26c       0xb8 /home/rahulmahdev/devel/optee/optee_os/out/arm-plat-vexpress/export-user_ta/lib/libmpa.a(mpa_primetest.o)
 .rodata.const_miller_rabin_proof_limit
                0x0000c324       0x10 /home/rahulmahdev/devel/optee/optee_os/out/arm-plat-vexpress/export-user_ta/lib/libmpa.a(mpa_primetest.o)
 .rodata.const_two
                0x0000c334        0xc /home/rahulmahdev/devel/optee/optee_os/out/arm-plat-vexpress/export-user_ta/lib/libmpa.a(mpa_primetest.o)
 .rodata.proof_a.4600
                0x0000c340       0x1c /home/rahulmahdev/devel/optee/optee_os/out/arm-plat-vexpress/export-user_ta/lib/libmpa.a(mpa_primetest.o)
 .rodata.lib/libmpa/mpa_io.c
                0x0000c35c       0x88 /home/rahulmahdev/devel/optee/optee_os/out/arm-plat-vexpress/export-user_ta/lib/libmpa.a(mpa_io.o)
 .rodata.__compound_literal.0
                0x0000c3e4        0x1 /home/rahulmahdev/devel/optee/build/../quiz_test/out/ta/fact/user_ta_header.o
 .rodata.__compound_literal.1
                0x0000c3e5        0x1 /home/rahulmahdev/devel/optee/build/../quiz_test/out/ta/fact/user_ta_header.o
 .rodata.__compound_literal.2
                0x0000c3e6        0x1 /home/rahulmahdev/devel/optee/build/../quiz_test/out/ta/fact/user_ta_header.o

.gnu.version_d  0x0000c3e8        0x0
 .gnu.version_d
                0x00000000        0x0 /home/rahulmahdev/devel/optee/build/../quiz_test/out/ta/fact/hello_world_ta.o

.gnu.version    0x0000c3e8        0x0
 .gnu.version   0x00000000        0x0 /home/rahulmahdev/devel/optee/build/../quiz_test/out/ta/fact/hello_world_ta.o

.gnu.version_r  0x0000c3e8        0x0
 .gnu.version_r
                0x00000000        0x0 /home/rahulmahdev/devel/optee/build/../quiz_test/out/ta/fact/hello_world_ta.o

.ARM.exidx
 *(SORT(.ARM.exidx*) SORT(.gnu.linkonce.armexidx.*))

.ctors
 *(SORT(.ctors))

.dtors
 *(SORT(.dtors))

.plt            0x0000c3e8        0x0
 *(SORT(.plt))
 .plt           0x00000000        0x0 /home/rahulmahdev/devel/optee/build/../quiz_test/out/ta/fact/hello_world_ta.o

.got            0x0000c3e8      0x1c4
 *(SORT(.got.plt))
 .got.plt       0x0000c3e8        0xc /home/rahulmahdev/devel/optee/build/../quiz_test/out/ta/fact/hello_world_ta.o
                0x0000c3e8                _GLOBAL_OFFSET_TABLE_
 *(SORT(.got))
 .got           0x0000c3f4      0x1b8 /home/rahulmahdev/devel/optee/build/../quiz_test/out/ta/fact/hello_world_ta.o

.rel.text
 *(SORT(.rel.text))
 *(SORT(.rel.gnu.linkonce.t*))

.rela.text
 *(SORT(.rela.text))
 *(SORT(.rela.gnu.linkonce.t*))

.rel.data
 *(SORT(.rel.data))
 *(SORT(.rel.gnu.linkonce.d*))

.rela.data
 *(SORT(.rela.data))
 *(SORT(.rela.gnu.linkonce.d*))

.rel.rodata
 *(SORT(.rel.rodata))
 *(SORT(.rel.gnu.linkonce.r*))

.rela.rodata
 *(SORT(.rela.rodata))
 *(SORT(.rela.gnu.linkonce.r*))

.rel.dyn        0x0000c5ac       0xd0
 *(SORT(.rel.dyn))
 .rel.iplt      0x00000000        0x0 /home/rahulmahdev/devel/optee/build/../quiz_test/out/ta/fact/hello_world_ta.o
 .rel.ta_head   0x0000c5ac       0x18 /home/rahulmahdev/devel/optee/build/../quiz_test/out/ta/fact/hello_world_ta.o
 .rel.data.rel.ro.local.ta_props
                0x0000c5c4       0x90 /home/rahulmahdev/devel/optee/build/../quiz_test/out/ta/fact/hello_world_ta.o
 .rel.data.rel.local.ta_sessions
                0x0000c654        0x8 /home/rahulmahdev/devel/optee/build/../quiz_test/out/ta/fact/hello_world_ta.o
 .rel.text.ta_header_save_params
                0x00000000        0x0 /home/rahulmahdev/devel/optee/build/../quiz_test/out/ta/fact/hello_world_ta.o
 .rel.data.rel.local.mempool
                0x0000c65c        0x8 /home/rahulmahdev/devel/optee/build/../quiz_test/out/ta/fact/hello_world_ta.o
 .rel.text.TEE_BigIntDiv
                0x00000000        0x0 /home/rahulmahdev/devel/optee/build/../quiz_test/out/ta/fact/hello_world_ta.o
 .rel.text.TEE_BigIntMod
                0x00000000        0x0 /home/rahulmahdev/devel/optee/build/../quiz_test/out/ta/fact/hello_world_ta.o
 .rel.text.TEE_BigIntAddMod
                0x00000000        0x0 /home/rahulmahdev/devel/optee/build/../quiz_test/out/ta/fact/hello_world_ta.o
 .rel.text.TEE_BigIntSubMod
                0x00000000        0x0 /home/rahulmahdev/devel/optee/build/../quiz_test/out/ta/fact/hello_world_ta.o
 .rel.text.TEE_BigIntMulMod
                0x00000000        0x0 /home/rahulmahdev/devel/optee/build/../quiz_test/out/ta/fact/hello_world_ta.o
 .rel.text.TEE_BigIntSquareMod
                0x00000000        0x0 /home/rahulmahdev/devel/optee/build/../quiz_test/out/ta/fact/hello_world_ta.o
 .rel.text.TEE_BigIntInvMod
                0x00000000        0x0 /home/rahulmahdev/devel/optee/build/../quiz_test/out/ta/fact/hello_world_ta.o
 .rel.text.TEE_CloseTASession
                0x00000000        0x0 /home/rahulmahdev/devel/optee/build/../quiz_test/out/ta/fact/hello_world_ta.o
 .rel.text.TEE_InvokeTACommand
                0x00000000        0x0 /home/rahulmahdev/devel/optee/build/../quiz_test/out/ta/fact/hello_world_ta.o
 .rel.text.TEE_UnmaskCancellation
                0x00000000        0x0 /home/rahulmahdev/devel/optee/build/../quiz_test/out/ta/fact/hello_world_ta.o
 .rel.text.TEE_MaskCancellation
                0x00000000        0x0 /home/rahulmahdev/devel/optee/build/../quiz_test/out/ta/fact/hello_world_ta.o
 .rel.text.TEE_GetSystemTime
                0x00000000        0x0 /home/rahulmahdev/devel/optee/build/../quiz_test/out/ta/fact/hello_world_ta.o
 .rel.text.TEE_Wait
                0x00000000        0x0 /home/rahulmahdev/devel/optee/build/../quiz_test/out/ta/fact/hello_world_ta.o
 .rel.text.TEE_GetTAPersistentTime
                0x00000000        0x0 /home/rahulmahdev/devel/optee/build/../quiz_test/out/ta/fact/hello_world_ta.o
 .rel.text.TEE_SetTAPersistentTime
                0x00000000        0x0 /home/rahulmahdev/devel/optee/build/../quiz_test/out/ta/fact/hello_world_ta.o
 .rel.text.TEE_GetREETime
                0x00000000        0x0 /home/rahulmahdev/devel/optee/build/../quiz_test/out/ta/fact/hello_world_ta.o
 .rel.data.rel.local.user_mem_head
                0x0000c664        0x8 /home/rahulmahdev/devel/optee/build/../quiz_test/out/ta/fact/hello_world_ta.o
 .rel.text.is_buffer_valid
                0x00000000        0x0 /home/rahulmahdev/devel/optee/build/../quiz_test/out/ta/fact/hello_world_ta.o
 .rel.text.is_mem_coherent
                0x00000000        0x0 /home/rahulmahdev/devel/optee/build/../quiz_test/out/ta/fact/hello_world_ta.o
 .rel.text.tee_user_mem_alloc
                0x00000000        0x0 /home/rahulmahdev/devel/optee/build/../quiz_test/out/ta/fact/hello_world_ta.o
 .rel.text.tee_user_mem_realloc
                0x00000000        0x0 /home/rahulmahdev/devel/optee/build/../quiz_test/out/ta/fact/hello_world_ta.o
 .rel.text.tee_user_mem_free
                0x00000000        0x0 /home/rahulmahdev/devel/optee/build/../quiz_test/out/ta/fact/hello_world_ta.o
 .rel.text.tee_user_mem_status
                0x00000000        0x0 /home/rahulmahdev/devel/optee/build/../quiz_test/out/ta/fact/hello_world_ta.o
 .rel.text.tee_user_mem_garbage
                0x00000000        0x0 /home/rahulmahdev/devel/optee/build/../quiz_test/out/ta/fact/hello_world_ta.o
 .rel.text.printf
                0x00000000        0x0 /home/rahulmahdev/devel/optee/build/../quiz_test/out/ta/fact/hello_world_ta.o
 .rel.text.puts
                0x00000000        0x0 /home/rahulmahdev/devel/optee/build/../quiz_test/out/ta/fact/hello_world_ta.o
 .rel.data.rel.local.freelist
                0x0000c66c       0x10 /home/rahulmahdev/devel/optee/build/../quiz_test/out/ta/fact/hello_world_ta.o
 .rel.text.bgetz
                0x00000000        0x0 /home/rahulmahdev/devel/optee/build/../quiz_test/out/ta/fact/hello_world_ta.o
 .rel.text.bgetr
                0x00000000        0x0 /home/rahulmahdev/devel/optee/build/../quiz_test/out/ta/fact/hello_world_ta.o
 .rel.text.raw_malloc
                0x00000000        0x0 /home/rahulmahdev/devel/optee/build/../quiz_test/out/ta/fact/hello_world_ta.o
 .rel.text.raw_free
                0x00000000        0x0 /home/rahulmahdev/devel/optee/build/../quiz_test/out/ta/fact/hello_world_ta.o
 .rel.text.raw_calloc
                0x00000000        0x0 /home/rahulmahdev/devel/optee/build/../quiz_test/out/ta/fact/hello_world_ta.o
 .rel.text.raw_realloc
                0x00000000        0x0 /home/rahulmahdev/devel/optee/build/../quiz_test/out/ta/fact/hello_world_ta.o
 .rel.text.raw_memalign
                0x00000000        0x0 /home/rahulmahdev/devel/optee/build/../quiz_test/out/ta/fact/hello_world_ta.o
 .rel.text.malloc_init
                0x00000000        0x0 /home/rahulmahdev/devel/optee/build/../quiz_test/out/ta/fact/hello_world_ta.o
 .rel.text.malloc_add_pool
                0x00000000        0x0 /home/rahulmahdev/devel/optee/build/../quiz_test/out/ta/fact/hello_world_ta.o
 .rel.text.snprintf
                0x00000000        0x0 /home/rahulmahdev/devel/optee/build/../quiz_test/out/ta/fact/hello_world_ta.o
 .rel.text.mpa_abs
                0x00000000        0x0 /home/rahulmahdev/devel/optee/build/../quiz_test/out/ta/fact/hello_world_ta.o
 .rel.text.mpa_constant_one
                0x00000000        0x0 /home/rahulmahdev/devel/optee/build/../quiz_test/out/ta/fact/hello_world_ta.o
 .rel.text.__mpa_montgomery_mul
                0x00000000        0x0 /home/rahulmahdev/devel/optee/build/../quiz_test/out/ta/fact/hello_world_ta.o
 .rel.text.mpa_montgomery_mul
                0x00000000        0x0 /home/rahulmahdev/devel/optee/build/../quiz_test/out/ta/fact/hello_world_ta.o
 .rel.text.check_table
                0x00000000        0x0 /home/rahulmahdev/devel/optee/build/../quiz_test/out/ta/fact/hello_world_ta.o
 .rel.text.__mpa_div_q_r_internal
                0x00000000        0x0 /home/rahulmahdev/devel/optee/build/../quiz_test/out/ta/fact/hello_world_ta.o
 .rel.text.__mpa_div_q_r_internal_word
                0x00000000        0x0 /home/rahulmahdev/devel/optee/build/../quiz_test/out/ta/fact/hello_world_ta.o
 .rel.text.__mpa_div_q_r
                0x00000000        0x0 /home/rahulmahdev/devel/optee/build/../quiz_test/out/ta/fact/hello_world_ta.o
 .rel.text.mpa_div
                0x00000000        0x0 /home/rahulmahdev/devel/optee/build/../quiz_test/out/ta/fact/hello_world_ta.o
 .rel.text.mpa_extended_gcd
                0x00000000        0x0 /home/rahulmahdev/devel/optee/build/../quiz_test/out/ta/fact/hello_world_ta.o
 .rel.text.mpa_alloc_static_temp_var
                0x00000000        0x0 /home/rahulmahdev/devel/optee/build/../quiz_test/out/ta/fact/hello_world_ta.o
 .rel.text.__mpa_abs_mul_word
                0x00000000        0x0 /home/rahulmahdev/devel/optee/build/../quiz_test/out/ta/fact/hello_world_ta.o
 .rel.text.__mpa_abs_mul
                0x00000000        0x0 /home/rahulmahdev/devel/optee/build/../quiz_test/out/ta/fact/hello_world_ta.o
 .rel.text.mpa_mul
                0x00000000        0x0 /home/rahulmahdev/devel/optee/build/../quiz_test/out/ta/fact/hello_world_ta.o
 .rel.text.mpa_mul_word
                0x00000000        0x0 /home/rahulmahdev/devel/optee/build/../quiz_test/out/ta/fact/hello_world_ta.o
 .rel.text.__mpa_abs_add
                0x00000000        0x0 /home/rahulmahdev/devel/optee/build/../quiz_test/out/ta/fact/hello_world_ta.o
 .rel.text.__mpa_abs_add_ackum
                0x00000000        0x0 /home/rahulmahdev/devel/optee/build/../quiz_test/out/ta/fact/hello_world_ta.o
 .rel.text.__mpa_abs_sub
                0x00000000        0x0 /home/rahulmahdev/devel/optee/build/../quiz_test/out/ta/fact/hello_world_ta.o
 .rel.text.mpa_add
                0x00000000        0x0 /home/rahulmahdev/devel/optee/build/../quiz_test/out/ta/fact/hello_world_ta.o
 .rel.text.mpa_sub
                0x00000000        0x0 /home/rahulmahdev/devel/optee/build/../quiz_test/out/ta/fact/hello_world_ta.o
 .rel.text.mpa_add_word
                0x00000000        0x0 /home/rahulmahdev/devel/optee/build/../quiz_test/out/ta/fact/hello_world_ta.o
 .rel.text.mpa_sub_word
                0x00000000        0x0 /home/rahulmahdev/devel/optee/build/../quiz_test/out/ta/fact/hello_world_ta.o
 .rel.text.__mpa_abs_greater_than
                0x00000000        0x0 /home/rahulmahdev/devel/optee/build/../quiz_test/out/ta/fact/hello_world_ta.o
 .rel.text.__mpa_abs_less_than
                0x00000000        0x0 /home/rahulmahdev/devel/optee/build/../quiz_test/out/ta/fact/hello_world_ta.o
 .rel.text.mpa_cmp
                0x00000000        0x0 /home/rahulmahdev/devel/optee/build/../quiz_test/out/ta/fact/hello_world_ta.o

.rel.got        0x0000c67c      0x370
 *(SORT(.rel.got))
 .rel.got       0x0000c67c      0x370 /home/rahulmahdev/devel/optee/build/../quiz_test/out/ta/fact/hello_world_ta.o

.rela.got
 *(SORT(.rela.got))

.rel.ctors
 *(SORT(.rel.ctors))

.rela.ctors
 *(SORT(.rela.ctors))

.rel.dtors
 *(SORT(.rel.dtors))

.rela.dtors
 *(SORT(.rela.dtors))

.rel.init
 *(SORT(.rel.init))

.rela.init
 *(SORT(.rela.init))

.rel.fini
 *(SORT(.rel.fini))

.rela.fini
 *(SORT(.rela.fini))

.rel.bss
 *(SORT(.rel.bss))

.rela.bss
 *(SORT(.rela.bss))

.rel.plt        0x0000c9ec        0x0
 *(SORT(.rel.plt))
 .rel.plt       0x00000000        0x0 /home/rahulmahdev/devel/optee/build/../quiz_test/out/ta/fact/hello_world_ta.o

.rela.plt
 *(SORT(.rela.plt))
                0x0000d000                . = ALIGN (0x1000)

.data           0x0000d000       0x98
 *(SORT(.data) SORT(.data.*) SORT(.gnu.linkonce.d.*))
 .data.trace_level
                0x0000d000        0x4 /home/rahulmahdev/devel/optee/build/../quiz_test/out/ta/fact/user_ta_header.o
                0x0000d000                trace_level
 .data.rel.ro.local.ta_props
                0x0000d004       0x6c /home/rahulmahdev/devel/optee/build/../quiz_test/out/ta/fact/user_ta_header.o
                0x0000d004                ta_props
 .data.rel.local.ta_sessions
                0x0000d070        0x8 /home/rahulmahdev/devel/optee/optee_os/out/arm-plat-vexpress/export-user_ta/lib/libutee.a(user_ta_entry.o)
 .data.rel.local.mempool
                0x0000d078        0x4 /home/rahulmahdev/devel/optee/optee_os/out/arm-plat-vexpress/export-user_ta/lib/libutee.a(tee_api_arith.o)
 .data.ARTIST   0x0000d07c        0x4 /home/rahulmahdev/devel/optee/optee_os/out/arm-plat-vexpress/export-user_ta/lib/libutee.a(tee_user_mem.o)
 .data.rel.local.user_mem_head
                0x0000d080        0x8 /home/rahulmahdev/devel/optee/optee_os/out/arm-plat-vexpress/export-user_ta/lib/libutee.a(tee_user_mem.o)
                0x0000d080                user_mem_head
 .data.rel.local.freelist
                0x0000d088       0x10 /home/rahulmahdev/devel/optee/optee_os/out/arm-plat-vexpress/export-user_ta/lib/libutils.a(bget_malloc.o)
 .data          0x0000d098        0x0 /home/rahulmahdev/devel/optee/build/../quiz_test/out/ta/fact/hello_world_ta.o
 .data          0x0000d098        0x0 /home/rahulmahdev/devel/optee/build/../quiz_test/out/ta/fact/user_ta_header.o
 .data          0x0000d098        0x0 /home/rahulmahdev/devel/optee/optee_os/out/arm-plat-vexpress/export-user_ta/lib/libutee.a(user_ta_entry.o)
 .data          0x0000d098        0x0 /home/rahulmahdev/devel/optee/optee_os/out/arm-plat-vexpress/export-user_ta/lib/libutee.a(utee_syscalls_asm.o)
 .data          0x0000d098        0x0 /home/rahulmahdev/devel/optee/optee_os/out/arm-plat-vexpress/export-user_ta/lib/libutee.a(tee_api_arith.o)
 .data          0x0000d098        0x0 /home/rahulmahdev/devel/optee/optee_os/out/arm-plat-vexpress/export-user_ta/lib/libutee.a(tee_api.o)
 .data          0x0000d098        0x0 /home/rahulmahdev/devel/optee/optee_os/out/arm-plat-vexpress/export-user_ta/lib/libutee.a(utee_misc.o)
 .data          0x0000d098        0x0 /home/rahulmahdev/devel/optee/optee_os/out/arm-plat-vexpress/export-user_ta/lib/libutee.a(tee_user_mem.o)
 .data          0x0000d098        0x0 /home/rahulmahdev/devel/optee/optee_os/out/arm-plat-vexpress/export-user_ta/lib/libutee.a(trace_ext.o)
 .data          0x0000d098        0x0 /home/rahulmahdev/devel/optee/optee_os/out/arm-plat-vexpress/export-user_ta/lib/libutee.a(assert.o)
 .data          0x0000d098        0x0 /home/rahulmahdev/devel/optee/optee_os/out/arm-plat-vexpress/export-user_ta/lib/libutils.a(bget_malloc.o)
 .data          0x0000d098        0x0 /home/rahulmahdev/devel/optee/optee_os/out/arm-plat-vexpress/export-user_ta/lib/libutils.a(snprintf.o)
 .data          0x0000d098        0x0 /home/rahulmahdev/devel/optee/optee_os/out/arm-plat-vexpress/export-user_ta/lib/libutils.a(memchr.o)
 .data          0x0000d098        0x0 /home/rahulmahdev/devel/optee/optee_os/out/arm-plat-vexpress/export-user_ta/lib/libutils.a(memcmp.o)
 .data          0x0000d098        0x0 /home/rahulmahdev/devel/optee/optee_os/out/arm-plat-vexpress/export-user_ta/lib/libutils.a(memcpy.o)
 .data          0x0000d098        0x0 /home/rahulmahdev/devel/optee/optee_os/out/arm-plat-vexpress/export-user_ta/lib/libutils.a(memmove.o)
 .data          0x0000d098        0x0 /home/rahulmahdev/devel/optee/optee_os/out/arm-plat-vexpress/export-user_ta/lib/libutils.a(memset.o)
 .data          0x0000d098        0x0 /home/rahulmahdev/devel/optee/optee_os/out/arm-plat-vexpress/export-user_ta/lib/libutils.a(strlen.o)
 .data          0x0000d098        0x0 /home/rahulmahdev/devel/optee/optee_os/out/arm-plat-vexpress/export-user_ta/lib/libutils.a(arm32_aeabi_ldivmod_a32.o)
 .data          0x0000d098        0x0 /home/rahulmahdev/devel/optee/optee_os/out/arm-plat-vexpress/export-user_ta/lib/libutils.a(arm32_aeabi_ldivmod.o)
 .data          0x0000d098        0x0 /home/rahulmahdev/devel/optee/optee_os/out/arm-plat-vexpress/export-user_ta/lib/libutils.a(strlcpy.o)
 .data          0x0000d098        0x0 /home/rahulmahdev/devel/optee/optee_os/out/arm-plat-vexpress/export-user_ta/lib/libutils.a(trace.o)
 .data          0x0000d098        0x0 /home/rahulmahdev/devel/optee/optee_os/out/arm-plat-vexpress/export-user_ta/lib/libmpa.a(mpa_misc.o)
 .data          0x0000d098        0x0 /home/rahulmahdev/devel/optee/optee_os/out/arm-plat-vexpress/export-user_ta/lib/libmpa.a(mpa_montgomery.o)
 .data          0x0000d098        0x0 /home/rahulmahdev/devel/optee/optee_os/out/arm-plat-vexpress/export-user_ta/lib/libmpa.a(mpa_primetest.o)
 .data          0x0000d098        0x0 /home/rahulmahdev/devel/optee/optee_os/out/arm-plat-vexpress/export-user_ta/lib/libmpa.a(mpa_conv.o)
 .data          0x0000d098        0x0 /home/rahulmahdev/devel/optee/optee_os/out/arm-plat-vexpress/export-user_ta/lib/libmpa.a(mpa_div.o)
 .data          0x0000d098        0x0 /home/rahulmahdev/devel/optee/optee_os/out/arm-plat-vexpress/export-user_ta/lib/libmpa.a(mpa_gcd.o)
 .data          0x0000d098        0x0 /home/rahulmahdev/devel/optee/optee_os/out/arm-plat-vexpress/export-user_ta/lib/libmpa.a(mpa_mem_static.o)
 .data          0x0000d098        0x0 /home/rahulmahdev/devel/optee/optee_os/out/arm-plat-vexpress/export-user_ta/lib/libmpa.a(mpa_mul.o)
 .data          0x0000d098        0x0 /home/rahulmahdev/devel/optee/optee_os/out/arm-plat-vexpress/export-user_ta/lib/libmpa.a(mpa_random.o)
 .data          0x0000d098        0x0 /home/rahulmahdev/devel/optee/optee_os/out/arm-plat-vexpress/export-user_ta/lib/libmpa.a(mpa_shift.o)
 .data          0x0000d098        0x0 /home/rahulmahdev/devel/optee/optee_os/out/arm-plat-vexpress/export-user_ta/lib/libmpa.a(mpa_addsub.o)
 .data          0x0000d098        0x0 /home/rahulmahdev/devel/optee/optee_os/out/arm-plat-vexpress/export-user_ta/lib/libmpa.a(mpa_cmp.o)
 .data          0x0000d098        0x0 /home/rahulmahdev/devel/optee/optee_os/out/arm-plat-vexpress/export-user_ta/lib/libmpa.a(mpa_expmod.o)
 .data          0x0000d098        0x0 /home/rahulmahdev/devel/optee/optee_os/out/arm-plat-vexpress/export-user_ta/lib/libmpa.a(mpa_init.o)
 .data          0x0000d098        0x0 /home/rahulmahdev/devel/optee/optee_os/out/arm-plat-vexpress/export-user_ta/lib/libmpa.a(mpa_io.o)
 .data          0x0000d098        0x0 /home/rahulmahdev/devel/optee/optee_os/out/arm-plat-vexpress/export-user_ta/lib/libmpa.a(mpa_modulus.o)

.igot.plt       0x0000d098        0x0
 .igot.plt      0x00000000        0x0 /home/rahulmahdev/devel/optee/build/../quiz_test/out/ta/fact/hello_world_ta.o

.bss            0x0000d098     0xab19
 *(SORT(.bss) SORT(.bss.*) SORT(.gnu.linkonce.b.*) SORT(COMMON))
 .bss.ta_heap   0x0000d098     0x8000 /home/rahulmahdev/devel/optee/build/../quiz_test/out/ta/fact/user_ta_header.o
                0x0000d098                ta_heap
 .bss.ta_ref_count
                0x00015098        0x4 /home/rahulmahdev/devel/optee/optee_os/out/arm-plat-vexpress/export-user_ta/lib/libutee.a(user_ta_entry.o)
 .bss.ta_param_types
                0x0001509c        0x4 /home/rahulmahdev/devel/optee/optee_os/out/arm-plat-vexpress/export-user_ta/lib/libutee.a(user_ta_entry.o)
                0x0001509c                ta_param_types
 .bss.ta_params
                0x000150a0       0x20 /home/rahulmahdev/devel/optee/optee_os/out/arm-plat-vexpress/export-user_ta/lib/libutee.a(user_ta_entry.o)
                0x000150a0                ta_params
 .bss.mempool_u32
                0x000150c0     0x1ad0 /home/rahulmahdev/devel/optee/optee_os/out/arm-plat-vexpress/export-user_ta/lib/libutee.a(tee_api_arith.o)
 .bss.tee_api_instance_data
                0x00016b90        0x4 /home/rahulmahdev/devel/optee/optee_os/out/arm-plat-vexpress/export-user_ta/lib/libutee.a(tee_api.o)
 .bss.heap_level
                0x00016b94        0x4 /home/rahulmahdev/devel/optee/optee_os/out/arm-plat-vexpress/export-user_ta/lib/libutee.a(tee_user_mem.o)
 .bss.global_stats
                0x00016b98        0x8 /home/rahulmahdev/devel/optee/optee_os/out/arm-plat-vexpress/export-user_ta/lib/libutee.a(tee_user_mem.o)
 .bss.malloc_pool
                0x00016ba0        0x4 /home/rahulmahdev/devel/optee/optee_os/out/arm-plat-vexpress/export-user_ta/lib/libutils.a(bget_malloc.o)
 .bss.malloc_pool_len
                0x00016ba4        0x4 /home/rahulmahdev/devel/optee/optee_os/out/arm-plat-vexpress/export-user_ta/lib/libutils.a(bget_malloc.o)
 .bss.get_rng_array
                0x00016ba8        0x4 /home/rahulmahdev/devel/optee/optee_os/out/arm-plat-vexpress/export-user_ta/lib/libmpa.a(mpa_random.o)
 .bss.buf.4637  0x00016bac     0x1004 /home/rahulmahdev/devel/optee/optee_os/out/arm-plat-vexpress/export-user_ta/lib/libmpa.a(mpa_io.o)
 .bss           0x00017bb0        0x0 /home/rahulmahdev/devel/optee/build/../quiz_test/out/ta/fact/hello_world_ta.o
 .bss           0x00017bb0        0x0 /home/rahulmahdev/devel/optee/build/../quiz_test/out/ta/fact/user_ta_header.o
 .bss           0x00017bb0        0x0 /home/rahulmahdev/devel/optee/optee_os/out/arm-plat-vexpress/export-user_ta/lib/libutee.a(user_ta_entry.o)
 .bss.context_init
                0x00017bb0        0x1 /home/rahulmahdev/devel/optee/optee_os/out/arm-plat-vexpress/export-user_ta/lib/libutee.a(user_ta_entry.o)
 .bss           0x00017bb1        0x0 /home/rahulmahdev/devel/optee/optee_os/out/arm-plat-vexpress/export-user_ta/lib/libutee.a(utee_syscalls_asm.o)
 .bss           0x00017bb1        0x0 /home/rahulmahdev/devel/optee/optee_os/out/arm-plat-vexpress/export-user_ta/lib/libutee.a(tee_api_arith.o)
 .bss           0x00017bb1        0x0 /home/rahulmahdev/devel/optee/optee_os/out/arm-plat-vexpress/export-user_ta/lib/libutee.a(tee_api.o)
 .bss           0x00017bb1        0x0 /home/rahulmahdev/devel/optee/optee_os/out/arm-plat-vexpress/export-user_ta/lib/libutee.a(utee_misc.o)
 .bss           0x00017bb1        0x0 /home/rahulmahdev/devel/optee/optee_os/out/arm-plat-vexpress/export-user_ta/lib/libutee.a(tee_user_mem.o)
 .bss           0x00017bb1        0x0 /home/rahulmahdev/devel/optee/optee_os/out/arm-plat-vexpress/export-user_ta/lib/libutee.a(trace_ext.o)
 .bss           0x00017bb1        0x0 /home/rahulmahdev/devel/optee/optee_os/out/arm-plat-vexpress/export-user_ta/lib/libutee.a(assert.o)
 .bss           0x00017bb1        0x0 /home/rahulmahdev/devel/optee/optee_os/out/arm-plat-vexpress/export-user_ta/lib/libutils.a(bget_malloc.o)
 .bss           0x00017bb1        0x0 /home/rahulmahdev/devel/optee/optee_os/out/arm-plat-vexpress/export-user_ta/lib/libutils.a(snprintf.o)
 .bss           0x00017bb1        0x0 /home/rahulmahdev/devel/optee/optee_os/out/arm-plat-vexpress/export-user_ta/lib/libutils.a(memchr.o)
 .bss           0x00017bb1        0x0 /home/rahulmahdev/devel/optee/optee_os/out/arm-plat-vexpress/export-user_ta/lib/libutils.a(memcmp.o)
 .bss           0x00017bb1        0x0 /home/rahulmahdev/devel/optee/optee_os/out/arm-plat-vexpress/export-user_ta/lib/libutils.a(memcpy.o)
 .bss           0x00017bb1        0x0 /home/rahulmahdev/devel/optee/optee_os/out/arm-plat-vexpress/export-user_ta/lib/libutils.a(memmove.o)
 .bss           0x00017bb1        0x0 /home/rahulmahdev/devel/optee/optee_os/out/arm-plat-vexpress/export-user_ta/lib/libutils.a(memset.o)
 .bss           0x00017bb1        0x0 /home/rahulmahdev/devel/optee/optee_os/out/arm-plat-vexpress/export-user_ta/lib/libutils.a(strlen.o)
 .bss           0x00017bb1        0x0 /home/rahulmahdev/devel/optee/optee_os/out/arm-plat-vexpress/export-user_ta/lib/libutils.a(arm32_aeabi_ldivmod_a32.o)
 .bss           0x00017bb1        0x0 /home/rahulmahdev/devel/optee/optee_os/out/arm-plat-vexpress/export-user_ta/lib/libutils.a(arm32_aeabi_ldivmod.o)
 .bss           0x00017bb1        0x0 /home/rahulmahdev/devel/optee/optee_os/out/arm-plat-vexpress/export-user_ta/lib/libutils.a(strlcpy.o)
 .bss           0x00017bb1        0x0 /home/rahulmahdev/devel/optee/optee_os/out/arm-plat-vexpress/export-user_ta/lib/libutils.a(trace.o)
 .bss           0x00017bb1        0x0 /home/rahulmahdev/devel/optee/optee_os/out/arm-plat-vexpress/export-user_ta/lib/libmpa.a(mpa_misc.o)
 .bss           0x00017bb1        0x0 /home/rahulmahdev/devel/optee/optee_os/out/arm-plat-vexpress/export-user_ta/lib/libmpa.a(mpa_montgomery.o)
 .bss           0x00017bb1        0x0 /home/rahulmahdev/devel/optee/optee_os/out/arm-plat-vexpress/export-user_ta/lib/libmpa.a(mpa_primetest.o)