Archive member included because of file (symbol)

/home/rahulmahdev/devel/optee/optee_os/out/arm-plat-vexpress/export-user_ta/lib/libutee.a(user_ta_entry.o)
                              /home/rahulmahdev/devel/optee/build/../quiz_test/out/ta/ta_quiz/user_ta_header.o (ta_entry_open_session)
/home/rahulmahdev/devel/optee/optee_os/out/arm-plat-vexpress/export-user_ta/lib/libutee.a(utee_syscalls_asm.o)
                              /home/rahulmahdev/devel/optee/optee_os/out/arm-plat-vexpress/export-user_ta/lib/libutee.a(user_ta_entry.o) (utee_return)
/home/rahulmahdev/devel/optee/optee_os/out/arm-plat-vexpress/export-user_ta/lib/libutee.a(tee_api_arith.o)
                              /home/rahulmahdev/devel/optee/optee_os/out/arm-plat-vexpress/export-user_ta/lib/libutee.a(user_ta_entry.o) (_TEE_MathAPI_Init)
/home/rahulmahdev/devel/optee/optee_os/out/arm-plat-vexpress/export-user_ta/lib/libutee.a(tee_api.o)
                              /home/rahulmahdev/devel/optee/optee_os/out/arm-plat-vexpress/export-user_ta/lib/libutee.a(tee_api_arith.o) (TEE_Panic)
/home/rahulmahdev/devel/optee/optee_os/out/arm-plat-vexpress/export-user_ta/lib/libutee.a(utee_misc.o)
                              /home/rahulmahdev/devel/optee/optee_os/out/arm-plat-vexpress/export-user_ta/lib/libutee.a(tee_api_arith.o) (get_rng_array)
/home/rahulmahdev/devel/optee/optee_os/out/arm-plat-vexpress/export-user_ta/lib/libutee.a(tee_user_mem.o)
                              /home/rahulmahdev/devel/optee/optee_os/out/arm-plat-vexpress/export-user_ta/lib/libutee.a(tee_api.o) (tee_user_mem_alloc)
/home/rahulmahdev/devel/optee/optee_os/out/arm-plat-vexpress/export-user_ta/lib/libutee.a(trace_ext.o)
                              /home/rahulmahdev/devel/optee/optee_os/out/arm-plat-vexpress/export-user_ta/lib/libutee.a(tee_api_arith.o) (printf)
/home/rahulmahdev/devel/optee/optee_os/out/arm-plat-vexpress/export-user_ta/lib/libutee.a(assert.o)
                              /home/rahulmahdev/devel/optee/optee_os/out/arm-plat-vexpress/export-user_ta/lib/libutee.a(tee_user_mem.o) (_assert_log)
/home/rahulmahdev/devel/optee/optee_os/out/arm-plat-vexpress/export-user_ta/lib/libutils.a(bget_malloc.o)
                              /home/rahulmahdev/devel/optee/optee_os/out/arm-plat-vexpress/export-user_ta/lib/libutee.a(utee_misc.o) (malloc)
/home/rahulmahdev/devel/optee/optee_os/out/arm-plat-vexpress/export-user_ta/lib/libutils.a(snprintf.o)
                              /home/rahulmahdev/devel/optee/optee_os/out/arm-plat-vexpress/export-user_ta/lib/libutee.a(trace_ext.o) (vsnprintf)
/home/rahulmahdev/devel/optee/optee_os/out/arm-plat-vexpress/export-user_ta/lib/libutils.a(memchr.o)
                              /home/rahulmahdev/devel/optee/optee_os/out/arm-plat-vexpress/export-user_ta/lib/libutils.a(snprintf.o) (memchr)
/home/rahulmahdev/devel/optee/optee_os/out/arm-plat-vexpress/export-user_ta/lib/libutils.a(memcmp.o)
                              /home/rahulmahdev/devel/optee/optee_os/out/arm-plat-vexpress/export-user_ta/lib/libutee.a(tee_api.o) (memcmp)
/home/rahulmahdev/devel/optee/optee_os/out/arm-plat-vexpress/export-user_ta/lib/libutils.a(memcpy.o)
                              /home/rahulmahdev/devel/optee/optee_os/out/arm-plat-vexpress/export-user_ta/lib/libutee.a(user_ta_entry.o) (memcpy)
/home/rahulmahdev/devel/optee/optee_os/out/arm-plat-vexpress/export-user_ta/lib/libutils.a(memmove.o)
                              /home/rahulmahdev/devel/optee/optee_os/out/arm-plat-vexpress/export-user_ta/lib/libutee.a(tee_api.o) (memmove)
/home/rahulmahdev/devel/optee/optee_os/out/arm-plat-vexpress/export-user_ta/lib/libutils.a(memset.o)
                              /home/rahulmahdev/devel/optee/optee_os/out/arm-plat-vexpress/export-user_ta/lib/libutee.a(user_ta_entry.o) (memset)
/home/rahulmahdev/devel/optee/optee_os/out/arm-plat-vexpress/export-user_ta/lib/libutils.a(strlen.o)
                              /home/rahulmahdev/devel/optee/optee_os/out/arm-plat-vexpress/export-user_ta/lib/libutee.a(trace_ext.o) (strlen)
/home/rahulmahdev/devel/optee/optee_os/out/arm-plat-vexpress/export-user_ta/lib/libutils.a(arm32_aeabi_ldivmod_a32.o)
                              /home/rahulmahdev/devel/optee/optee_os/out/arm-plat-vexpress/export-user_ta/lib/libutils.a(snprintf.o) (__aeabi_uldivmod)
/home/rahulmahdev/devel/optee/optee_os/out/arm-plat-vexpress/export-user_ta/lib/libutils.a(arm32_aeabi_ldivmod.o)
                              /home/rahulmahdev/devel/optee/optee_os/out/arm-plat-vexpress/export-user_ta/lib/libutils.a(arm32_aeabi_ldivmod_a32.o) (__ul_divmod)
/home/rahulmahdev/devel/optee/optee_os/out/arm-plat-vexpress/export-user_ta/lib/libutils.a(strlcpy.o)
                              /home/rahulmahdev/devel/optee/optee_os/out/arm-plat-vexpress/export-user_ta/lib/libutee.a(trace_ext.o) (strlcpy)
/home/rahulmahdev/devel/optee/optee_os/out/arm-plat-vexpress/export-user_ta/lib/libutils.a(trace.o)
[...]
Memory Configuration

Name             Origin             Length             Attributes
*default*        0x00000000         0xffffffff

Linker script and memory map


.ta_head        0x00000000       0x24
 *(SORT(.ta_head))
 .ta_head       0x00000000       0x24 /home/rahulmahdev/devel/optee/build/../quiz_test/out/ta/ta_quiz/user_ta_header.o
                0x00000000                ta_head

.text           0x00000024     0xafe8
 *(SORT(.text) SORT(.text.*))
 .text.string_copy
                0x00000024       0x3c /home/rahulmahdev/devel/optee/build/../quiz_test/out/ta/ta_quiz/quiz_ta.o
                0x00000024                string_copy
 .text.memory_copy
                0x00000060       0x4c /home/rahulmahdev/devel/optee/build/../quiz_test/out/ta/ta_quiz/quiz_ta.o
                0x00000060                memory_copy
 .text.TA_CreateEntryPoint
                0x000000ac       0x14 /home/rahulmahdev/devel/optee/build/../quiz_test/out/ta/ta_quiz/quiz_ta.o
                0x000000ac                TA_CreateEntryPoint
 .text.TA_DestroyEntryPoint
                0x000000c0       0x10 /home/rahulmahdev/devel/optee/build/../quiz_test/out/ta/ta_quiz/quiz_ta.o
                0x000000c0                TA_DestroyEntryPoint
 .text.set_params
                0x000000d0       0x78 /home/rahulmahdev/devel/optee/build/../quiz_test/out/ta/ta_quiz/quiz_ta.o
 .text.TA_OpenSessionEntryPoint
                0x00000148       0x78 /home/rahulmahdev/devel/optee/build/../quiz_test/out/ta/ta_quiz/quiz_ta.o
                0x00000148                TA_OpenSessionEntryPoint
 .text.TA_CloseSessionEntryPoint
                0x000001c0       0x4c /home/rahulmahdev/devel/optee/build/../quiz_test/out/ta/ta_quiz/quiz_ta.o
                0x000001c0                TA_CloseSessionEntryPoint
 .text.start_quiz
                0x0000020c      0x160 /home/rahulmahdev/devel/optee/build/../quiz_test/out/ta/ta_quiz/quiz_ta.o
 .text.TA_InvokeCommandEntryPoint
                0x0000036c       0x3c /home/rahulmahdev/devel/optee/build/../quiz_test/out/ta/ta_quiz/quiz_ta.o
                0x0000036c                TA_InvokeCommandEntryPoint
 .text.tahead_get_trace_level
                0x000003a8       0x14 /home/rahulmahdev/devel/optee/build/../quiz_test/out/ta/ta_quiz/user_ta_header.o
                0x000003a8                tahead_get_trace_level
 .text.ta_header_save_params
                0x000003bc       0x70 /home/rahulmahdev/devel/optee/optee_os/out/arm-plat-vexpress/export-user_ta/lib/libutee.a(user_ta_entry.o)
 .text.ta_header_get_session
                0x0000042c       0x44 /home/rahulmahdev/devel/optee/optee_os/out/arm-plat-vexpress/export-user_ta/lib/libutee.a(user_ta_entry.o)
 .text.ta_header_add_session
                0x00000470      0x14c /home/rahulmahdev/devel/optee/optee_os/out/arm-plat-vexpress/export-user_ta/lib/libutee.a(user_ta_entry.o)
 .text.ta_header_remove_session
                0x000005bc       0xb8 /home/rahulmahdev/devel/optee/optee_os/out/arm-plat-vexpress/export-user_ta/lib/libutee.a(user_ta_entry.o)
 .text.ta_entry_open_session
                0x00000674       0xa0 /home/rahulmahdev/devel/optee/optee_os/out/arm-plat-vexpress/export-user_ta/lib/libutee.a(user_ta_entry.o)
                0x00000674                ta_entry_open_session
 .text.ta_entry_close_session
                0x00000714       0x64 /home/rahulmahdev/devel/optee/optee_os/out/arm-plat-vexpress/export-user_ta/lib/libutee.a(user_ta_entry.o)
                0x00000714                ta_entry_close_session
 .text.ta_entry_invoke_command
                0x00000778       0x80 /home/rahulmahdev/devel/optee/optee_os/out/arm-plat-vexpress/export-user_ta/lib/libutee.a(user_ta_entry.o)
                0x00000778                ta_entry_invoke_command
 .text          0x000007f8      0x5f4 /home/rahulmahdev/devel/optee/optee_os/out/arm-plat-vexpress/export-user_ta/lib/libutee.a(utee_syscalls_asm.o)
                0x000007f8                utee_return
                0x0000080c                utee_log
                0x00000820                utee_panic
                0x00000834                utee_dummy
                0x00000848                utee_dummy_7args
                0x00000860                utee_nocall
                0x00000874                utee_get_property
                0x00000888                utee_open_ta_session
                0x000008a0                utee_close_ta_session
                0x000008b4                utee_invoke_ta_command
                0x000008cc                utee_get_cancellation_flag
                0x000008e0                utee_check_access_rights
                0x000008f4                utee_unmask_cancellation
                0x00000908                utee_mask_cancellation
                0x0000091c                utee_wait
                0x00000930                utee_get_time
                0x00000944                utee_set_ta_time
                0x00000958                utee_cryp_state_alloc
                0x00000970                utee_cryp_state_copy
                0x00000984                utee_cryp_state_free
                0x00000998                utee_hash_init
                0x000009ac                utee_hash_update
                0x000009c0                utee_hash_final
                0x000009d8                utee_cipher_init
                0x000009ec                utee_cipher_update
                0x00000a04                utee_cipher_final
                0x00000a1c                utee_cryp_obj_get_info
                0x00000a30                utee_cryp_obj_restrict_usage
                0x00000a44                utee_cryp_obj_get_attr
                0x00000a58                utee_cryp_obj_alloc
                0x00000a6c                utee_cryp_obj_close
                0x00000a80                utee_cryp_obj_reset
                0x00000a94                utee_cryp_obj_populate
                0x00000aa8                utee_cryp_obj_copy
                0x00000abc                utee_cryp_derive_key
                0x00000ad0                utee_cryp_random_number_generate
                0x00000ae4                utee_authenc_init
                0x00000afc                utee_authenc_update_aad
                0x00000b10                utee_authenc_update_payload
                0x00000b28                utee_authenc_enc_final
                0x00000b40                utee_authenc_dec_final
                0x00000b58                utee_asymm_operate
                0x00000b70                utee_asymm_verify
                0x00000b88                utee_storage_obj_open
                0x00000ba0                utee_storage_obj_create
                0x00000bb8                utee_storage_obj_del
                0x00000bcc                utee_storage_obj_rename
                0x00000be0                utee_storage_alloc_enum
                0x00000bf4                utee_storage_free_enum
                0x00000c08                utee_storage_reset_enum
                0x00000c1c                utee_storage_start_enum
                0x00000c30                utee_storage_next_enum
                0x00000c44                utee_storage_obj_read
                0x00000c58                utee_storage_obj_write
                0x00000c6c                utee_storage_obj_trunc
                0x00000c80                utee_storage_obj_seek
                0x00000c94                utee_cryp_obj_generate_key
                0x00000ca8                utee_se_service_open
                0x00000cbc                utee_se_service_close
                0x00000cd0                utee_se_service_get_readers
                0x00000ce4                utee_se_reader_get_prop
                0x00000cf8                utee_se_reader_get_name
                0x00000d0c                utee_se_reader_open_session
                0x00000d20                utee_se_reader_close_sessions
                0x00000d34                utee_se_session_is_closed
                0x00000d48                utee_se_session_get_atr
                0x00000d5c                utee_se_session_open_channel
                0x00000d70                utee_se_session_close
                0x00000d84                utee_se_channel_select_next
                0x00000d98                utee_se_channel_get_select_resp
                0x00000dac                utee_se_channel_transmit
                0x00000dc4                utee_se_channel_close
                0x00000dd8                utee_cache_operation
 .text.TEE_BigInt_Panic
                0x00000dec       0x40 /home/rahulmahdev/devel/optee/optee_os/out/arm-plat-vexpress/export-user_ta/lib/libutee.a(tee_api_arith.o)
 .text._TEE_MathAPI_Init
                0x00000e2c       0x50 /home/rahulmahdev/devel/optee/optee_os/out/arm-plat-vexpress/export-user_ta/lib/libutee.a(tee_api_arith.o)
                0x00000e2c                _TEE_MathAPI_Init
 .text.TEE_BigIntInit
                0x00000e7c       0x2c /home/rahulmahdev/devel/optee/optee_os/out/arm-plat-vexpress/export-user_ta/lib/libutee.a(tee_api_arith.o)
                0x00000e7c                TEE_BigIntInit
 .text.TEE_BigIntInitFMM
                0x00000ea8       0x40 /home/rahulmahdev/devel/optee/optee_os/out/arm-plat-vexpress/export-user_ta/lib/libutee.a(tee_api_arith.o)
                0x00000ea8                TEE_BigIntInitFMM
 .text.TEE_BigIntInitFMMContext
                0x00000ee8       0x68 /home/rahulmahdev/devel/optee/optee_os/out/arm-plat-vexpress/export-user_ta/lib/libutee.a(tee_api_arith.o)
                0x00000ee8                TEE_BigIntInitFMMContext
 .text.TEE_BigIntFMMSizeInU32
                0x00000f50       0x28 /home/rahulmahdev/devel/optee/optee_os/out/arm-plat-vexpress/export-user_ta/lib/libutee.a(tee_api_arith.o)
                0x00000f50                TEE_BigIntFMMSizeInU32
 .text.TEE_BigIntFMMContextSizeInU32
                0x00000f78       0x30 /home/rahulmahdev/devel/optee/optee_os/out/arm-plat-vexpress/export-user_ta/lib/libutee.a(tee_api_arith.o)
                0x00000f78                TEE_BigIntFMMContextSizeInU32
 .text.TEE_BigIntConvertFromOctetString
                0x00000fa8       0x84 /home/rahulmahdev/devel/optee/optee_os/out/arm-plat-vexpress/export-user_ta/lib/libutee.a(tee_api_arith.o)
                0x00000fa8                TEE_BigIntConvertFromOctetString
 .text.TEE_BigIntConvertToOctetString
                0x0000102c       0x8c /home/rahulmahdev/devel/optee/optee_os/out/arm-plat-vexpress/export-user_ta/lib/libutee.a(tee_api_arith.o)
                0x0000102c                TEE_BigIntConvertToOctetString
 .text.TEE_BigIntConvertFromS32
                0x000010b8       0x30 /home/rahulmahdev/devel/optee/optee_os/out/arm-plat-vexpress/export-user_ta/lib/libutee.a(tee_api_arith.o)
                0x000010b8                TEE_BigIntConvertFromS32
 .text.TEE_BigIntConvertToS32
                0x000010e8       0x78 /home/rahulmahdev/devel/optee/optee_os/out/arm-plat-vexpress/export-user_ta/lib/libutee.a(tee_api_arith.o)
                0x000010e8                TEE_BigIntConvertToS32
 .text.TEE_BigIntCmp
                0x00001160       0x38 /home/rahulmahdev/devel/optee/optee_os/out/arm-plat-vexpress/export-user_ta/lib/libutee.a(tee_api_arith.o)
                0x00001160                TEE_BigIntCmp
 .text.TEE_BigIntCmpS32
                0x00001198       0x34 /home/rahulmahdev/devel/optee/optee_os/out/arm-plat-vexpress/export-user_ta/lib/libutee.a(tee_api_arith.o)
                0x00001198                TEE_BigIntCmpS32
 .text.TEE_BigIntShiftRight
                0x000011cc       0x44 /home/rahulmahdev/devel/optee/optee_os/out/arm-plat-vexpress/export-user_ta/lib/libutee.a(tee_api_arith.o)
                0x000011cc                TEE_BigIntShiftRight
 .text.TEE_BigIntGetBit
                0x00001210       0x3c /home/rahulmahdev/devel/optee/optee_os/out/arm-plat-vexpress/export-user_ta/lib/libutee.a(tee_api_arith.o)
                0x00001210                TEE_BigIntGetBit
 .text.TEE_BigIntGetBitCount
                0x0000124c       0x34 /home/rahulmahdev/devel/optee/optee_os/out/arm-plat-vexpress/export-user_ta/lib/libutee.a(tee_api_arith.o)
                0x0000124c                TEE_BigIntGetBitCount
 .text.TEE_BigIntAdd
                0x00001280       0x50 /home/rahulmahdev/devel/optee/optee_os/out/arm-plat-vexpress/export-user_ta/lib/libutee.a(tee_api_arith.o)
                0x00001280                TEE_BigIntAdd
 .text.TEE_BigIntSub
                0x000012d0       0x50 /home/rahulmahdev/devel/optee/optee_os/out/arm-plat-vexpress/export-user_ta/lib/libutee.a(tee_api_arith.o)
                0x000012d0                TEE_BigIntSub
 .text.TEE_BigIntNeg
                0x00001320       0x34 /home/rahulmahdev/devel/optee/optee_os/out/arm-plat-vexpress/export-user_ta/lib/libutee.a(tee_api_arith.o)
                0x00001320                TEE_BigIntNeg
 .text.TEE_BigIntMul
                0x00001354       0x50 /home/rahulmahdev/devel/optee/optee_os/out/arm-plat-vexpress/export-user_ta/lib/libutee.a(tee_api_arith.o)
                0x00001354                TEE_BigIntMul
 .text.TEE_BigIntSquare
                0x000013a4       0x48 /home/rahulmahdev/devel/optee/optee_os/out/arm-plat-vexpress/export-user_ta/lib/libutee.a(tee_api_arith.o)
                0x000013a4                TEE_BigIntSquare
 .text.TEE_BigIntDiv
                0x000013ec       0x84 /home/rahulmahdev/devel/optee/optee_os/out/arm-plat-vexpress/export-user_ta/lib/libutee.a(tee_api_arith.o)
                0x000013ec                TEE_BigIntDiv
 .text.TEE_BigIntMod
                0x00001470       0xa8 /home/rahulmahdev/devel/optee/optee_os/out/arm-plat-vexpress/export-user_ta/lib/libutee.a(tee_api_arith.o)
                0x00001470                TEE_BigIntMod
 .text.TEE_BigIntAddMod
                0x00001518       0xb4 /home/rahulmahdev/devel/optee/optee_os/out/arm-plat-vexpress/export-user_ta/lib/libutee.a(tee_api_arith.o)
                0x00001518                TEE_BigIntAddMod
 .text.TEE_BigIntSubMod
                0x000015cc       0xb4 /home/rahulmahdev/devel/optee/optee_os/out/arm-plat-vexpress/export-user_ta/lib/libutee.a(tee_api_arith.o)
                0x000015cc                TEE_BigIntSubMod
 .text.TEE_BigIntMulMod
                0x00001680       0xfc /home/rahulmahdev/devel/optee/optee_os/out/arm-plat-vexpress/export-user_ta/lib/libutee.a(tee_api_arith.o)
                0x00001680                TEE_BigIntMulMod
 .text.TEE_BigIntSquareMod
                0x0000177c       0x34 /home/rahulmahdev/devel/optee/optee_os/out/arm-plat-vexpress/export-user_ta/lib/libutee.a(tee_api_arith.o)
                0x0000177c                TEE_BigIntSquareMod
 .text.TEE_BigIntInvMod
                0x000017b0       0x90 /home/rahulmahdev/devel/optee/optee_os/out/arm-plat-vexpress/export-user_ta/lib/libutee.a(tee_api_arith.o)
                0x000017b0                TEE_BigIntInvMod
 .text.TEE_BigIntRelativePrime
                0x00001840       0xa4 /home/rahulmahdev/devel/optee/optee_os/out/arm-plat-vexpress/export-user_ta/lib/libutee.a(tee_api_arith.o)
                0x00001840                TEE_BigIntRelativePrime
 .text.TEE_BigIntComputeExtendedGcd
                0x000018e4       0x60 /home/rahulmahdev/devel/optee/optee_os/out/arm-plat-vexpress/export-user_ta/lib/libutee.a(tee_api_arith.o)
                0x000018e4                TEE_BigIntComputeExtendedGcd
 .text.TEE_BigIntIsProbablePrime
                0x00001944       0x64 /home/rahulmahdev/devel/optee/optee_os/out/arm-plat-vexpress/export-user_ta/lib/libutee.a(tee_api_arith.o)
                0x00001944                TEE_BigIntIsProbablePrime
 .text.TEE_BigIntConvertToFMM
                0x000019a8       0x64 /home/rahulmahdev/devel/optee/optee_os/out/arm-plat-vexpress/export-user_ta/lib/libutee.a(tee_api_arith.o)
                0x000019a8                TEE_BigIntConvertToFMM
 .text.TEE_BigIntConvertFromFMM
                0x00001a0c       0xb4 /home/rahulmahdev/devel/optee/optee_os/out/arm-plat-vexpress/export-user_ta/lib/libutee.a(tee_api_arith.o)
                0x00001a0c                TEE_BigIntConvertFromFMM
 .text.TEE_BigIntComputeFMM
                0x00001ac0       0x64 /home/rahulmahdev/devel/optee/optee_os/out/arm-plat-vexpress/export-user_ta/lib/libutee.a(tee_api_arith.o)
                0x00001ac0                TEE_BigIntComputeFMM
 .text.TEE_Panic
                0x00001b24       0x20 /home/rahulmahdev/devel/optee/optee_os/out/arm-plat-vexpress/export-user_ta/lib/libutee.a(tee_api.o)
                0x00001b24                TEE_Panic
 .text.TEE_OpenTASession
                0x00001b44       0x58 /home/rahulmahdev/devel/optee/optee_os/out/arm-plat-vexpress/export-user_ta/lib/libutee.a(tee_api.o)
                0x00001b44                TEE_OpenTASession
 .text.TEE_CloseTASession
                0x00001b9c       0x40 /home/rahulmahdev/devel/optee/optee_os/out/arm-plat-vexpress/export-user_ta/lib/libutee.a(tee_api.o)
                0x00001b9c                TEE_CloseTASession
 .text.TEE_InvokeTACommand
                0x00001bdc       0x90 /home/rahulmahdev/devel/optee/optee_os/out/arm-plat-vexpress/export-user_ta/lib/libutee.a(tee_api.o)
                0x00001bdc                TEE_InvokeTACommand
 .text.TEE_GetCancellationFlag
                0x00001c6c       0x3c /home/rahulmahdev/devel/optee/optee_os/out/arm-plat-vexpress/export-user_ta/lib/libutee.a(tee_api.o)
                0x00001c6c                TEE_GetCancellationFlag
 .text.TEE_UnmaskCancellation
                0x00001ca8       0x40 /home/rahulmahdev/devel/optee/optee_os/out/arm-plat-vexpress/export-user_ta/lib/libutee.a(tee_api.o)
                0x00001ca8                TEE_UnmaskCancellation
 .text.TEE_MaskCancellation
                0x00001ce8       0x40 /home/rahulmahdev/devel/optee/optee_os/out/arm-plat-vexpress/export-user_ta/lib/libutee.a(tee_api.o)
                0x00001ce8                TEE_MaskCancellation
 .text.TEE_CheckMemoryAccessRights
                0x00001d28       0x5c /home/rahulmahdev/devel/optee/optee_os/out/arm-plat-vexpress/export-user_ta/lib/libutee.a(tee_api.o)
                0x00001d28                TEE_CheckMemoryAccessRights
 .text.TEE_SetInstanceData
                0x00001d84       0x24 /home/rahulmahdev/devel/optee/optee_os/out/arm-plat-vexpress/export-user_ta/lib/libutee.a(tee_api.o)
                0x00001d84                TEE_SetInstanceData
 .text.TEE_GetInstanceData
                0x00001da8       0x1c /home/rahulmahdev/devel/optee/optee_os/out/arm-plat-vexpress/export-user_ta/lib/libutee.a(tee_api.o)
                0x00001da8                TEE_GetInstanceData
 .text.TEE_MemMove
                0x00001dc4       0x40 /home/rahulmahdev/devel/optee/optee_os/out/arm-plat-vexpress/export-user_ta/lib/libutee.a(tee_api.o)
                0x00001dc4                TEE_MemMove
 .text.TEE_MemCompare
                0x00001e04       0x40 /home/rahulmahdev/devel/optee/optee_os/out/arm-plat-vexpress/export-user_ta/lib/libutee.a(tee_api.o)
                0x00001e04                TEE_MemCompare
 .text.TEE_MemFill
                0x00001e44       0x40 /home/rahulmahdev/devel/optee/optee_os/out/arm-plat-vexpress/export-user_ta/lib/libutee.a(tee_api.o)
                0x00001e44                TEE_MemFill
 .text.TEE_GetSystemTime
                0x00001e84       0x40 /home/rahulmahdev/devel/optee/optee_os/out/arm-plat-vexpress/export-user_ta/lib/libutee.a(tee_api.o)
                0x00001e84                TEE_GetSystemTime
 .text.TEE_Wait
                0x00001ec4       0x4c /home/rahulmahdev/devel/optee/optee_os/out/arm-plat-vexpress/export-user_ta/lib/libutee.a(tee_api.o)
                0x00001ec4                TEE_Wait
 .text.TEE_GetTAPersistentTime
                0x00001f10       0x98 /home/rahulmahdev/devel/optee/optee_os/out/arm-plat-vexpress/export-user_ta/lib/libutee.a(tee_api.o)
                0x00001f10                TEE_GetTAPersistentTime
 .text.TEE_SetTAPersistentTime
                0x00001fa8       0x5c /home/rahulmahdev/devel/optee/optee_os/out/arm-plat-vexpress/export-user_ta/lib/libutee.a(tee_api.o)
                0x00001fa8                TEE_SetTAPersistentTime
 .text.TEE_GetREETime
                0x00002004       0x40 /home/rahulmahdev/devel/optee/optee_os/out/arm-plat-vexpress/export-user_ta/lib/libutee.a(tee_api.o)
                0x00002004                TEE_GetREETime
 .text.TEE_Malloc
                0x00002044       0x30 /home/rahulmahdev/devel/optee/optee_os/out/arm-plat-vexpress/export-user_ta/lib/libutee.a(tee_api.o)
                0x00002044                TEE_Malloc
 .text.TEE_Realloc
                0x00002074       0x30 /home/rahulmahdev/devel/optee/optee_os/out/arm-plat-vexpress/export-user_ta/lib/libutee.a(tee_api.o)
                0x00002074                TEE_Realloc
 .text.TEE_Free
                0x000020a4       0x28 /home/rahulmahdev/devel/optee/optee_os/out/arm-plat-vexpress/export-user_ta/lib/libutee.a(tee_api.o)
                0x000020a4                TEE_Free
 .text.TEE_CacheClean
                0x000020cc       0x40 /home/rahulmahdev/devel/optee/optee_os/out/arm-plat-vexpress/export-user_ta/lib/libutee.a(tee_api.o)
                0x000020cc                TEE_CacheClean
 .text.TEE_CacheFlush
                0x0000210c       0x40 /home/rahulmahdev/devel/optee/optee_os/out/arm-plat-vexpress/export-user_ta/lib/libutee.a(tee_api.o)
                0x0000210c                TEE_CacheFlush
 .text.TEE_CacheInvalidate
                0x0000214c       0x40 /home/rahulmahdev/devel/optee/optee_os/out/arm-plat-vexpress/export-user_ta/lib/libutee.a(tee_api.o)
                0x0000214c                TEE_CacheInvalidate
 .text.utee_get_ta_exec_id
                0x0000218c       0x14 /home/rahulmahdev/devel/optee/optee_os/out/arm-plat-vexpress/export-user_ta/lib/libutee.a(utee_misc.o)
                0x0000218c                utee_get_ta_exec_id
 .text.utee_malloc
                0x000021a0       0x2c /home/rahulmahdev/devel/optee/optee_os/out/arm-plat-vexpress/export-user_ta/lib/libutee.a(utee_misc.o)
                0x000021a0                utee_malloc
 .text.utee_realloc
                0x000021cc       0x30 /home/rahulmahdev/devel/optee/optee_os/out/arm-plat-vexpress/export-user_ta/lib/libutee.a(utee_misc.o)
                0x000021cc                utee_realloc
 .text.utee_calloc
                0x000021fc       0x30 /home/rahulmahdev/devel/optee/optee_os/out/arm-plat-vexpress/export-user_ta/lib/libutee.a(utee_misc.o)
                0x000021fc                utee_calloc
 .text.utee_free
                0x0000222c       0x28 /home/rahulmahdev/devel/optee/optee_os/out/arm-plat-vexpress/export-user_ta/lib/libutee.a(utee_misc.o)
                0x0000222c                utee_free
 .text.get_rng_array
                0x00002254       0x30 /home/rahulmahdev/devel/optee/optee_os/out/arm-plat-vexpress/export-user_ta/lib/libutee.a(utee_misc.o)
                0x00002254                get_rng_array
 .text.buf_addr
                0x00002284       0x20 /home/rahulmahdev/devel/optee/optee_os/out/arm-plat-vexpress/export-user_ta/lib/libutee.a(tee_user_mem.o)
 .text.buf_size
                0x000022a4       0x28 /home/rahulmahdev/devel/optee/optee_os/out/arm-plat-vexpress/export-user_ta/lib/libutee.a(tee_user_mem.o)
 .text.elem_addr
                0x000022cc       0x20 /home/rahulmahdev/devel/optee/optee_os/out/arm-plat-vexpress/export-user_ta/lib/libutee.a(tee_user_mem.o)
 .text.is_buffer_valid
                0x000022ec       0x4c /home/rahulmahdev/devel/optee/optee_os/out/arm-plat-vexpress/export-user_ta/lib/libutee.a(tee_user_mem.o)
 .text.print_buf
                0x00002338       0x7c /home/rahulmahdev/devel/optee/optee_os/out/arm-plat-vexpress/export-user_ta/lib/libutee.a(tee_user_mem.o)
 .text.heap_inc
                0x000023b4       0x60 /home/rahulmahdev/devel/optee/optee_os/out/arm-plat-vexpress/export-user_ta/lib/libutee.a(tee_user_mem.o)
 .text.heap_dec
                0x00002414       0x64 /home/rahulmahdev/devel/optee/optee_os/out/arm-plat-vexpress/export-user_ta/lib/libutee.a(tee_user_mem.o)
 .text.check_elem_end
                0x00002478       0x74 /home/rahulmahdev/devel/optee/optee_os/out/arm-plat-vexpress/export-user_ta/lib/libutee.a(tee_user_mem.o)
 .text.check_elem
                0x000024ec      0x104 /home/rahulmahdev/devel/optee/optee_os/out/arm-plat-vexpress/export-user_ta/lib/libutee.a(tee_user_mem.o)
 .text.is_mem_coherent
                0x000025f0       0x84 /home/rahulmahdev/devel/optee/optee_os/out/arm-plat-vexpress/export-user_ta/lib/libutee.a(tee_user_mem.o)
 .text.tee_user_mem_alloc
                0x00002674      0x180 /home/rahulmahdev/devel/optee/optee_os/out/arm-plat-vexpress/export-user_ta/lib/libutee.a(tee_user_mem.o)
                0x00002674                tee_user_mem_alloc
 .text.tee_user_mem_realloc
                0x000027f4       0xe8 /home/rahulmahdev/devel/optee/optee_os/out/arm-plat-vexpress/export-user_ta/lib/libutee.a(tee_user_mem.o)
                0x000027f4                tee_user_mem_realloc
 .text.tee_user_mem_free
                0x000028dc      0x150 /home/rahulmahdev/devel/optee/optee_os/out/arm-plat-vexpress/export-user_ta/lib/libutee.a(tee_user_mem.o)
                0x000028dc                tee_user_mem_free
 .text.tee_user_mem_mark_heap
                0x00002a2c       0x20 /home/rahulmahdev/devel/optee/optee_os/out/arm-plat-vexpress/export-user_ta/lib/libutee.a(tee_user_mem.o)
                0x00002a2c                tee_user_mem_mark_heap
 .text.tee_user_mem_check_heap
                0x00002a4c       0x94 /home/rahulmahdev/devel/optee/optee_os/out/arm-plat-vexpress/export-user_ta/lib/libutee.a(tee_user_mem.o)
                0x00002a4c                tee_user_mem_check_heap
 .text.tee_user_mem_status
                0x00002ae0       0x88 /home/rahulmahdev/devel/optee/optee_os/out/arm-plat-vexpress/export-user_ta/lib/libutee.a(tee_user_mem.o)
 .text.tee_user_mem_garbage
                0x00002b68       0x4c /home/rahulmahdev/devel/optee/optee_os/out/arm-plat-vexpress/export-user_ta/lib/libutee.a(tee_user_mem.o)
                0x00002b68                tee_user_mem_garbage
 .text.trace_ext_puts
                0x00002bb4       0x44 /home/rahulmahdev/devel/optee/optee_os/out/arm-plat-vexpress/export-user_ta/lib/libutee.a(trace_ext.o)
                0x00002bb4                trace_ext_puts
 .text.trace_ext_get_thread_id
                0x00002bf8       0x14 /home/rahulmahdev/devel/optee/optee_os/out/arm-plat-vexpress/export-user_ta/lib/libutee.a(trace_ext.o)
                0x00002bf8                trace_ext_get_thread_id
 .text.printf   0x00002c0c      0x120 /home/rahulmahdev/devel/optee/optee_os/out/arm-plat-vexpress/export-user_ta/lib/libutee.a(trace_ext.o)
                0x00002c0c                printf
 .text.puts     0x00002d2c       0x3c /home/rahulmahdev/devel/optee/optee_os/out/arm-plat-vexpress/export-user_ta/lib/libutee.a(trace_ext.o)
                0x00002d2c                puts
 .text._assert_log
                0x00002d68       0x5c /home/rahulmahdev/devel/optee/optee_os/out/arm-plat-vexpress/export-user_ta/lib/libutee.a(assert.o)
                0x00002d68                _assert_log
 .text._assert_break
                0x00002dc4       0x20 /home/rahulmahdev/devel/optee/optee_os/out/arm-plat-vexpress/export-user_ta/lib/libutee.a(assert.o)
                0x00002dc4                _assert_break
 .text.mdbg_set_mode
                0x00002de4       0x1c /home/rahulmahdev/devel/optee/optee_os/out/arm-plat-vexpress/export-user_ta/lib/libutils.a(bget_malloc.o)
 .text.bget     0x00002e00      0x210 /home/rahulmahdev/devel/optee/optee_os/out/arm-plat-vexpress/export-user_ta/lib/libutils.a(bget_malloc.o)
                0x00002e00                bget
 .text.bgetz    0x00003010       0xbc /home/rahulmahdev/devel/optee/optee_os/out/arm-plat-vexpress/export-user_ta/lib/libutils.a(bget_malloc.o)
                0x00003010                bgetz
 .text.bgetr    0x000030cc       0xc4 /home/rahulmahdev/devel/optee/optee_os/out/arm-plat-vexpress/export-user_ta/lib/libutils.a(bget_malloc.o)
                0x000030cc                bgetr
 .text.brel     0x00003190      0x2f4 /home/rahulmahdev/devel/optee/optee_os/out/arm-plat-vexpress/export-user_ta/lib/libutils.a(bget_malloc.o)
                0x00003190                brel
 .text.bpool    0x00003484      0x140 /home/rahulmahdev/devel/optee/optee_os/out/arm-plat-vexpress/export-user_ta/lib/libutils.a(bget_malloc.o)
                0x00003484                bpool
 .text.raw_malloc_save_max_alloced_size
                0x000035c4       0x10 /home/rahulmahdev/devel/optee/optee_os/out/arm-plat-vexpress/export-user_ta/lib/libutils.a(bget_malloc.o)
 .text.malloc_reset_max_allocated
                0x000035d4       0x10 /home/rahulmahdev/devel/optee/optee_os/out/arm-plat-vexpress/export-user_ta/lib/libutils.a(bget_malloc.o)
                0x000035d4                malloc_reset_max_allocated
 .text.malloc_get_max_allocated
                0x000035e4       0x14 /home/rahulmahdev/devel/optee/optee_os/out/arm-plat-vexpress/export-user_ta/lib/libutils.a(bget_malloc.o)
                0x000035e4                malloc_get_max_allocated
 .text.malloc_get_allocated
                0x000035f8       0x14 /home/rahulmahdev/devel/optee/optee_os/out/arm-plat-vexpress/export-user_ta/lib/libutils.a(bget_malloc.o)
                0x000035f8                malloc_get_allocated
 .text.malloc_get_heap_size
                0x0000360c       0x58 /home/rahulmahdev/devel/optee/optee_os/out/arm-plat-vexpress/export-user_ta/lib/libutils.a(bget_malloc.o)
                0x0000360c                malloc_get_heap_size
 .text.raw_malloc_validate_pools
                0x00003664       0x10 /home/rahulmahdev/devel/optee/optee_os/out/arm-plat-vexpress/export-user_ta/lib/libutils.a(bget_malloc.o)
 .text.bpool_foreach_iterator_init
                0x00003674       0x30 /home/rahulmahdev/devel/optee/optee_os/out/arm-plat-vexpress/export-user_ta/lib/libutils.a(bget_malloc.o)
 .text.bpool_foreach_pool
                0x000036a4       0xf4 /home/rahulmahdev/devel/optee/optee_os/out/arm-plat-vexpress/export-user_ta/lib/libutils.a(bget_malloc.o)
 .text.bpool_foreach
                0x00003798       0x90 /home/rahulmahdev/devel/optee/optee_os/out/arm-plat-vexpress/export-user_ta/lib/libutils.a(bget_malloc.o)
 .text.raw_malloc
                0x00003828       0x68 /home/rahulmahdev/devel/optee/optee_os/out/arm-plat-vexpress/export-user_ta/lib/libutils.a(bget_malloc.o)
 .text.raw_free
                0x00003890       0x30 /home/rahulmahdev/devel/optee/optee_os/out/arm-plat-vexpress/export-user_ta/lib/libutils.a(bget_malloc.o)
 .text.raw_calloc
                0x000038c0       0x78 /home/rahulmahdev/devel/optee/optee_os/out/arm-plat-vexpress/export-user_ta/lib/libutils.a(bget_malloc.o)
 .text.raw_realloc
                0x00003938       0x6c /home/rahulmahdev/devel/optee/optee_os/out/arm-plat-vexpress/export-user_ta/lib/libutils.a(bget_malloc.o)
 .text.create_free_block
                0x000039a4      0x178 /home/rahulmahdev/devel/optee/optee_os/out/arm-plat-vexpress/export-user_ta/lib/libutils.a(bget_malloc.o)
 .text.brel_before
                0x00003b1c      0x130 /home/rahulmahdev/devel/optee/optee_os/out/arm-plat-vexpress/export-user_ta/lib/libutils.a(bget_malloc.o)
 .text.brel_after
                0x00003c4c      0x1f4 /home/rahulmahdev/devel/optee/optee_os/out/arm-plat-vexpress/export-user_ta/lib/libutils.a(bget_malloc.o)
 .text.raw_memalign
                0x00003e40      0x184 /home/rahulmahdev/devel/optee/optee_os/out/arm-plat-vexpress/export-user_ta/lib/libutils.a(bget_malloc.o)
 .text.bget_buf_size
                0x00003fc4       0x78 /home/rahulmahdev/devel/optee/optee_os/out/arm-plat-vexpress/export-user_ta/lib/libutils.a(bget_malloc.o)
 .text.malloc   0x0000403c       0x2c /home/rahulmahdev/devel/optee/optee_os/out/arm-plat-vexpress/export-user_ta/lib/libutils.a(bget_malloc.o)
                0x0000403c                malloc
 .text.free     0x00004068       0x20 /home/rahulmahdev/devel/optee/optee_os/out/arm-plat-vexpress/export-user_ta/lib/libutils.a(bget_malloc.o)
                0x00004068                free
 .text.calloc   0x00004088       0x3c /home/rahulmahdev/devel/optee/optee_os/out/arm-plat-vexpress/export-user_ta/lib/libutils.a(bget_malloc.o)
                0x00004088                calloc
 .text.realloc  0x000040c4       0x3c /home/rahulmahdev/devel/optee/optee_os/out/arm-plat-vexpress/export-user_ta/lib/libutils.a(bget_malloc.o)
                0x000040c4                realloc
 .text.memalign
                0x00004100       0x3c /home/rahulmahdev/devel/optee/optee_os/out/arm-plat-vexpress/export-user_ta/lib/libutils.a(bget_malloc.o)
                0x00004100                memalign
 .text.get_payload_start_size
                0x0000413c       0x2c /home/rahulmahdev/devel/optee/optee_os/out/arm-plat-vexpress/export-user_ta/lib/libutils.a(bget_malloc.o)
 .text.malloc_init
                0x00004168       0x70 /home/rahulmahdev/devel/optee/optee_os/out/arm-plat-vexpress/export-user_ta/lib/libutils.a(bget_malloc.o)
                0x00004168                malloc_init
 .text.malloc_add_pool
                0x000041d8      0x168 /home/rahulmahdev/devel/optee/optee_os/out/arm-plat-vexpress/export-user_ta/lib/libutils.a(bget_malloc.o)
                0x000041d8                malloc_add_pool
 .text.malloc_buffer_is_within_alloced
                0x00004340       0xa0 /home/rahulmahdev/devel/optee/optee_os/out/arm-plat-vexpress/export-user_ta/lib/libutils.a(bget_malloc.o)
                0x00004340                malloc_buffer_is_within_alloced
 .text.malloc_buffer_overlaps_heap
                0x000043e0       0xac /home/rahulmahdev/devel/optee/optee_os/out/arm-plat-vexpress/export-user_ta/lib/libutils.a(bget_malloc.o)
                0x000043e0                malloc_buffer_overlaps_heap
 .text.snprintf
                0x0000448c       0x44 /home/rahulmahdev/devel/optee/optee_os/out/arm-plat-vexpress/export-user_ta/lib/libutils.a(snprintf.o)
                0x0000448c                snprintf
 .text.vsnprintf
                0x000044d0       0x80 /home/rahulmahdev/devel/optee/optee_os/out/arm-plat-vexpress/export-user_ta/lib/libutils.a(snprintf.o)
                0x000044d0                vsnprintf
 .text.kprintf  0x00004550      0xd70 /home/rahulmahdev/devel/optee/optee_os/out/arm-plat-vexpress/export-user_ta/lib/libutils.a(snprintf.o)
 .text.memchr   0x000052c0      0x114 /home/rahulmahdev/devel/optee/optee_os/out/arm-plat-vexpress/export-user_ta/lib/libutils.a(memchr.o)
                0x000052c0                memchr
 .text.memcmp   0x000053d4       0xb8 /home/rahulmahdev/devel/optee/optee_os/out/arm-plat-vexpress/export-user_ta/lib/libutils.a(memcmp.o)
                0x000053d4                memcmp
 .text.memcpy   0x0000548c       0xf4 /home/rahulmahdev/devel/optee/optee_os/out/arm-plat-vexpress/export-user_ta/lib/libutils.a(memcpy.o)
                0x0000548c                memcpy
 .text.memmove  0x00005580      0x140 /home/rahulmahdev/devel/optee/optee_os/out/arm-plat-vexpress/export-user_ta/lib/libutils.a(memmove.o)
                0x00005580                memmove
 .text.memset   0x000056c0      0x11c /home/rahulmahdev/devel/optee/optee_os/out/arm-plat-vexpress/export-user_ta/lib/libutils.a(memset.o)
                0x000056c0                memset
 .text.strlen   0x000057dc       0x8c /home/rahulmahdev/devel/optee/optee_os/out/arm-plat-vexpress/export-user_ta/lib/libutils.a(strlen.o)
                0x000057dc                strlen
 .text          0x00005868       0x30 /home/rahulmahdev/devel/optee/optee_os/out/arm-plat-vexpress/export-user_ta/lib/libutils.a(arm32_aeabi_ldivmod_a32.o)
                0x00005868                __aeabi_ldivmod
                0x00005880                __aeabi_uldivmod
 .text.division_lqr
                0x00005898       0xf0 /home/rahulmahdev/devel/optee/optee_os/out/arm-plat-vexpress/export-user_ta/lib/libutils.a(arm32_aeabi_ldivmod.o)
 .text.ul_div_qr
                0x00005988       0x70 /home/rahulmahdev/devel/optee/optee_os/out/arm-plat-vexpress/export-user_ta/lib/libutils.a(arm32_aeabi_ldivmod.o)
 .text.__ul_divmod
                0x000059f8       0xa0 /home/rahulmahdev/devel/optee/optee_os/out/arm-plat-vexpress/export-user_ta/lib/libutils.a(arm32_aeabi_ldivmod.o)
                0x000059f8                __ul_divmod
 .text.__l_divmod
                0x00005a98      0x114 /home/rahulmahdev/devel/optee/optee_os/out/arm-plat-vexpress/export-user_ta/lib/libutils.a(arm32_aeabi_ldivmod.o)
                0x00005a98                __l_divmod
 .text.strlcpy  0x00005bac       0x84 /home/rahulmahdev/devel/optee/optee_os/out/arm-plat-vexpress/export-user_ta/lib/libutils.a(strlcpy.o)
                0x00005bac                strlcpy
 .text.trace_set_level
                0x00005c30       0x48 /home/rahulmahdev/devel/optee/optee_os/out/arm-plat-vexpress/export-user_ta/lib/libutils.a(trace.o)
                0x00005c30                trace_set_level
 .text.trace_get_level
                0x00005c78       0x24 /home/rahulmahdev/devel/optee/optee_os/out/arm-plat-vexpress/export-user_ta/lib/libutils.a(trace.o)
                0x00005c78                trace_get_level
 .text.trace_level_to_string
                0x00005c9c       0x58 /home/rahulmahdev/devel/optee/optee_os/out/arm-plat-vexpress/export-user_ta/lib/libutils.a(trace.o)
 .text.trace_printf
                0x00005cf4      0x1ec /home/rahulmahdev/devel/optee/optee_os/out/arm-plat-vexpress/export-user_ta/lib/libutils.a(trace.o)
                0x00005cf4                trace_printf
 .text.dhex_dump
                0x00005ee0       0x1c /home/rahulmahdev/devel/optee/optee_os/out/arm-plat-vexpress/export-user_ta/lib/libutils.a(trace.o)
                0x00005ee0                dhex_dump
 .text.__mpa_set_unused_digits_to_zero
                0x00005efc       0x60 /home/rahulmahdev/devel/optee/optee_os/out/arm-plat-vexpress/export-user_ta/lib/libmpa.a(mpa_misc.o)
                0x00005efc                __mpa_set_unused_digits_to_zero
 .text.mpa_wipe
                0x00005f5c       0x4c /home/rahulmahdev/devel/optee/optee_os/out/arm-plat-vexpress/export-user_ta/lib/libmpa.a(mpa_misc.o)
                0x00005f5c                mpa_wipe
 .text.mpa_copy
                0x00005fa8       0x60 /home/rahulmahdev/devel/optee/optee_os/out/arm-plat-vexpress/export-user_ta/lib/libmpa.a(mpa_misc.o)
                0x00005fa8                mpa_copy
 .text.mpa_abs  0x00006008       0x38 /home/rahulmahdev/devel/optee/optee_os/out/arm-plat-vexpress/export-user_ta/lib/libmpa.a(mpa_misc.o)
                0x00006008                mpa_abs
 .text.mpa_highest_bit_index
                0x00006040       0x80 /home/rahulmahdev/devel/optee/optee_os/out/arm-plat-vexpress/export-user_ta/lib/libmpa.a(mpa_misc.o)
                0x00006040                mpa_highest_bit_index
 .text.mpa_get_bit
                0x000060c0       0x6c /home/rahulmahdev/devel/optee/optee_os/out/arm-plat-vexpress/export-user_ta/lib/libmpa.a(mpa_misc.o)
                0x000060c0                mpa_get_bit
 .text.mpa_can_hold
                0x0000612c       0x34 /home/rahulmahdev/devel/optee/optee_os/out/arm-plat-vexpress/export-user_ta/lib/libmpa.a(mpa_misc.o)
                0x0000612c                mpa_can_hold
 .text.mpa_parity
                0x00006160       0x2c /home/rahulmahdev/devel/optee/optee_os/out/arm-plat-vexpress/export-user_ta/lib/libmpa.a(mpa_misc.o)
                0x00006160                mpa_parity
 .text.mpa_constant_one
                0x0000618c       0x18 /home/rahulmahdev/devel/optee/optee_os/out/arm-plat-vexpress/export-user_ta/lib/libmpa.a(mpa_misc.o)
                0x0000618c                mpa_constant_one
 .text.__mpa_montgomery_mul_add
                0x000061a4      0x134 /home/rahulmahdev/devel/optee/optee_os/out/arm-plat-vexpress/export-user_ta/lib/libmpa.a(mpa_montgomery.o)
                0x000061a4                __mpa_montgomery_mul_add
 .text.__mpa_montgomery_sub_ack
                0x000062d8      0x118 /home/rahulmahdev/devel/optee/optee_os/out/arm-plat-vexpress/export-user_ta/lib/libmpa.a(mpa_montgomery.o)
                0x000062d8                __mpa_montgomery_sub_ack
 .text.__mpa_montgomery_mul
                0x000063f0      0x160 /home/rahulmahdev/devel/optee/optee_os/out/arm-plat-vexpress/export-user_ta/lib/libmpa.a(mpa_montgomery.o)
                0x000063f0                __mpa_montgomery_mul
 .text.mpa_compute_fmm_context
                0x00006550      0x158 /home/rahulmahdev/devel/optee/optee_os/out/arm-plat-vexpress/export-user_ta/lib/libmpa.a(mpa_montgomery.o)
                0x00006550                mpa_compute_fmm_context
 .text.mpa_montgomery_mul
                0x000066a8       0x74 /home/rahulmahdev/devel/optee/optee_os/out/arm-plat-vexpress/export-user_ta/lib/libmpa.a(mpa_montgomery.o)
                0x000066a8                mpa_montgomery_mul
 .text.mpa_is_prob_prime
                0x0000671c       0x68 /home/rahulmahdev/devel/optee/optee_os/out/arm-plat-vexpress/export-user_ta/lib/libmpa.a(mpa_primetest.o)
                0x0000671c                mpa_is_prob_prime
 .text.check_table
                0x00006784       0x38 /home/rahulmahdev/devel/optee/optee_os/out/arm-plat-vexpress/export-user_ta/lib/libmpa.a(mpa_primetest.o)
 .text.is_small_prime
                0x000067bc       0xc8 /home/rahulmahdev/devel/optee/optee_os/out/arm-plat-vexpress/export-user_ta/lib/libmpa.a(mpa_primetest.o)
 .text.has_small_factors
                0x00006884       0x8c /home/rahulmahdev/devel/optee/optee_os/out/arm-plat-vexpress/export-user_ta/lib/libmpa.a(mpa_primetest.o)
 .text.primality_test_miller_rabin
                0x00006910      0x338 /home/rahulmahdev/devel/optee/optee_os/out/arm-plat-vexpress/export-user_ta/lib/libmpa.a(mpa_primetest.o)
 .text.mpa_set_S32
                0x00006c48       0x4c /home/rahulmahdev/devel/optee/optee_os/out/arm-plat-vexpress/export-user_ta/lib/libmpa.a(mpa_conv.o)
                0x00006c48                mpa_set_S32
 .text.mpa_get_S32
                0x00006c94       0x98 /home/rahulmahdev/devel/optee/optee_os/out/arm-plat-vexpress/export-user_ta/lib/libmpa.a(mpa_conv.o)
                0x00006c94                mpa_get_S32
 .text.mpa_set_word
                0x00006d2c       0x30 /home/rahulmahdev/devel/optee/optee_os/out/arm-plat-vexpress/export-user_ta/lib/libmpa.a(mpa_conv.o)
                0x00006d2c                mpa_set_word
 .text.mpa_get_word
                0x00006d5c       0x34 /home/rahulmahdev/devel/optee/optee_os/out/arm-plat-vexpress/export-user_ta/lib/libmpa.a(mpa_conv.o)
                0x00006d5c                mpa_get_word
 .text.__mpa_soft_div
                0x00006d90       0xd8 /home/rahulmahdev/devel/optee/optee_os/out/arm-plat-vexpress/export-user_ta/lib/libmpa.a(mpa_div.o)
 .text.__mpa_div_dword
                0x00006e68       0x60 /home/rahulmahdev/devel/optee/optee_os/out/arm-plat-vexpress/export-user_ta/lib/libmpa.a(mpa_div.o)
                0x00006e68                __mpa_div_dword
 .text.__mpa_div_q_r_internal
                0x00006ec8      0x6a0 /home/rahulmahdev/devel/optee/optee_os/out/arm-plat-vexpress/export-user_ta/lib/libmpa.a(mpa_div.o)
 .text.__mpa_div_q_r_internal_word
                0x00007568      0x15c /home/rahulmahdev/devel/optee/optee_os/out/arm-plat-vexpress/export-user_ta/lib/libmpa.a(mpa_div.o)
                0x00007568                __mpa_div_q_r_internal_word
 .text.__mpa_div_q_r
                0x000076c4      0x184 /home/rahulmahdev/devel/optee/optee_os/out/arm-plat-vexpress/export-user_ta/lib/libmpa.a(mpa_div.o)
                0x000076c4                __mpa_div_q_r
 .text.mpa_div  0x00007848      0x104 /home/rahulmahdev/devel/optee/optee_os/out/arm-plat-vexpress/export-user_ta/lib/libmpa.a(mpa_div.o)
                0x00007848                mpa_div
 .text.__mpa_divby2
                0x0000794c       0xf4 /home/rahulmahdev/devel/optee/optee_os/out/arm-plat-vexpress/export-user_ta/lib/libmpa.a(mpa_gcd.o)
 .text.__mpa_egcd
                0x00007a40      0x390 /home/rahulmahdev/devel/optee/optee_os/out/arm-plat-vexpress/export-user_ta/lib/libmpa.a(mpa_gcd.o)
 .text.__mpa_gcd
                0x00007dd0      0x1cc /home/rahulmahdev/devel/optee/optee_os/out/arm-plat-vexpress/export-user_ta/lib/libmpa.a(mpa_gcd.o)
 .text.mpa_gcd  0x00007f9c      0x118 /home/rahulmahdev/devel/optee/optee_os/out/arm-plat-vexpress/export-user_ta/lib/libmpa.a(mpa_gcd.o)
                0x00007f9c                mpa_gcd
 .text.mpa_extended_gcd
                0x000080b4      0x21c /home/rahulmahdev/devel/optee/optee_os/out/arm-plat-vexpress/export-user_ta/lib/libmpa.a(mpa_gcd.o)
                0x000080b4                mpa_extended_gcd
 .text.mpa_init_scratch_mem
                0x000082d0       0x34 /home/rahulmahdev/devel/optee/optee_os/out/arm-plat-vexpress/export-user_ta/lib/libmpa.a(mpa_mem_static.o)
                0x000082d0                mpa_init_scratch_mem
 .text.mpa_alloc_static_temp_var_size
                0x00008304      0x118 /home/rahulmahdev/devel/optee/optee_os/out/arm-plat-vexpress/export-user_ta/lib/libmpa.a(mpa_mem_static.o)
                0x00008304                mpa_alloc_static_temp_var_size
 .text.mpa_alloc_static_temp_var
                0x0000841c       0x2c /home/rahulmahdev/devel/optee/optee_os/out/arm-plat-vexpress/export-user_ta/lib/libmpa.a(mpa_mem_static.o)
                0x0000841c                mpa_alloc_static_temp_var
 .text.mpa_free_static_temp_var
                0x00008448       0x80 /home/rahulmahdev/devel/optee/optee_os/out/arm-plat-vexpress/export-user_ta/lib/libmpa.a(mpa_mem_static.o)
                0x00008448                mpa_free_static_temp_var
 .text.__mpa_mul_add_word
                0x000084c8       0x78 /home/rahulmahdev/devel/optee/optee_os/out/arm-plat-vexpress/export-user_ta/lib/libmpa.a(mpa_mul.o)
                0x000084c8                __mpa_mul_add_word
 .text.__mpa_mul_add_word_cum
                0x00008540       0x88 /home/rahulmahdev/devel/optee/optee_os/out/arm-plat-vexpress/export-user_ta/lib/libmpa.a(mpa_mul.o)
                0x00008540                __mpa_mul_add_word_cum
 .text.__mpa_abs_mul_word
                0x000085c8       0xcc /home/rahulmahdev/devel/optee/optee_os/out/arm-plat-vexpress/export-user_ta/lib/libmpa.a(mpa_mul.o)
                0x000085c8                __mpa_abs_mul_word
 .text.__mpa_abs_mul
                0x00008694      0x12c /home/rahulmahdev/devel/optee/optee_os/out/arm-plat-vexpress/export-user_ta/lib/libmpa.a(mpa_mul.o)
                0x00008694                __mpa_abs_mul
 .text.mpa_mul  0x000087c0       0xf8 /home/rahulmahdev/devel/optee/optee_os/out/arm-plat-vexpress/export-user_ta/lib/libmpa.a(mpa_mul.o)
                0x000087c0                mpa_mul
 .text.mpa_mul_word
                0x000088b8       0xdc /home/rahulmahdev/devel/optee/optee_os/out/arm-plat-vexpress/export-user_ta/lib/libmpa.a(mpa_mul.o)
                0x000088b8                mpa_mul_word
 .text.mpa_set_random_generator
                0x00008994       0x24 /home/rahulmahdev/devel/optee/optee_os/out/arm-plat-vexpress/export-user_ta/lib/libmpa.a(mpa_random.o)
                0x00008994                mpa_set_random_generator
 .text.get_random_byte
                0x000089b8       0x34 /home/rahulmahdev/devel/optee/optee_os/out/arm-plat-vexpress/export-user_ta/lib/libmpa.a(mpa_random.o)
 .text.mpa_get_random
                0x000089ec      0x158 /home/rahulmahdev/devel/optee/optee_os/out/arm-plat-vexpress/export-user_ta/lib/libmpa.a(mpa_random.o)
                0x000089ec                mpa_get_random
 .text.__mpa_shift_words_left
                0x00008b44       0xcc /home/rahulmahdev/devel/optee/optee_os/out/arm-plat-vexpress/export-user_ta/lib/libmpa.a(mpa_shift.o)
                0x00008b44                __mpa_shift_words_left
 .text.__mpa_shift_words_right
                0x00008c10       0xc0 /home/rahulmahdev/devel/optee/optee_os/out/arm-plat-vexpress/export-user_ta/lib/libmpa.a(mpa_shift.o)
                0x00008c10                __mpa_shift_words_right
 .text.mpa_shift_left
                0x00008cd0      0x248 /home/rahulmahdev/devel/optee/optee_os/out/arm-plat-vexpress/export-user_ta/lib/libmpa.a(mpa_shift.o)
                0x00008cd0                mpa_shift_left
 .text.mpa_shift_right
                0x00008f18      0x200 /home/rahulmahdev/devel/optee/optee_os/out/arm-plat-vexpress/export-user_ta/lib/libmpa.a(mpa_shift.o)
                0x00008f18                mpa_shift_right
 .text.__mpa_full_adder
                0x00009118       0x64 /home/rahulmahdev/devel/optee/optee_os/out/arm-plat-vexpress/export-user_ta/lib/libmpa.a(mpa_addsub.o)
                0x00009118                __mpa_full_adder
 .text.__mpa_full_sub
                0x0000917c       0x68 /home/rahulmahdev/devel/optee/optee_os/out/arm-plat-vexpress/export-user_ta/lib/libmpa.a(mpa_addsub.o)
                0x0000917c                __mpa_full_sub
 .text.__mpa_full_adder_ackum
                0x000091e4       0x64 /home/rahulmahdev/devel/optee/optee_os/out/arm-plat-vexpress/export-user_ta/lib/libmpa.a(mpa_addsub.o)
                0x000091e4                __mpa_full_adder_ackum
 .text.__mpa_abs_add
                0x00009248      0x138 /home/rahulmahdev/devel/optee/optee_os/out/arm-plat-vexpress/export-user_ta/lib/libmpa.a(mpa_addsub.o)
                0x00009248                __mpa_abs_add
 .text.__mpa_abs_add_ackum
                0x00009380      0x10c /home/rahulmahdev/devel/optee/optee_os/out/arm-plat-vexpress/export-user_ta/lib/libmpa.a(mpa_addsub.o)
                0x00009380                __mpa_abs_add_ackum
 .text.__mpa_abs_sub
                0x0000948c      0x110 /home/rahulmahdev/devel/optee/optee_os/out/arm-plat-vexpress/export-user_ta/lib/libmpa.a(mpa_addsub.o)
                0x0000948c                __mpa_abs_sub
 .text.mpa_add  0x0000959c      0x224 /home/rahulmahdev/devel/optee/optee_os/out/arm-plat-vexpress/export-user_ta/lib/libmpa.a(mpa_addsub.o)
                0x0000959c                mpa_add
 .text.mpa_sub  0x000097c0      0x250 /home/rahulmahdev/devel/optee/optee_os/out/arm-plat-vexpress/export-user_ta/lib/libmpa.a(mpa_addsub.o)
                0x000097c0                mpa_sub
 .text.mpa_neg  0x00009a10       0x38 /home/rahulmahdev/devel/optee/optee_os/out/arm-plat-vexpress/export-user_ta/lib/libmpa.a(mpa_addsub.o)
                0x00009a10                mpa_neg
 .text.mpa_add_word
                0x00009a48      0x170 /home/rahulmahdev/devel/optee/optee_os/out/arm-plat-vexpress/export-user_ta/lib/libmpa.a(mpa_addsub.o)
                0x00009a48                mpa_add_word
 .text.mpa_sub_word
                0x00009bb8      0x174 /home/rahulmahdev/devel/optee/optee_os/out/arm-plat-vexpress/export-user_ta/lib/libmpa.a(mpa_addsub.o)
                0x00009bb8                mpa_sub_word
 .text.__mpa_abs_cmp
                0x00009d2c      0x100 /home/rahulmahdev/devel/optee/optee_os/out/arm-plat-vexpress/export-user_ta/lib/libmpa.a(mpa_cmp.o)
                0x00009d2c                __mpa_abs_cmp
 .text.__mpa_abs_greater_than
                0x00009e2c       0x30 /home/rahulmahdev/devel/optee/optee_os/out/arm-plat-vexpress/export-user_ta/lib/libmpa.a(mpa_cmp.o)
                0x00009e2c                __mpa_abs_greater_than
 .text.__mpa_abs_less_than
                0x00009e5c       0x2c /home/rahulmahdev/devel/optee/optee_os/out/arm-plat-vexpress/export-user_ta/lib/libmpa.a(mpa_cmp.o)
                0x00009e5c                __mpa_abs_less_than
 .text.mpa_cmp  0x00009e88       0x90 /home/rahulmahdev/devel/optee/optee_os/out/arm-plat-vexpress/export-user_ta/lib/libmpa.a(mpa_cmp.o)
                0x00009e88                mpa_cmp
 .text.mpa_cmp_short
                0x00009f18       0xac /home/rahulmahdev/devel/optee/optee_os/out/arm-plat-vexpress/export-user_ta/lib/libmpa.a(mpa_cmp.o)
                0x00009f18                mpa_cmp_short
 .text.mpa_exp_mod
                0x00009fc4      0x16c /home/rahulmahdev/devel/optee/optee_os/out/arm-plat-vexpress/export-user_ta/lib/libmpa.a(mpa_expmod.o)
                0x00009fc4                mpa_exp_mod
 .text.mpa_init_static
                0x0000a130       0x4c /home/rahulmahdev/devel/optee/optee_os/out/arm-plat-vexpress/export-user_ta/lib/libmpa.a(mpa_init.o)
                0x0000a130                mpa_init_static
 .text.mpa_init_static_fmm_context
                0x0000a17c       0xb8 /home/rahulmahdev/devel/optee/optee_os/out/arm-plat-vexpress/export-user_ta/lib/libmpa.a(mpa_init.o)
                0x0000a17c                mpa_init_static_fmm_context
 .text.__mpa_isspace
                0x0000a234       0x44 /home/rahulmahdev/devel/optee/optee_os/out/arm-plat-vexpress/export-user_ta/lib/libmpa.a(mpa_io.o)
 .text.__mpa_is_char_in_base
                0x0000a278       0x8c /home/rahulmahdev/devel/optee/optee_os/out/arm-plat-vexpress/export-user_ta/lib/libmpa.a(mpa_io.o)
 .text.__mpa_digit_value
                0x0000a304       0x58 /home/rahulmahdev/devel/optee/optee_os/out/arm-plat-vexpress/export-user_ta/lib/libmpa.a(mpa_io.o)
 .text.__mpa_digitstr_to_binary_wsize_base_16
                0x0000a35c       0x24 /home/rahulmahdev/devel/optee/optee_os/out/arm-plat-vexpress/export-user_ta/lib/libmpa.a(mpa_io.o)
 .text.__mpa_nibble_to_char
                0x0000a380       0x50 /home/rahulmahdev/devel/optee/optee_os/out/arm-plat-vexpress/export-user_ta/lib/libmpa.a(mpa_io.o)
 .text.__mpa_word_to_hexstr
                0x0000a3d0       0x6c /home/rahulmahdev/devel/optee/optee_os/out/arm-plat-vexpress/export-user_ta/lib/libmpa.a(mpa_io.o)
 .text.__mpa_mpanum_to_hexstr
                0x0000a43c      0x134 /home/rahulmahdev/devel/optee/optee_os/out/arm-plat-vexpress/export-user_ta/lib/libmpa.a(mpa_io.o)
 .text.__mpa_count_leading_zero_bits
                0x0000a570       0x50 /home/rahulmahdev/devel/optee/optee_os/out/arm-plat-vexpress/export-user_ta/lib/libmpa.a(mpa_io.o)
 .text.__mpa_size_in_base_255
                0x0000a5c0       0x6c /home/rahulmahdev/devel/optee/optee_os/out/arm-plat-vexpress/export-user_ta/lib/libmpa.a(mpa_io.o)
 .text.mpa_get_str_size
                0x0000a62c       0x14 /home/rahulmahdev/devel/optee/optee_os/out/arm-plat-vexpress/export-user_ta/lib/libmpa.a(mpa_io.o)
                0x0000a62c                mpa_get_str_size
 .text.mpa_set_str
                0x0000a640      0x348 /home/rahulmahdev/devel/optee/optee_os/out/arm-plat-vexpress/export-user_ta/lib/libmpa.a(mpa_io.o)
                0x0000a640                mpa_set_str
 .text.mpa_get_str
                0x0000a988       0xb8 /home/rahulmahdev/devel/optee/optee_os/out/arm-plat-vexpress/export-user_ta/lib/libmpa.a(mpa_io.o)
                0x0000a988                mpa_get_str
 .text.set_word
                0x0000aa40       0x68 /home/rahulmahdev/devel/optee/optee_os/out/arm-plat-vexpress/export-user_ta/lib/libmpa.a(mpa_io.o)
 .text.mpa_set_oct_str
                0x0000aaa8      0x100 /home/rahulmahdev/devel/optee/optee_os/out/arm-plat-vexpress/export-user_ta/lib/libmpa.a(mpa_io.o)
                0x0000aaa8                mpa_set_oct_str
 .text.get_word
                0x0000aba8       0x44 /home/rahulmahdev/devel/optee/optee_os/out/arm-plat-vexpress/export-user_ta/lib/libmpa.a(mpa_io.o)
 .text.mpa_get_oct_str
                0x0000abec      0x148 /home/rahulmahdev/devel/optee/optee_os/out/arm-plat-vexpress/export-user_ta/lib/libmpa.a(mpa_io.o)
                0x0000abec                mpa_get_oct_str
 .text.mpa_mod  0x0000ad34       0x44 /home/rahulmahdev/devel/optee/optee_os/out/arm-plat-vexpress/export-user_ta/lib/libmpa.a(mpa_modulus.o)
                0x0000ad34                mpa_mod
 .text.mpa_add_mod
                0x0000ad78       0x78 /home/rahulmahdev/devel/optee/optee_os/out/arm-plat-vexpress/export-user_ta/lib/libmpa.a(mpa_modulus.o)
                0x0000ad78                mpa_add_mod
 .text.mpa_sub_mod
                0x0000adf0       0x78 /home/rahulmahdev/devel/optee/optee_os/out/arm-plat-vexpress/export-user_ta/lib/libmpa.a(mpa_modulus.o)
                0x0000adf0                mpa_sub_mod
 .text.mpa_mul_mod
                0x0000ae68       0x78 /home/rahulmahdev/devel/optee/optee_os/out/arm-plat-vexpress/export-user_ta/lib/libmpa.a(mpa_modulus.o)
                0x0000ae68                mpa_mul_mod
 .text.mpa_inv_mod
                0x0000aee0      0x12c /home/rahulmahdev/devel/optee/optee_os/out/arm-plat-vexpress/export-user_ta/lib/libmpa.a(mpa_modulus.o)
                0x0000aee0                mpa_inv_mod
 .text          0x0000b00c        0x0 /home/rahulmahdev/devel/optee/build/../quiz_test/out/ta/ta_quiz/quiz_ta.o
 .text          0x0000b00c        0x0 /home/rahulmahdev/devel/optee/build/../quiz_test/out/ta/ta_quiz/user_ta_header.o
 .text          0x0000b00c        0x0 /home/rahulmahdev/devel/optee/optee_os/out/arm-plat-vexpress/export-user_ta/lib/libutee.a(user_ta_entry.o)
 .text          0x0000b00c        0x0 /home/rahulmahdev/devel/optee/optee_os/out/arm-plat-vexpress/export-user_ta/lib/libutee.a(tee_api_arith.o)
 .text          0x0000b00c        0x0 /home/rahulmahdev/devel/optee/optee_os/out/arm-plat-vexpress/export-user_ta/lib/libutee.a(tee_api.o)
 .text          0x0000b00c        0x0 /home/rahulmahdev/devel/optee/optee_os/out/arm-plat-vexpress/export-user_ta/lib/libutee.a(utee_misc.o)
 .text          0x0000b00c        0x0 /home/rahulmahdev/devel/optee/optee_os/out/arm-plat-vexpress/export-user_ta/lib/libutee.a(tee_user_mem.o)
 .text          0x0000b00c        0x0 /home/rahulmahdev/devel/optee/optee_os/out/arm-plat-vexpress/export-user_ta/lib/libutee.a(trace_ext.o)
 .text          0x0000b00c        0x0 /home/rahulmahdev/devel/optee/optee_os/out/arm-plat-vexpress/export-user_ta/lib/libutee.a(assert.o)
 .text          0x0000b00c        0x0 /home/rahulmahdev/devel/optee/optee_os/out/arm-plat-vexpress/export-user_ta/lib/libutils.a(bget_malloc.o)
 .text          0x0000b00c        0x0 /home/rahulmahdev/devel/optee/optee_os/out/arm-plat-vexpress/export-user_ta/lib/libutils.a(snprintf.o)
 .text          0x0000b00c        0x0 /home/rahulmahdev/devel/optee/optee_os/out/arm-plat-vexpress/export-user_ta/lib/libutils.a(memchr.o)
 .text          0x0000b00c        0x0 /home/rahulmahdev/devel/optee/optee_os/out/arm-plat-vexpress/export-user_ta/lib/libutils.a(memcmp.o)
 .text          0x0000b00c        0x0 /home/rahulmahdev/devel/optee/optee_os/out/arm-plat-vexpress/export-user_ta/lib/libutils.a(memcpy.o)
 .text          0x0000b00c        0x0 /home/rahulmahdev/devel/optee/optee_os/out/arm-plat-vexpress/export-user_ta/lib/libutils.a(memmove.o)
 .text          0x0000b00c        0x0 /home/rahulmahdev/devel/optee/optee_os/out/arm-plat-vexpress/export-user_ta/lib/libutils.a(memset.o)
 .text          0x0000b00c        0x0 /home/rahulmahdev/devel/optee/optee_os/out/arm-plat-vexpress/export-user_ta/lib/libutils.a(strlen.o)
 .text          0x0000b00c        0x0 /home/rahulmahdev/devel/optee/optee_os/out/arm-plat-vexpress/export-user_ta/lib/libutils.a(arm32_aeabi_ldivmod.o)
 .text          0x0000b00c        0x0 /home/rahulmahdev/devel/optee/optee_os/out/arm-plat-vexpress/export-user_ta/lib/libutils.a(strlcpy.o)
 .text          0x0000b00c        0x0 /home/rahulmahdev/devel/optee/optee_os/out/arm-plat-vexpress/export-user_ta/lib/libutils.a(trace.o)
 .text          0x0000b00c        0x0 /home/rahulmahdev/devel/optee/optee_os/out/arm-plat-vexpress/export-user_ta/lib/libmpa.a(mpa_misc.o)
 .text          0x0000b00c        0x0 /home/rahulmahdev/devel/optee/optee_os/out/arm-plat-vexpress/export-user_ta/lib/libmpa.a(mpa_montgomery.o)
 .text          0x0000b00c        0x0 /home/rahulmahdev/devel/optee/optee_os/out/arm-plat-vexpress/export-user_ta/lib/libmpa.a(mpa_primetest.o)
 .text          0x0000b00c        0x0 /home/rahulmahdev/devel/optee/optee_os/out/arm-plat-vexpress/export-user_ta/lib/libmpa.a(mpa_conv.o)
 .text          0x0000b00c        0x0 /home/rahulmahdev/devel/optee/optee_os/out/arm-plat-vexpress/export-user_ta/lib/libmpa.a(mpa_div.o)
 .text          0x0000b00c        0x0 /home/rahulmahdev/devel/optee/optee_os/out/arm-plat-vexpress/export-user_ta/lib/libmpa.a(mpa_gcd.o)
 .text          0x0000b00c        0x0 /home/rahulmahdev/devel/optee/optee_os/out/arm-plat-vexpress/export-user_ta/lib/libmpa.a(mpa_mem_static.o)
 .text          0x0000b00c        0x0 /home/rahulmahdev/devel/optee/optee_os/out/arm-plat-vexpress/export-user_ta/lib/libmpa.a(mpa_mul.o)
 .text          0x0000b00c        0x0 /home/rahulmahdev/devel/optee/optee_os/out/arm-plat-vexpress/export-user_ta/lib/libmpa.a(mpa_random.o)
 .text          0x0000b00c        0x0 /home/rahulmahdev/devel/optee/optee_os/out/arm-plat-vexpress/export-user_ta/lib/libmpa.a(mpa_shift.o)
 .text          0x0000b00c        0x0 /home/rahulmahdev/devel/optee/optee_os/out/arm-plat-vexpress/export-user_ta/lib/libmpa.a(mpa_addsub.o)
 .text          0x0000b00c        0x0 /home/rahulmahdev/devel/optee/optee_os/out/arm-plat-vexpress/export-user_ta/lib/libmpa.a(mpa_cmp.o)
 .text          0x0000b00c        0x0 /home/rahulmahdev/devel/optee/optee_os/out/arm-plat-vexpress/export-user_ta/lib/libmpa.a(mpa_expmod.o)
 .text          0x0000b00c        0x0 /home/rahulmahdev/devel/optee/optee_os/out/arm-plat-vexpress/export-user_ta/lib/libmpa.a(mpa_init.o)
 .text          0x0000b00c        0x0 /home/rahulmahdev/devel/optee/optee_os/out/arm-plat-vexpress/export-user_ta/lib/libmpa.a(mpa_io.o)
 .text          0x0000b00c        0x0 /home/rahulmahdev/devel/optee/optee_os/out/arm-plat-vexpress/export-user_ta/lib/libmpa.a(mpa_modulus.o)
 *(SORT(.stub))
 *(SORT(.glue_7))
 .glue_7        0x00000000        0x0 linker stubs
 *(SORT(.glue_7t))
 .glue_7t       0x00000000        0x0 linker stubs
 *(SORT(.gnu.linkonce.t.*))
 *(SORT(.vfp11_veneer))
 .vfp11_veneer  0x00000000        0x0 linker stubs

.v4_bx          0x0000b00c        0x0
 .v4_bx         0x00000000        0x0 linker stubs

.iplt           0x0000b00c        0x0
 .iplt          0x00000000        0x0 /home/rahulmahdev/devel/optee/build/../quiz_test/out/ta/ta_quiz/quiz_ta.o

.eh_frame
 *(SORT(.eh_frame))

.rodata         0x0000b00c     0x1643
 *(SORT(.gnu.linkonce.r.*))
 *(SORT(.rodata) SORT(.rodata.*))
 .rodata.quiz_ta.c
                0x0000b00c       0x70 /home/rahulmahdev/devel/optee/build/../quiz_test/out/ta/ta_quiz/quiz_ta.o
 .rodata.__func__.5313
                0x0000b07c       0x1c /home/rahulmahdev/devel/optee/build/../quiz_test/out/ta/ta_quiz/quiz_ta.o
 .rodata.__func__.5317
                0x0000b098       0x1c /home/rahulmahdev/devel/optee/build/../quiz_test/out/ta/ta_quiz/quiz_ta.o
 .rodata.__func__.5323
                0x0000b0b4        0xc /home/rahulmahdev/devel/optee/build/../quiz_test/out/ta/ta_quiz/quiz_ta.o
 .rodata.trace_ext_prefix
                0x0000b0c0        0x8 /home/rahulmahdev/devel/optee/build/../quiz_test/out/ta/ta_quiz/user_ta_header.o
                0x0000b0c0                trace_ext_prefix
 .rodata.ta_heap_size
                0x0000b0c8        0x4 /home/rahulmahdev/devel/optee/build/../quiz_test/out/ta/ta_quiz/user_ta_header.o
                0x0000b0c8                ta_heap_size
 .rodata.__compound_literal.3
                0x0000b0cc        0x4 /home/rahulmahdev/devel/optee/build/../quiz_test/out/ta/ta_quiz/user_ta_header.o
 .rodata.__compound_literal.4
                0x0000b0d0        0x4 /home/rahulmahdev/devel/optee/build/../quiz_test/out/ta/ta_quiz/user_ta_header.o
 .rodata.__compound_literal.5
                0x0000b0d4        0x4 /home/rahulmahdev/devel/optee/build/../quiz_test/out/ta/ta_quiz/user_ta_header.o
 .rodata.user_ta_header.c
                0x0000b0d8       0xe8 /home/rahulmahdev/devel/optee/build/../quiz_test/out/ta/ta_quiz/user_ta_header.o
 .rodata.ta_num_props
                0x0000b1c0        0x4 /home/rahulmahdev/devel/optee/build/../quiz_test/out/ta/ta_quiz/user_ta_header.o
                0x0000b1c0                ta_num_props
 .rodata.lib/libutee/tee_api_arith.c
                0x0000b1c4       0x60 /home/rahulmahdev/devel/optee/optee_os/out/arm-plat-vexpress/export-user_ta/lib/libutee.a(tee_api_arith.o)
 .rodata.DEFAULT_TEE_MALLOC_HINT
                0x0000b224        0x4 /home/rahulmahdev/devel/optee/optee_os/out/arm-plat-vexpress/export-user_ta/lib/libutee.a(tee_api.o)
 .rodata.DEFAULT_TEE_MALLOC_HINT
                0x0000b228        0x4 /home/rahulmahdev/devel/optee/optee_os/out/arm-plat-vexpress/export-user_ta/lib/libutee.a(tee_user_mem.o)
 .rodata.CANARY_LINE_SIZE
                0x0000b22c        0x4 /home/rahulmahdev/devel/optee/optee_os/out/arm-plat-vexpress/export-user_ta/lib/libutee.a(tee_user_mem.o)
 .rodata.lib/libutee/tee_user_mem.c
                0x0000b230       0xf0 /home/rahulmahdev/devel/optee/optee_os/out/arm-plat-vexpress/export-user_ta/lib/libutee.a(tee_user_mem.o)
 .rodata.__func__.4931
                0x0000b320       0x10 /home/rahulmahdev/devel/optee/optee_os/out/arm-plat-vexpress/export-user_ta/lib/libutee.a(tee_user_mem.o)
 .rodata.__func__.4936
                0x0000b330        0xc /home/rahulmahdev/devel/optee/optee_os/out/arm-plat-vexpress/export-user_ta/lib/libutee.a(tee_user_mem.o)
 .rodata.__func__.4955
                0x0000b33c       0x14 /home/rahulmahdev/devel/optee/optee_os/out/arm-plat-vexpress/export-user_ta/lib/libutee.a(tee_user_mem.o)
 .rodata.__func__.4972
                0x0000b350       0x14 /home/rahulmahdev/devel/optee/optee_os/out/arm-plat-vexpress/export-user_ta/lib/libutee.a(tee_user_mem.o)
 .rodata.__func__.4980
                0x0000b364       0x18 /home/rahulmahdev/devel/optee/optee_os/out/arm-plat-vexpress/export-user_ta/lib/libutee.a(tee_user_mem.o)
 .rodata.__func__.4985
                0x0000b37c       0x14 /home/rahulmahdev/devel/optee/optee_os/out/arm-plat-vexpress/export-user_ta/lib/libutee.a(tee_user_mem.o)
 .rodata.lib/libutee/trace_ext.c
                0x0000b390        0x8 /home/rahulmahdev/devel/optee/optee_os/out/arm-plat-vexpress/export-user_ta/lib/libutee.a(trace_ext.o)
 .rodata.prefix.4674
                0x0000b398        0xc /home/rahulmahdev/devel/optee/optee_os/out/arm-plat-vexpress/export-user_ta/lib/libutee.a(trace_ext.o)
 .rodata.failed.4675
                0x0000b3a4       0x14 /home/rahulmahdev/devel/optee/optee_os/out/arm-plat-vexpress/export-user_ta/lib/libutee.a(trace_ext.o)
 .rodata.trunc.4676
                0x0000b3b8        0x8 /home/rahulmahdev/devel/optee/optee_os/out/arm-plat-vexpress/export-user_ta/lib/libutee.a(trace_ext.o)
 .rodata.lib/libutee/assert.c
                0x0000b3c0       0x20 /home/rahulmahdev/devel/optee/optee_os/out/arm-plat-vexpress/export-user_ta/lib/libutee.a(assert.o)
 .rodata.__func__.5139
                0x0000b3e0        0xc /home/rahulmahdev/devel/optee/optee_os/out/arm-plat-vexpress/export-user_ta/lib/libutee.a(assert.o)
 .rodata.lib/libutils/isoc/bget_malloc.c
                0x0000b3ec      0x3f4 /home/rahulmahdev/devel/optee/optee_os/out/arm-plat-vexpress/export-user_ta/lib/libutils.a(bget_malloc.o)
 .rodata.hexdigits
                0x0000b7e0       0x14 /home/rahulmahdev/devel/optee/optee_os/out/arm-plat-vexpress/export-user_ta/lib/libutils.a(snprintf.o)
 .rodata.HEXDIGITS
                0x0000b7f4       0x14 /home/rahulmahdev/devel/optee/optee_os/out/arm-plat-vexpress/export-user_ta/lib/libutils.a(snprintf.o)
 .rodata.lib/libutils/isoc/snprintf.c
                0x0000b808       0x24 /home/rahulmahdev/devel/optee/optee_os/out/arm-plat-vexpress/export-user_ta/lib/libutils.a(snprintf.o)
 .rodata.lib/libutils/ext/trace.c
                0x0000b82c       0x2c /home/rahulmahdev/devel/optee/optee_os/out/arm-plat-vexpress/export-user_ta/lib/libutils.a(trace.o)
 .rodata.lvl_strs.4220
                0x0000b858       0x14 /home/rahulmahdev/devel/optee/optee_os/out/arm-plat-vexpress/export-user_ta/lib/libutils.a(trace.o)
 .rodata.const_largest_deci_base
                0x0000b86c        0xc /home/rahulmahdev/devel/optee/optee_os/out/arm-plat-vexpress/export-user_ta/lib/libmpa.a(mpa_misc.o)
                0x0000b86c                const_largest_deci_base
 .rodata.Const_1_LShift_Base
                0x0000b878       0x10 /home/rahulmahdev/devel/optee/optee_os/out/arm-plat-vexpress/export-user_ta/lib/libmpa.a(mpa_misc.o)
                0x0000b878                Const_1_LShift_Base
 .rodata.const_one
                0x0000b888        0xc /home/rahulmahdev/devel/optee/optee_os/out/arm-plat-vexpress/export-user_ta/lib/libmpa.a(mpa_misc.o)
                0x0000b888                const_one
 .rodata.MAX_TABULATED_PRIME
                0x0000b894        0x4 /home/rahulmahdev/devel/optee/optee_os/out/arm-plat-vexpress/export-user_ta/lib/libmpa.a(mpa_primetest.o)
                0x0000b894                MAX_TABULATED_PRIME
 .rodata.NR_STORED_PRIMES
                0x0000b898        0x4 /home/rahulmahdev/devel/optee/optee_os/out/arm-plat-vexpress/export-user_ta/lib/libmpa.a(mpa_primetest.o)
                0x0000b898                NR_STORED_PRIMES
 .rodata.PRIME_TABLE
                0x0000b89c      0xc38 /home/rahulmahdev/devel/optee/optee_os/out/arm-plat-vexpress/export-user_ta/lib/libmpa.a(mpa_primetest.o)
                0x0000b89c                PRIME_TABLE
 .rodata.const_small_prime_factors
                0x0000c4d4       0xb8 /home/rahulmahdev/devel/optee/optee_os/out/arm-plat-vexpress/export-user_ta/lib/libmpa.a(mpa_primetest.o)
 .rodata.const_miller_rabin_proof_limit
                0x0000c58c       0x10 /home/rahulmahdev/devel/optee/optee_os/out/arm-plat-vexpress/export-user_ta/lib/libmpa.a(mpa_primetest.o)
 .rodata.const_two
                0x0000c59c        0xc /home/rahulmahdev/devel/optee/optee_os/out/arm-plat-vexpress/export-user_ta/lib/libmpa.a(mpa_primetest.o)
 .rodata.proof_a.4600
                0x0000c5a8       0x1c /home/rahulmahdev/devel/optee/optee_os/out/arm-plat-vexpress/export-user_ta/lib/libmpa.a(mpa_primetest.o)
 .rodata.lib/libmpa/mpa_io.c
                0x0000c5c4       0x88 /home/rahulmahdev/devel/optee/optee_os/out/arm-plat-vexpress/export-user_ta/lib/libmpa.a(mpa_io.o)
 .rodata.__compound_literal.0
                0x0000c64c        0x1 /home/rahulmahdev/devel/optee/build/../quiz_test/out/ta/ta_quiz/user_ta_header.o
 .rodata.__compound_literal.1
                0x0000c64d        0x1 /home/rahulmahdev/devel/optee/build/../quiz_test/out/ta/ta_quiz/user_ta_header.o
 .rodata.__compound_literal.2
                0x0000c64e        0x1 /home/rahulmahdev/devel/optee/build/../quiz_test/out/ta/ta_quiz/user_ta_header.o

.gnu.version_d  0x0000c650        0x0
 .gnu.version_d
                0x00000000        0x0 /home/rahulmahdev/devel/optee/build/../quiz_test/out/ta/ta_quiz/quiz_ta.o

.gnu.version    0x0000c650        0x0
 .gnu.version   0x00000000        0x0 /home/rahulmahdev/devel/optee/build/../quiz_test/out/ta/ta_quiz/quiz_ta.o

.gnu.version_r  0x0000c650        0x0
 .gnu.version_r
                0x00000000        0x0 /home/rahulmahdev/devel/optee/build/../quiz_test/out/ta/ta_quiz/quiz_ta.o

.ARM.exidx
 *(SORT(.ARM.exidx*) SORT(.gnu.linkonce.armexidx.*))

.ctors
 *(SORT(.ctors))

.dtors
 *(SORT(.dtors))

.plt            0x0000c650        0x0
 *(SORT(.plt))
 .plt           0x00000000        0x0 /home/rahulmahdev/devel/optee/build/../quiz_test/out/ta/ta_quiz/quiz_ta.o

.got            0x0000c650      0x1c4
 *(SORT(.got.plt))
 .got.plt       0x0000c650        0xc /home/rahulmahdev/devel/optee/build/../quiz_test/out/ta/ta_quiz/quiz_ta.o
                0x0000c650                _GLOBAL_OFFSET_TABLE_
 *(SORT(.got))
 .got           0x0000c65c      0x1b8 /home/rahulmahdev/devel/optee/build/../quiz_test/out/ta/ta_quiz/quiz_ta.o

.rel.text
 *(SORT(.rel.text))
 *(SORT(.rel.gnu.linkonce.t*))

.rela.text
 *(SORT(.rela.text))
 *(SORT(.rela.gnu.linkonce.t*))

.rel.data
 *(SORT(.rel.data))
 *(SORT(.rel.gnu.linkonce.d*))

.rela.data
 *(SORT(.rela.data))
 *(SORT(.rela.gnu.linkonce.d*))

.rel.rodata
 *(SORT(.rel.rodata))
 *(SORT(.rel.gnu.linkonce.r*))

.rela.rodata
 *(SORT(.rela.rodata))
 *(SORT(.rela.gnu.linkonce.r*))

.rel.dyn        0x0000c814       0xd0
 *(SORT(.rel.dyn))
 .rel.iplt      0x00000000        0x0 /home/rahulmahdev/devel/optee/build/../quiz_test/out/ta/ta_quiz/quiz_ta.o
 .rel.text.set_params
                0x00000000        0x0 /home/rahulmahdev/devel/optee/build/../quiz_test/out/ta/ta_quiz/quiz_ta.o
 .rel.text.start_quiz
                0x00000000        0x0 /home/rahulmahdev/devel/optee/build/../quiz_test/out/ta/ta_quiz/quiz_ta.o
 .rel.ta_head   0x0000c814       0x18 /home/rahulmahdev/devel/optee/build/../quiz_test/out/ta/ta_quiz/quiz_ta.o
 .rel.data.rel.ro.local.ta_props
                0x0000c82c       0x90 /home/rahulmahdev/devel/optee/build/../quiz_test/out/ta/ta_quiz/quiz_ta.o
 .rel.data.rel.local.ta_sessions
                0x0000c8bc        0x8 /home/rahulmahdev/devel/optee/build/../quiz_test/out/ta/ta_quiz/quiz_ta.o
 .rel.text.ta_header_save_params
                0x00000000        0x0 /home/rahulmahdev/devel/optee/build/../quiz_test/out/ta/ta_quiz/quiz_ta.o
 .rel.data.rel.local.mempool
                0x0000c8c4        0x8 /home/rahulmahdev/devel/optee/build/../quiz_test/out/ta/ta_quiz/quiz_ta.o
 .rel.text.TEE_BigIntDiv
                0x00000000        0x0 /home/rahulmahdev/devel/optee/build/../quiz_test/out/ta/ta_quiz/quiz_ta.o
 .rel.text.TEE_BigIntMod
                0x00000000        0x0 /home/rahulmahdev/devel/optee/build/../quiz_test/out/ta/ta_quiz/quiz_ta.o
 .rel.text.TEE_BigIntAddMod
                0x00000000        0x0 /home/rahulmahdev/devel/optee/build/../quiz_test/out/ta/ta_quiz/quiz_ta.o
 .rel.text.TEE_BigIntSubMod
                0x00000000        0x0 /home/rahulmahdev/devel/optee/build/../quiz_test/out/ta/ta_quiz/quiz_ta.o
 .rel.text.TEE_BigIntMulMod
                0x00000000        0x0 /home/rahulmahdev/devel/optee/build/../quiz_test/out/ta/ta_quiz/quiz_ta.o
 .rel.text.TEE_BigIntSquareMod
                0x00000000        0x0 /home/rahulmahdev/devel/optee/build/../quiz_test/out/ta/ta_quiz/quiz_ta.o
 .rel.text.TEE_BigIntInvMod
                0x00000000        0x0 /home/rahulmahdev/devel/optee/build/../quiz_test/out/ta/ta_quiz/quiz_ta.o
 .rel.text.TEE_CloseTASession
                0x00000000        0x0 /home/rahulmahdev/devel/optee/build/../quiz_test/out/ta/ta_quiz/quiz_ta.o
 .rel.text.TEE_InvokeTACommand
                0x00000000        0x0 /home/rahulmahdev/devel/optee/build/../quiz_test/out/ta/ta_quiz/quiz_ta.o
 .rel.text.TEE_UnmaskCancellation
                0x00000000        0x0 /home/rahulmahdev/devel/optee/build/../quiz_test/out/ta/ta_quiz/quiz_ta.o
 .rel.text.TEE_MaskCancellation
                0x00000000        0x0 /home/rahulmahdev/devel/optee/build/../quiz_test/out/ta/ta_quiz/quiz_ta.o
 .rel.text.TEE_GetSystemTime
                0x00000000        0x0 /home/rahulmahdev/devel/optee/build/../quiz_test/out/ta/ta_quiz/quiz_ta.o
 .rel.text.TEE_Wait
                0x00000000        0x0 /home/rahulmahdev/devel/optee/build/../quiz_test/out/ta/ta_quiz/quiz_ta.o
 .rel.text.TEE_GetTAPersistentTime
                0x00000000        0x0 /home/rahulmahdev/devel/optee/build/../quiz_test/out/ta/ta_quiz/quiz_ta.o
 .rel.text.TEE_SetTAPersistentTime
                0x00000000        0x0 /home/rahulmahdev/devel/optee/build/../quiz_test/out/ta/ta_quiz/quiz_ta.o
 .rel.text.TEE_GetREETime
                0x00000000        0x0 /home/rahulmahdev/devel/optee/build/../quiz_test/out/ta/ta_quiz/quiz_ta.o
 .rel.data.rel.local.user_mem_head
                0x0000c8cc        0x8 /home/rahulmahdev/devel/optee/build/../quiz_test/out/ta/ta_quiz/quiz_ta.o
 .rel.text.is_buffer_valid
                0x00000000        0x0 /home/rahulmahdev/devel/optee/build/../quiz_test/out/ta/ta_quiz/quiz_ta.o
 .rel.text.is_mem_coherent
                0x00000000        0x0 /home/rahulmahdev/devel/optee/build/../quiz_test/out/ta/ta_quiz/quiz_ta.o
 .rel.text.tee_user_mem_alloc
                0x00000000        0x0 /home/rahulmahdev/devel/optee/build/../quiz_test/out/ta/ta_quiz/quiz_ta.o
 .rel.text.tee_user_mem_realloc
                0x00000000        0x0 /home/rahulmahdev/devel/optee/build/../quiz_test/out/ta/ta_quiz/quiz_ta.o
 .rel.text.tee_user_mem_free
                0x00000000        0x0 /home/rahulmahdev/devel/optee/build/../quiz_test/out/ta/ta_quiz/quiz_ta.o
 .rel.text.tee_user_mem_status
                0x00000000        0x0 /home/rahulmahdev/devel/optee/build/../quiz_test/out/ta/ta_quiz/quiz_ta.o
 .rel.text.tee_user_mem_garbage
                0x00000000        0x0 /home/rahulmahdev/devel/optee/build/../quiz_test/out/ta/ta_quiz/quiz_ta.o
 .rel.text.printf
                0x00000000        0x0 /home/rahulmahdev/devel/optee/build/../quiz_test/out/ta/ta_quiz/quiz_ta.o
 .rel.text.puts
                0x00000000        0x0 /home/rahulmahdev/devel/optee/build/../quiz_test/out/ta/ta_quiz/quiz_ta.o
 .rel.data.rel.local.freelist
                0x0000c8d4       0x10 /home/rahulmahdev/devel/optee/build/../quiz_test/out/ta/ta_quiz/quiz_ta.o
 .rel.text.bgetz
                0x00000000        0x0 /home/rahulmahdev/devel/optee/build/../quiz_test/out/ta/ta_quiz/quiz_ta.o
 .rel.text.bgetr
                0x00000000        0x0 /home/rahulmahdev/devel/optee/build/../quiz_test/out/ta/ta_quiz/quiz_ta.o
 .rel.text.raw_malloc
                0x00000000        0x0 /home/rahulmahdev/devel/optee/build/../quiz_test/out/ta/ta_quiz/quiz_ta.o
 .rel.text.raw_free
                0x00000000        0x0 /home/rahulmahdev/devel/optee/build/../quiz_test/out/ta/ta_quiz/quiz_ta.o
 .rel.text.raw_calloc
                0x00000000        0x0 /home/rahulmahdev/devel/optee/build/../quiz_test/out/ta/ta_quiz/quiz_ta.o
 .rel.text.raw_realloc
                0x00000000        0x0 /home/rahulmahdev/devel/optee/build/../quiz_test/out/ta/ta_quiz/quiz_ta.o
 .rel.text.raw_memalign
                0x00000000        0x0 /home/rahulmahdev/devel/optee/build/../quiz_test/out/ta/ta_quiz/quiz_ta.o
 .rel.text.malloc_init
                0x00000000        0x0 /home/rahulmahdev/devel/optee/build/../quiz_test/out/ta/ta_quiz/quiz_ta.o
 .rel.text.malloc_add_pool
                0x00000000        0x0 /home/rahulmahdev/devel/optee/build/../quiz_test/out/ta/ta_quiz/quiz_ta.o
 .rel.text.snprintf
                0x00000000        0x0 /home/rahulmahdev/devel/optee/build/../quiz_test/out/ta/ta_quiz/quiz_ta.o
 .rel.text.mpa_abs
                0x00000000        0x0 /home/rahulmahdev/devel/optee/build/../quiz_test/out/ta/ta_quiz/quiz_ta.o
 .rel.text.mpa_constant_one
                0x00000000        0x0 /home/rahulmahdev/devel/optee/build/../quiz_test/out/ta/ta_quiz/quiz_ta.o
 .rel.text.__mpa_montgomery_mul
                0x00000000        0x0 /home/rahulmahdev/devel/optee/build/../quiz_test/out/ta/ta_quiz/quiz_ta.o
 .rel.text.mpa_montgomery_mul
                0x00000000        0x0 /home/rahulmahdev/devel/optee/build/../quiz_test/out/ta/ta_quiz/quiz_ta.o
 .rel.text.check_table
                0x00000000        0x0 /home/rahulmahdev/devel/optee/build/../quiz_test/out/ta/ta_quiz/quiz_ta.o
 .rel.text.__mpa_div_q_r_internal
                0x00000000        0x0 /home/rahulmahdev/devel/optee/build/../quiz_test/out/ta/ta_quiz/quiz_ta.o
 .rel.text.__mpa_div_q_r_internal_word
                0x00000000        0x0 /home/rahulmahdev/devel/optee/build/../quiz_test/out/ta/ta_quiz/quiz_ta.o
 .rel.text.__mpa_div_q_r
                0x00000000        0x0 /home/rahulmahdev/devel/optee/build/../quiz_test/out/ta/ta_quiz/quiz_ta.o
 .rel.text.mpa_div
                0x00000000        0x0 /home/rahulmahdev/devel/optee/build/../quiz_test/out/ta/ta_quiz/quiz_ta.o
 .rel.text.mpa_extended_gcd
                0x00000000        0x0 /home/rahulmahdev/devel/optee/build/../quiz_test/out/ta/ta_quiz/quiz_ta.o
 .rel.text.mpa_alloc_static_temp_var
                0x00000000        0x0 /home/rahulmahdev/devel/optee/build/../quiz_test/out/ta/ta_quiz/quiz_ta.o
 .rel.text.__mpa_abs_mul_word
                0x00000000        0x0 /home/rahulmahdev/devel/optee/build/../quiz_test/out/ta/ta_quiz/quiz_ta.o
 .rel.text.__mpa_abs_mul
                0x00000000        0x0 /home/rahulmahdev/devel/optee/build/../quiz_test/out/ta/ta_quiz/quiz_ta.o
 .rel.text.mpa_mul
                0x00000000        0x0 /home/rahulmahdev/devel/optee/build/../quiz_test/out/ta/ta_quiz/quiz_ta.o
 .rel.text.mpa_mul_word
                0x00000000        0x0 /home/rahulmahdev/devel/optee/build/../quiz_test/out/ta/ta_quiz/quiz_ta.o
 .rel.text.__mpa_abs_add
                0x00000000        0x0 /home/rahulmahdev/devel/optee/build/../quiz_test/out/ta/ta_quiz/quiz_ta.o
 .rel.text.__mpa_abs_add_ackum
                0x00000000        0x0 /home/rahulmahdev/devel/optee/build/../quiz_test/out/ta/ta_quiz/quiz_ta.o
 .rel.text.__mpa_abs_sub
                0x00000000        0x0 /home/rahulmahdev/devel/optee/build/../quiz_test/out/ta/ta_quiz/quiz_ta.o
 .rel.text.mpa_add
                0x00000000        0x0 /home/rahulmahdev/devel/optee/build/../quiz_test/out/ta/ta_quiz/quiz_ta.o
 .rel.text.mpa_sub
                0x00000000        0x0 /home/rahulmahdev/devel/optee/build/../quiz_test/out/ta/ta_quiz/quiz_ta.o
 .rel.text.mpa_add_word
                0x00000000        0x0 /home/rahulmahdev/devel/optee/build/../quiz_test/out/ta/ta_quiz/quiz_ta.o
 .rel.text.mpa_sub_word
                0x00000000        0x0 /home/rahulmahdev/devel/optee/build/../quiz_test/out/ta/ta_quiz/quiz_ta.o
 .rel.text.__mpa_abs_greater_than
                0x00000000        0x0 /home/rahulmahdev/devel/optee/build/../quiz_test/out/ta/ta_quiz/quiz_ta.o
 .rel.text.__mpa_abs_less_than
                0x00000000        0x0 /home/rahulmahdev/devel/optee/build/../quiz_test/out/ta/ta_quiz/quiz_ta.o
 .rel.text.mpa_cmp
                0x00000000        0x0 /home/rahulmahdev/devel/optee/build/../quiz_test/out/ta/ta_quiz/quiz_ta.o

.rel.got        0x0000c8e4      0x370
 *(SORT(.rel.got))
 .rel.got       0x0000c8e4      0x370 /home/rahulmahdev/devel/optee/build/../quiz_test/out/ta/ta_quiz/quiz_ta.o

.rela.got
 *(SORT(.rela.got))

.rel.ctors
 *(SORT(.rel.ctors))

.rela.ctors
 *(SORT(.rela.ctors))

.rel.dtors
 *(SORT(.rel.dtors))

.rela.dtors
 *(SORT(.rela.dtors))

.rel.init
 *(SORT(.rel.init))

.rela.init
 *(SORT(.rela.init))

.rel.fini
 *(SORT(.rel.fini))

.rela.fini
 *(SORT(.rela.fini))

.rel.bss
 *(SORT(.rel.bss))

.rela.bss
 *(SORT(.rela.bss))

.rel.plt        0x0000cc54        0x0
 *(SORT(.rel.plt))
 .rel.plt       0x00000000        0x0 /home/rahulmahdev/devel/optee/build/../quiz_test/out/ta/ta_quiz/quiz_ta.o

.rela.plt
 *(SORT(.rela.plt))
                0x0000d000                . = ALIGN (0x1000)

.data           0x0000d000       0x98
 *(SORT(.data) SORT(.data.*) SORT(.gnu.linkonce.d.*))
 .data.trace_level
                0x0000d000        0x4 /home/rahulmahdev/devel/optee/build/../quiz_test/out/ta/ta_quiz/user_ta_header.o
                0x0000d000                trace_level
 .data.rel.ro.local.ta_props
                0x0000d004       0x6c /home/rahulmahdev/devel/optee/build/../quiz_test/out/ta/ta_quiz/user_ta_header.o
                0x0000d004                ta_props
 .data.rel.local.ta_sessions
                0x0000d070        0x8 /home/rahulmahdev/devel/optee/optee_os/out/arm-plat-vexpress/export-user_ta/lib/libutee.a(user_ta_entry.o)
 .data.rel.local.mempool
                0x0000d078        0x4 /home/rahulmahdev/devel/optee/optee_os/out/arm-plat-vexpress/export-user_ta/lib/libutee.a(tee_api_arith.o)
 .data.ARTIST   0x0000d07c        0x4 /home/rahulmahdev/devel/optee/optee_os/out/arm-plat-vexpress/export-user_ta/lib/libutee.a(tee_user_mem.o)
 .data.rel.local.user_mem_head
                0x0000d080        0x8 /home/rahulmahdev/devel/optee/optee_os/out/arm-plat-vexpress/export-user_ta/lib/libutee.a(tee_user_mem.o)
                0x0000d080                user_mem_head
 .data.rel.local.freelist
                0x0000d088       0x10 /home/rahulmahdev/devel/optee/optee_os/out/arm-plat-vexpress/export-user_ta/lib/libutils.a(bget_malloc.o)
 .data          0x0000d098        0x0 /home/rahulmahdev/devel/optee/build/../quiz_test/out/ta/ta_quiz/quiz_ta.o
 .data          0x0000d098        0x0 /home/rahulmahdev/devel/optee/build/../quiz_test/out/ta/ta_quiz/user_ta_header.o
 .data          0x0000d098        0x0 /home/rahulmahdev/devel/optee/optee_os/out/arm-plat-vexpress/export-user_ta/lib/libutee.a(user_ta_entry.o)
 .data          0x0000d098        0x0 /home/rahulmahdev/devel/optee/optee_os/out/arm-plat-vexpress/export-user_ta/lib/libutee.a(utee_syscalls_asm.o)
 .data          0x0000d098        0x0 /home/rahulmahdev/devel/optee/optee_os/out/arm-plat-vexpress/export-user_ta/lib/libutee.a(tee_api_arith.o)
 .data          0x0000d098        0x0 /home/rahulmahdev/devel/optee/optee_os/out/arm-plat-vexpress/export-user_ta/lib/libutee.a(tee_api.o)
 .data          0x0000d098        0x0 /home/rahulmahdev/devel/optee/optee_os/out/arm-plat-vexpress/export-user_ta/lib/libutee.a(utee_misc.o)
 .data          0x0000d098        0x0 /home/rahulmahdev/devel/optee/optee_os/out/arm-plat-vexpress/export-user_ta/lib/libutee.a(tee_user_mem.o)
 .data          0x0000d098        0x0 /home/rahulmahdev/devel/optee/optee_os/out/arm-plat-vexpress/export-user_ta/lib/libutee.a(trace_ext.o)
 .data          0x0000d098        0x0 /home/rahulmahdev/devel/optee/optee_os/out/arm-plat-vexpress/export-user_ta/lib/libutee.a(assert.o)
 .data          0x0000d098        0x0 /home/rahulmahdev/devel/optee/optee_os/out/arm-plat-vexpress/export-user_ta/lib/libutils.a(bget_malloc.o)
 .data          0x0000d098        0x0 /home/rahulmahdev/devel/optee/optee_os/out/arm-plat-vexpress/export-user_ta/lib/libutils.a(snprintf.o)
 .data          0x0000d098        0x0 /home/rahulmahdev/devel/optee/optee_os/out/arm-plat-vexpress/export-user_ta/lib/libutils.a(memchr.o)
 .data          0x0000d098        0x0 /home/rahulmahdev/devel/optee/optee_os/out/arm-plat-vexpress/export-user_ta/lib/libutils.a(memcmp.o)
 .data          0x0000d098        0x0 /home/rahulmahdev/devel/optee/optee_os/out/arm-plat-vexpress/export-user_ta/lib/libutils.a(memcpy.o)
 .data          0x0000d098        0x0 /home/rahulmahdev/devel/optee/optee_os/out/arm-plat-vexpress/export-user_ta/lib/libutils.a(memmove.o)
 .data          0x0000d098        0x0 /home/rahulmahdev/devel/optee/optee_os/out/arm-plat-vexpress/export-user_ta/lib/libutils.a(memset.o)
 .data          0x0000d098        0x0 /home/rahulmahdev/devel/optee/optee_os/out/arm-plat-vexpress/export-user_ta/lib/libutils.a(strlen.o)
 .data          0x0000d098        0x0 /home/rahulmahdev/devel/optee/optee_os/out/arm-plat-vexpress/export-user_ta/lib/libutils.a(arm32_aeabi_ldivmod_a32.o)
 .data          0x0000d098        0x0 /home/rahulmahdev/devel/optee/optee_os/out/arm-plat-vexpress/export-user_ta/lib/libutils.a(arm32_aeabi_ldivmod.o)
 .data          0x0000d098        0x0 /home/rahulmahdev/devel/optee/optee_os/out/arm-plat-vexpress/export-user_ta/lib/libutils.a(strlcpy.o)
 .data          0x0000d098        0x0 /home/rahulmahdev/devel/optee/optee_os/out/arm-plat-vexpress/export-user_ta/lib/libutils.a(trace.o)
 .data          0x0000d098        0x0 /home/rahulmahdev/devel/optee/optee_os/out/arm-plat-vexpress/export-user_ta/lib/libmpa.a(mpa_misc.o)
 .data          0x0000d098        0x0 /home/rahulmahdev/devel/optee/optee_os/out/arm-plat-vexpress/export-user_ta/lib/libmpa.a(mpa_montgomery.o)
 .data          0x0000d098        0x0 /home/rahulmahdev/devel/optee/optee_os/out/arm-plat-vexpress/export-user_ta/lib/libmpa.a(mpa_primetest.o)
 .data          0x0000d098        0x0 /home/rahulmahdev/devel/optee/optee_os/out/arm-plat-vexpress/export-user_ta/lib/libmpa.a(mpa_conv.o)
 .data          0x0000d098        0x0 /home/rahulmahdev/devel/optee/optee_os/out/arm-plat-vexpress/export-user_ta/lib/libmpa.a(mpa_div.o)
 .data          0x0000d098        0x0 /home/rahulmahdev/devel/optee/optee_os/out/arm-plat-vexpress/export-user_ta/lib/libmpa.a(mpa_gcd.o)
 .data          0x0000d098        0x0 /home/rahulmahdev/devel/optee/optee_os/out/arm-plat-vexpress/export-user_ta/lib/libmpa.a(mpa_mem_static.o)
 .data          0x0000d098        0x0 /home/rahulmahdev/devel/optee/optee_os/out/arm-plat-vexpress/export-user_ta/lib/libmpa.a(mpa_mul.o)
 .data          0x0000d098        0x0 /home/rahulmahdev/devel/optee/optee_os/out/arm-plat-vexpress/export-user_ta/lib/libmpa.a(mpa_random.o)
 .data          0x0000d098        0x0 /home/rahulmahdev/devel/optee/optee_os/out/arm-plat-vexpress/export-user_ta/lib/libmpa.a(mpa_shift.o)
 .data          0x0000d098        0x0 /home/rahulmahdev/devel/optee/optee_os/out/arm-plat-vexpress/export-user_ta/lib/libmpa.a(mpa_addsub.o)
 .data          0x0000d098        0x0 /home/rahulmahdev/devel/optee/optee_os/out/arm-plat-vexpress/export-user_ta/lib/libmpa.a(mpa_cmp.o)
 .data          0x0000d098        0x0 /home/rahulmahdev/devel/optee/optee_os/out/arm-plat-vexpress/export-user_ta/lib/libmpa.a(mpa_expmod.o)
 .data          0x0000d098        0x0 /home/rahulmahdev/devel/optee/optee_os/out/arm-plat-vexpress/export-user_ta/lib/libmpa.a(mpa_init.o)
 .data          0x0000d098        0x0 /home/rahulmahdev/devel/optee/optee_os/out/arm-plat-vexpress/export-user_ta/lib/libmpa.a(mpa_io.o)
 .data          0x0000d098        0x0 /home/rahulmahdev/devel/optee/optee_os/out/arm-plat-vexpress/export-user_ta/lib/libmpa.a(mpa_modulus.o)

.igot.plt       0x0000d098        0x0
 .igot.plt      0x00000000        0x0 /home/rahulmahdev/devel/optee/build/../quiz_test/out/ta/ta_quiz/quiz_ta.o

.bss            0x0000d098     0xab2d
 *(SORT(.bss) SORT(.bss.*) SORT(.gnu.linkonce.b.*) SORT(COMMON))
 .bss.score     0x0000d098        0x4 /home/rahulmahdev/devel/optee/build/../quiz_test/out/ta/ta_quiz/quiz_ta.o
                0x0000d098                score
 .bss.q_no      0x0000d09c        0x4 /home/rahulmahdev/devel/optee/build/../quiz_test/out/ta/ta_quiz/quiz_ta.o
                0x0000d09c                q_no
 .bss.max_qs    0x0000d0a0        0x4 /home/rahulmahdev/devel/optee/build/../quiz_test/out/ta/ta_quiz/quiz_ta.o
                0x0000d0a0                max_qs
 .bss.questions
                0x0000d0a4        0x8 /home/rahulmahdev/devel/optee/build/../quiz_test/out/ta/ta_quiz/quiz_ta.o
                0x0000d0a4                questions
 .bss.ta_heap   0x0000d0ac     0x8000 /home/rahulmahdev/devel/optee/build/../quiz_test/out/ta/ta_quiz/user_ta_header.o
                0x0000d0ac                ta_heap
 .bss.ta_ref_count
                0x000150ac        0x4 /home/rahulmahdev/devel/optee/optee_os/out/arm-plat-vexpress/export-user_ta/lib/libutee.a(user_ta_entry.o)
 .bss.ta_param_types
                0x000150b0        0x4 /home/rahulmahdev/devel/optee/optee_os/out/arm-plat-vexpress/export-user_ta/lib/libutee.a(user_ta_entry.o)
                0x000150b0                ta_param_types
 .bss.ta_params
                0x000150b4       0x20 /home/rahulmahdev/devel/optee/optee_os/out/arm-plat-vexpress/export-user_ta/lib/libutee.a(user_ta_entry.o)
                0x000150b4                ta_params
 .bss.mempool_u32
                0x000150d4     0x1ad0 /home/rahulmahdev/devel/optee/optee_os/out/arm-plat-vexpress/export-user_ta/lib/libutee.a(tee_api_arith.o)
 .bss.tee_api_instance_data
                0x00016ba4        0x4 /home/rahulmahdev/devel/optee/optee_os/out/arm-plat-vexpress/export-user_ta/lib/libutee.a(tee_api.o)
 .bss.heap_level
                0x00016ba8        0x4 /home/rahulmahdev/devel/optee/optee_os/out/arm-plat-vexpress/export-user_ta/lib/libutee.a(tee_user_mem.o)
 .bss.global_stats
                0x00016bac        0x8 /home/rahulmahdev/devel/optee/optee_os/out/arm-plat-vexpress/export-user_ta/lib/libutee.a(tee_user_mem.o)
 .bss.malloc_pool
                0x00016bb4        0x4 /home/rahulmahdev/devel/optee/optee_os/out/arm-plat-vexpress/export-user_ta/lib/libutils.a(bget_malloc.o)
 .bss.malloc_pool_len
                0x00016bb8        0x4 /home/rahulmahdev/devel/optee/optee_os/out/arm-plat-vexpress/export-user_ta/lib/libutils.a(bget_malloc.o)
 .bss.get_rng_array
                0x00016bbc        0x4 /home/rahulmahdev/devel/optee/optee_os/out/arm-plat-vexpress/export-user_ta/lib/libmpa.a(mpa_random.o)
 .bss.buf.4637  0x00016bc0     0x1004 /home/rahulmahdev/devel/optee/optee_os/out/arm-plat-vexpress/export-user_ta/lib/libmpa.a(mpa_io.o)
 .bss           0x00017bc4        0x0 /home/rahulmahdev/devel/optee/build/../quiz_test/out/ta/ta_quiz/quiz_ta.o
 .bss           0x00017bc4        0x0 /home/rahulmahdev/devel/optee/build/../quiz_test/out/ta/ta_quiz/user_ta_header.o
 .bss           0x00017bc4        0x0 /home/rahulmahdev/devel/optee/optee_os/out/arm-plat-vexpress/export-user_ta/lib/libutee.a(user_ta_entry.o)
 .bss.context_init
                0x00017bc4        0x1 /home/rahulmahdev/devel/optee/optee_os/out/arm-plat-vexpress/export-user_ta/lib/libutee.a(user_ta_entry.o)
 .bss           0x00017bc5        0x0 /home/rahulmahdev/devel/optee/optee_os/out/arm-plat-vexpress/export-user_ta/lib/libutee.a(utee_syscalls_asm.o)
 .bss           0x00017bc5        0x0 /home/rahulmahdev/devel/optee/optee_os/out/arm-plat-vexpress/export-user_ta/lib/libutee.a(tee_api_arith.o)
 .bss           0x00017bc5        0x0 /home/rahulmahdev/devel/optee/optee_os/out/arm-plat-vexpress/export-user_ta/lib/libutee.a(tee_api.o)
 .bss           0x00017bc5        0x0 /home/rahulmahdev/devel/optee/optee_os/out/arm-plat-vexpress/export-user_ta/lib/libutee.a(utee_misc.o)
 .bss           0x00017bc5        0x0 /home/rahulmahdev/devel/optee/optee_os/out/arm-plat-vexpress/export-user_ta/lib/libutee.a(tee_user_mem.o)
 .bss           0x00017bc5        0x0 /home/rahulmahdev/devel/optee/optee_os/out/arm-plat-vexpress/export-user_ta/lib/libutee.a(trace_ext.o)
 .bss           0x00017bc5        0x0 /home/rahulmahdev/devel/optee/optee_os/out/arm-plat-vexpress/export-user_ta/lib/libutee.a(assert.o)
 .bss           0x00017bc5        0x0 /home/rahulmahdev/devel/optee/optee_os/out/arm-plat-vexpress/export-user_ta/lib/libutils.a(bget_malloc.o)
 .bss           0x00017bc5        0x0 /home/rahulmahdev/devel/optee/optee_os/out/arm-plat-vexpress/export-user_ta/lib/libutils.a(snprintf.o)
 .bss           0x00017bc5        0x0 /home/rahulmahdev/devel/optee/optee_os/out/arm-plat-vexpress/export-user_ta/lib/libutils.a(memchr.o)
 .bss           0x00017bc5        0x0 /home/rahulmahdev/devel/optee/optee_os/out/arm-plat-vexpress/export-user_ta/lib/libutils.a(memcmp.o)
 .bss           0x00017bc5        0x0 /home/rahulmahdev/devel/optee/optee_os/out/arm-plat-vexpress/export-user_ta/lib/libutils.a(memcpy.o)
 .bss           0x00017bc5        0x0 /home/rahulmahdev/devel/optee/optee_os/out/arm-plat-vexpress/export-user_ta/lib/libutils.a(memmove.o)