Archive member included because of file (symbol)

/home/rahulmahdev/devel/optee/optee_os/out/arm-plat-vexpress/export-user_ta/lib/libutee.a(user_ta_entry.o)
                              /home/rahulmahdev/devel/optee/build/../quiz_test/out/ta/ta_quiz/user_ta_header.o (ta_entry_open_session)
/home/rahulmahdev/devel/optee/optee_os/out/arm-plat-vexpress/export-user_ta/lib/libutee.a(utee_syscalls_asm.o)
                              /home/rahulmahdev/devel/optee/optee_os/out/arm-plat-vexpress/export-user_ta/lib/libutee.a(user_ta_entry.o) (utee_return)
/home/rahulmahdev/devel/optee/optee_os/out/arm-plat-vexpress/export-user_ta/lib/libutee.a(tee_api_arith.o)
                              /home/rahulmahdev/devel/optee/optee_os/out/arm-plat-vexpress/export-user_ta/lib/libutee.a(user_ta_entry.o) (_TEE_MathAPI_Init)
/home/rahulmahdev/devel/optee/optee_os/out/arm-plat-vexpress/export-user_ta/lib/libutee.a(tee_api.o)
                              /home/rahulmahdev/devel/optee/optee_os/out/arm-plat-vexpress/export-user_ta/lib/libutee.a(tee_api_arith.o) (TEE_Panic)
/home/rahulmahdev/devel/optee/optee_os/out/arm-plat-vexpress/export-user_ta/lib/libutee.a(utee_misc.o)
                              /home/rahulmahdev/devel/optee/optee_os/out/arm-plat-vexpress/export-user_ta/lib/libutee.a(tee_api_arith.o) (get_rng_array)
/home/rahulmahdev/devel/optee/optee_os/out/arm-plat-vexpress/export-user_ta/lib/libutee.a(tee_user_mem.o)
                              /home/rahulmahdev/devel/optee/optee_os/out/arm-plat-vexpress/export-user_ta/lib/libutee.a(tee_api.o) (tee_user_mem_alloc)
/home/rahulmahdev/devel/optee/optee_os/out/arm-plat-vexpress/export-user_ta/lib/libutee.a(trace_ext.o)
                              /home/rahulmahdev/devel/optee/optee_os/out/arm-plat-vexpress/export-user_ta/lib/libutee.a(tee_api_arith.o) (printf)
/home/rahulmahdev/devel/optee/optee_os/out/arm-plat-vexpress/export-user_ta/lib/libutee.a(assert.o)
                              /home/rahulmahdev/devel/optee/optee_os/out/arm-plat-vexpress/export-user_ta/lib/libutee.a(tee_user_mem.o) (_assert_log)
/home/rahulmahdev/devel/optee/optee_os/out/arm-plat-vexpress/export-user_ta/lib/libutils.a(bget_malloc.o)
                              /home/rahulmahdev/devel/optee/optee_os/out/arm-plat-vexpress/export-user_ta/lib/libutee.a(utee_misc.o) (malloc)
/home/rahulmahdev/devel/optee/optee_os/out/arm-plat-vexpress/export-user_ta/lib/libutils.a(snprintf.o)
                              /home/rahulmahdev/devel/optee/optee_os/out/arm-plat-vexpress/export-user_ta/lib/libutee.a(trace_ext.o) (vsnprintf)
/home/rahulmahdev/devel/optee/optee_os/out/arm-plat-vexpress/export-user_ta/lib/libutils.a(memchr.o)
                              /home/rahulmahdev/devel/optee/optee_os/out/arm-plat-vexpress/export-user_ta/lib/libutils.a(snprintf.o) (memchr)
/home/rahulmahdev/devel/optee/optee_os/out/arm-plat-vexpress/export-user_ta/lib/libutils.a(memcmp.o)
                              /home/rahulmahdev/devel/optee/optee_os/out/arm-plat-vexpress/export-user_ta/lib/libutee.a(tee_api.o) (memcmp)
/home/rahulmahdev/devel/optee/optee_os/out/arm-plat-vexpress/export-user_ta/lib/libutils.a(memcpy.o)
                              /home/rahulmahdev/devel/optee/optee_os/out/arm-plat-vexpress/export-user_ta/lib/libutee.a(user_ta_entry.o) (memcpy)
/home/rahulmahdev/devel/optee/optee_os/out/arm-plat-vexpress/export-user_ta/lib/libutils.a(memmove.o)
                              /home/rahulmahdev/devel/optee/optee_os/out/arm-plat-vexpress/export-user_ta/lib/libutee.a(tee_api.o) (memmove)
/home/rahulmahdev/devel/optee/optee_os/out/arm-plat-vexpress/export-user_ta/lib/libutils.a(memset.o)
                              /home/rahulmahdev/devel/optee/optee_os/out/arm-plat-vexpress/export-user_ta/lib/libutee.a(user_ta_entry.o) (memset)
/home/rahulmahdev/devel/optee/optee_os/out/arm-plat-vexpress/export-user_ta/lib/libutils.a(strlen.o)
                              /home/rahulmahdev/devel/optee/optee_os/out/arm-plat-vexpress/export-user_ta/lib/libutee.a(trace_ext.o) (strlen)
/home/rahulmahdev/devel/optee/optee_os/out/arm-plat-vexpress/export-user_ta/lib/libutils.a(arm32_aeabi_ldivmod_a32.o)
                              /home/rahulmahdev/devel/optee/optee_os/out/arm-plat-vexpress/export-user_ta/lib/libutils.a(snprintf.o) (__aeabi_uldivmod)
/home/rahulmahdev/devel/optee/optee_os/out/arm-plat-vexpress/export-user_ta/lib/libutils.a(arm32_aeabi_ldivmod.o)
                              /home/rahulmahdev/devel/optee/optee_os/out/arm-plat-vexpress/export-user_ta/lib/libutils.a(arm32_aeabi_ldivmod_a32.o) (__ul_divmod)
/home/rahulmahdev/devel/optee/optee_os/out/arm-plat-vexpress/export-user_ta/lib/libutils.a(strlcpy.o)
                              /home/rahulmahdev/devel/optee/optee_os/out/arm-plat-vexpress/export-user_ta/lib/libutee.a(trace_ext.o) (strlcpy)
/home/rahulmahdev/devel/optee/optee_os/out/arm-plat-vexpress/export-user_ta/lib/libutils.a(trace.o)
[...]
Memory Configuration

Name             Origin             Length             Attributes
*default*        0x00000000         0xffffffff

Linker script and memory map


.ta_head        0x00000000       0x24
 *(SORT(.ta_head))
 .ta_head       0x00000000       0x24 /home/rahulmahdev/devel/optee/build/../quiz_test/out/ta/ta_quiz/user_ta_header.o
                0x00000000                ta_head

.text           0x00000024     0xaec4
 *(SORT(.text) SORT(.text.*))
 .text.TA_CreateEntryPoint
                0x00000024       0x14 /home/rahulmahdev/devel/optee/build/../quiz_test/out/ta/ta_quiz/quiz_ta.o
                0x00000024                TA_CreateEntryPoint
 .text.TA_DestroyEntryPoint
                0x00000038       0x10 /home/rahulmahdev/devel/optee/build/../quiz_test/out/ta/ta_quiz/quiz_ta.o
                0x00000038                TA_DestroyEntryPoint
 .text.set_params
                0x00000048       0x64 /home/rahulmahdev/devel/optee/build/../quiz_test/out/ta/ta_quiz/quiz_ta.o
 .text.TA_OpenSessionEntryPoint
                0x000000ac       0x78 /home/rahulmahdev/devel/optee/build/../quiz_test/out/ta/ta_quiz/quiz_ta.o
                0x000000ac                TA_OpenSessionEntryPoint
 .text.TA_CloseSessionEntryPoint
                0x00000124       0x4c /home/rahulmahdev/devel/optee/build/../quiz_test/out/ta/ta_quiz/quiz_ta.o
                0x00000124                TA_CloseSessionEntryPoint
 .text.start_quiz
                0x00000170       0xd8 /home/rahulmahdev/devel/optee/build/../quiz_test/out/ta/ta_quiz/quiz_ta.o
 .text.TA_InvokeCommandEntryPoint
                0x00000248       0x3c /home/rahulmahdev/devel/optee/build/../quiz_test/out/ta/ta_quiz/quiz_ta.o
                0x00000248                TA_InvokeCommandEntryPoint
 .text.tahead_get_trace_level
                0x00000284       0x14 /home/rahulmahdev/devel/optee/build/../quiz_test/out/ta/ta_quiz/user_ta_header.o
                0x00000284                tahead_get_trace_level
 .text.ta_header_save_params
                0x00000298       0x70 /home/rahulmahdev/devel/optee/optee_os/out/arm-plat-vexpress/export-user_ta/lib/libutee.a(user_ta_entry.o)
 .text.ta_header_get_session
                0x00000308       0x44 /home/rahulmahdev/devel/optee/optee_os/out/arm-plat-vexpress/export-user_ta/lib/libutee.a(user_ta_entry.o)
 .text.ta_header_add_session
                0x0000034c      0x14c /home/rahulmahdev/devel/optee/optee_os/out/arm-plat-vexpress/export-user_ta/lib/libutee.a(user_ta_entry.o)
 .text.ta_header_remove_session
                0x00000498       0xb8 /home/rahulmahdev/devel/optee/optee_os/out/arm-plat-vexpress/export-user_ta/lib/libutee.a(user_ta_entry.o)
 .text.ta_entry_open_session
                0x00000550       0xa0 /home/rahulmahdev/devel/optee/optee_os/out/arm-plat-vexpress/export-user_ta/lib/libutee.a(user_ta_entry.o)
                0x00000550                ta_entry_open_session
 .text.ta_entry_close_session
                0x000005f0       0x64 /home/rahulmahdev/devel/optee/optee_os/out/arm-plat-vexpress/export-user_ta/lib/libutee.a(user_ta_entry.o)
                0x000005f0                ta_entry_close_session
 .text.ta_entry_invoke_command
                0x00000654       0x80 /home/rahulmahdev/devel/optee/optee_os/out/arm-plat-vexpress/export-user_ta/lib/libutee.a(user_ta_entry.o)
                0x00000654                ta_entry_invoke_command
 .text          0x000006d4      0x5f4 /home/rahulmahdev/devel/optee/optee_os/out/arm-plat-vexpress/export-user_ta/lib/libutee.a(utee_syscalls_asm.o)
                0x000006d4                utee_return
                0x000006e8                utee_log
                0x000006fc                utee_panic
                0x00000710                utee_dummy
                0x00000724                utee_dummy_7args
                0x0000073c                utee_nocall
                0x00000750                utee_get_property
                0x00000764                utee_open_ta_session
                0x0000077c                utee_close_ta_session
                0x00000790                utee_invoke_ta_command
                0x000007a8                utee_get_cancellation_flag
                0x000007bc                utee_check_access_rights
                0x000007d0                utee_unmask_cancellation
                0x000007e4                utee_mask_cancellation
                0x000007f8                utee_wait
                0x0000080c                utee_get_time
                0x00000820                utee_set_ta_time
                0x00000834                utee_cryp_state_alloc
                0x0000084c                utee_cryp_state_copy
                0x00000860                utee_cryp_state_free
                0x00000874                utee_hash_init
                0x00000888                utee_hash_update
                0x0000089c                utee_hash_final
                0x000008b4                utee_cipher_init
                0x000008c8                utee_cipher_update
                0x000008e0                utee_cipher_final
                0x000008f8                utee_cryp_obj_get_info
                0x0000090c                utee_cryp_obj_restrict_usage
                0x00000920                utee_cryp_obj_get_attr
                0x00000934                utee_cryp_obj_alloc
                0x00000948                utee_cryp_obj_close
                0x0000095c                utee_cryp_obj_reset
                0x00000970                utee_cryp_obj_populate
                0x00000984                utee_cryp_obj_copy
                0x00000998                utee_cryp_derive_key
                0x000009ac                utee_cryp_random_number_generate
                0x000009c0                utee_authenc_init
                0x000009d8                utee_authenc_update_aad
                0x000009ec                utee_authenc_update_payload
                0x00000a04                utee_authenc_enc_final
                0x00000a1c                utee_authenc_dec_final
                0x00000a34                utee_asymm_operate
                0x00000a4c                utee_asymm_verify
                0x00000a64                utee_storage_obj_open
                0x00000a7c                utee_storage_obj_create
                0x00000a94                utee_storage_obj_del
                0x00000aa8                utee_storage_obj_rename
                0x00000abc                utee_storage_alloc_enum
                0x00000ad0                utee_storage_free_enum
                0x00000ae4                utee_storage_reset_enum
                0x00000af8                utee_storage_start_enum
                0x00000b0c                utee_storage_next_enum
                0x00000b20                utee_storage_obj_read
                0x00000b34                utee_storage_obj_write
                0x00000b48                utee_storage_obj_trunc
                0x00000b5c                utee_storage_obj_seek
                0x00000b70                utee_cryp_obj_generate_key
                0x00000b84                utee_se_service_open
                0x00000b98                utee_se_service_close
                0x00000bac                utee_se_service_get_readers
                0x00000bc0                utee_se_reader_get_prop
                0x00000bd4                utee_se_reader_get_name
                0x00000be8                utee_se_reader_open_session
                0x00000bfc                utee_se_reader_close_sessions
                0x00000c10                utee_se_session_is_closed
                0x00000c24                utee_se_session_get_atr
                0x00000c38                utee_se_session_open_channel
                0x00000c4c                utee_se_session_close
                0x00000c60                utee_se_channel_select_next
                0x00000c74                utee_se_channel_get_select_resp
                0x00000c88                utee_se_channel_transmit
                0x00000ca0                utee_se_channel_close
                0x00000cb4                utee_cache_operation
 .text.TEE_BigInt_Panic
                0x00000cc8       0x40 /home/rahulmahdev/devel/optee/optee_os/out/arm-plat-vexpress/export-user_ta/lib/libutee.a(tee_api_arith.o)
 .text._TEE_MathAPI_Init
                0x00000d08       0x50 /home/rahulmahdev/devel/optee/optee_os/out/arm-plat-vexpress/export-user_ta/lib/libutee.a(tee_api_arith.o)
                0x00000d08                _TEE_MathAPI_Init
 .text.TEE_BigIntInit
                0x00000d58       0x2c /home/rahulmahdev/devel/optee/optee_os/out/arm-plat-vexpress/export-user_ta/lib/libutee.a(tee_api_arith.o)
                0x00000d58                TEE_BigIntInit
 .text.TEE_BigIntInitFMM
                0x00000d84       0x40 /home/rahulmahdev/devel/optee/optee_os/out/arm-plat-vexpress/export-user_ta/lib/libutee.a(tee_api_arith.o)
                0x00000d84                TEE_BigIntInitFMM
 .text.TEE_BigIntInitFMMContext
                0x00000dc4       0x68 /home/rahulmahdev/devel/optee/optee_os/out/arm-plat-vexpress/export-user_ta/lib/libutee.a(tee_api_arith.o)
                0x00000dc4                TEE_BigIntInitFMMContext
 .text.TEE_BigIntFMMSizeInU32
                0x00000e2c       0x28 /home/rahulmahdev/devel/optee/optee_os/out/arm-plat-vexpress/export-user_ta/lib/libutee.a(tee_api_arith.o)
                0x00000e2c                TEE_BigIntFMMSizeInU32
 .text.TEE_BigIntFMMContextSizeInU32
                0x00000e54       0x30 /home/rahulmahdev/devel/optee/optee_os/out/arm-plat-vexpress/export-user_ta/lib/libutee.a(tee_api_arith.o)
                0x00000e54                TEE_BigIntFMMContextSizeInU32
 .text.TEE_BigIntConvertFromOctetString
                0x00000e84       0x84 /home/rahulmahdev/devel/optee/optee_os/out/arm-plat-vexpress/export-user_ta/lib/libutee.a(tee_api_arith.o)
                0x00000e84                TEE_BigIntConvertFromOctetString
 .text.TEE_BigIntConvertToOctetString
                0x00000f08       0x8c /home/rahulmahdev/devel/optee/optee_os/out/arm-plat-vexpress/export-user_ta/lib/libutee.a(tee_api_arith.o)
                0x00000f08                TEE_BigIntConvertToOctetString
 .text.TEE_BigIntConvertFromS32
                0x00000f94       0x30 /home/rahulmahdev/devel/optee/optee_os/out/arm-plat-vexpress/export-user_ta/lib/libutee.a(tee_api_arith.o)
                0x00000f94                TEE_BigIntConvertFromS32
 .text.TEE_BigIntConvertToS32
                0x00000fc4       0x78 /home/rahulmahdev/devel/optee/optee_os/out/arm-plat-vexpress/export-user_ta/lib/libutee.a(tee_api_arith.o)
                0x00000fc4                TEE_BigIntConvertToS32
 .text.TEE_BigIntCmp
                0x0000103c       0x38 /home/rahulmahdev/devel/optee/optee_os/out/arm-plat-vexpress/export-user_ta/lib/libutee.a(tee_api_arith.o)
                0x0000103c                TEE_BigIntCmp
 .text.TEE_BigIntCmpS32
                0x00001074       0x34 /home/rahulmahdev/devel/optee/optee_os/out/arm-plat-vexpress/export-user_ta/lib/libutee.a(tee_api_arith.o)
                0x00001074                TEE_BigIntCmpS32
 .text.TEE_BigIntShiftRight
                0x000010a8       0x44 /home/rahulmahdev/devel/optee/optee_os/out/arm-plat-vexpress/export-user_ta/lib/libutee.a(tee_api_arith.o)
                0x000010a8                TEE_BigIntShiftRight
 .text.TEE_BigIntGetBit
                0x000010ec       0x3c /home/rahulmahdev/devel/optee/optee_os/out/arm-plat-vexpress/export-user_ta/lib/libutee.a(tee_api_arith.o)
                0x000010ec                TEE_BigIntGetBit
 .text.TEE_BigIntGetBitCount
                0x00001128       0x34 /home/rahulmahdev/devel/optee/optee_os/out/arm-plat-vexpress/export-user_ta/lib/libutee.a(tee_api_arith.o)
                0x00001128                TEE_BigIntGetBitCount
 .text.TEE_BigIntAdd
                0x0000115c       0x50 /home/rahulmahdev/devel/optee/optee_os/out/arm-plat-vexpress/export-user_ta/lib/libutee.a(tee_api_arith.o)
                0x0000115c                TEE_BigIntAdd
 .text.TEE_BigIntSub
                0x000011ac       0x50 /home/rahulmahdev/devel/optee/optee_os/out/arm-plat-vexpress/export-user_ta/lib/libutee.a(tee_api_arith.o)
                0x000011ac                TEE_BigIntSub
 .text.TEE_BigIntNeg
                0x000011fc       0x34 /home/rahulmahdev/devel/optee/optee_os/out/arm-plat-vexpress/export-user_ta/lib/libutee.a(tee_api_arith.o)
                0x000011fc                TEE_BigIntNeg
 .text.TEE_BigIntMul
                0x00001230       0x50 /home/rahulmahdev/devel/optee/optee_os/out/arm-plat-vexpress/export-user_ta/lib/libutee.a(tee_api_arith.o)
                0x00001230                TEE_BigIntMul
 .text.TEE_BigIntSquare
                0x00001280       0x48 /home/rahulmahdev/devel/optee/optee_os/out/arm-plat-vexpress/export-user_ta/lib/libutee.a(tee_api_arith.o)
                0x00001280                TEE_BigIntSquare
 .text.TEE_BigIntDiv
                0x000012c8       0x84 /home/rahulmahdev/devel/optee/optee_os/out/arm-plat-vexpress/export-user_ta/lib/libutee.a(tee_api_arith.o)
                0x000012c8                TEE_BigIntDiv
 .text.TEE_BigIntMod
                0x0000134c       0xa8 /home/rahulmahdev/devel/optee/optee_os/out/arm-plat-vexpress/export-user_ta/lib/libutee.a(tee_api_arith.o)
                0x0000134c                TEE_BigIntMod
 .text.TEE_BigIntAddMod
                0x000013f4       0xb4 /home/rahulmahdev/devel/optee/optee_os/out/arm-plat-vexpress/export-user_ta/lib/libutee.a(tee_api_arith.o)
                0x000013f4                TEE_BigIntAddMod
 .text.TEE_BigIntSubMod
                0x000014a8       0xb4 /home/rahulmahdev/devel/optee/optee_os/out/arm-plat-vexpress/export-user_ta/lib/libutee.a(tee_api_arith.o)
                0x000014a8                TEE_BigIntSubMod
 .text.TEE_BigIntMulMod
                0x0000155c       0xfc /home/rahulmahdev/devel/optee/optee_os/out/arm-plat-vexpress/export-user_ta/lib/libutee.a(tee_api_arith.o)
                0x0000155c                TEE_BigIntMulMod
 .text.TEE_BigIntSquareMod
                0x00001658       0x34 /home/rahulmahdev/devel/optee/optee_os/out/arm-plat-vexpress/export-user_ta/lib/libutee.a(tee_api_arith.o)
                0x00001658                TEE_BigIntSquareMod
 .text.TEE_BigIntInvMod
                0x0000168c       0x90 /home/rahulmahdev/devel/optee/optee_os/out/arm-plat-vexpress/export-user_ta/lib/libutee.a(tee_api_arith.o)
                0x0000168c                TEE_BigIntInvMod
 .text.TEE_BigIntRelativePrime
                0x0000171c       0xa4 /home/rahulmahdev/devel/optee/optee_os/out/arm-plat-vexpress/export-user_ta/lib/libutee.a(tee_api_arith.o)
                0x0000171c                TEE_BigIntRelativePrime
 .text.TEE_BigIntComputeExtendedGcd
                0x000017c0       0x60 /home/rahulmahdev/devel/optee/optee_os/out/arm-plat-vexpress/export-user_ta/lib/libutee.a(tee_api_arith.o)
                0x000017c0                TEE_BigIntComputeExtendedGcd
 .text.TEE_BigIntIsProbablePrime
                0x00001820       0x64 /home/rahulmahdev/devel/optee/optee_os/out/arm-plat-vexpress/export-user_ta/lib/libutee.a(tee_api_arith.o)
                0x00001820                TEE_BigIntIsProbablePrime
 .text.TEE_BigIntConvertToFMM
                0x00001884       0x64 /home/rahulmahdev/devel/optee/optee_os/out/arm-plat-vexpress/export-user_ta/lib/libutee.a(tee_api_arith.o)
                0x00001884                TEE_BigIntConvertToFMM
 .text.TEE_BigIntConvertFromFMM
                0x000018e8       0xb4 /home/rahulmahdev/devel/optee/optee_os/out/arm-plat-vexpress/export-user_ta/lib/libutee.a(tee_api_arith.o)
                0x000018e8                TEE_BigIntConvertFromFMM
 .text.TEE_BigIntComputeFMM
                0x0000199c       0x64 /home/rahulmahdev/devel/optee/optee_os/out/arm-plat-vexpress/export-user_ta/lib/libutee.a(tee_api_arith.o)
                0x0000199c                TEE_BigIntComputeFMM
 .text.TEE_Panic
                0x00001a00       0x20 /home/rahulmahdev/devel/optee/optee_os/out/arm-plat-vexpress/export-user_ta/lib/libutee.a(tee_api.o)
                0x00001a00                TEE_Panic
 .text.TEE_OpenTASession
                0x00001a20       0x58 /home/rahulmahdev/devel/optee/optee_os/out/arm-plat-vexpress/export-user_ta/lib/libutee.a(tee_api.o)
                0x00001a20                TEE_OpenTASession
 .text.TEE_CloseTASession
                0x00001a78       0x40 /home/rahulmahdev/devel/optee/optee_os/out/arm-plat-vexpress/export-user_ta/lib/libutee.a(tee_api.o)
                0x00001a78                TEE_CloseTASession
 .text.TEE_InvokeTACommand
                0x00001ab8       0x90 /home/rahulmahdev/devel/optee/optee_os/out/arm-plat-vexpress/export-user_ta/lib/libutee.a(tee_api.o)
                0x00001ab8                TEE_InvokeTACommand
 .text.TEE_GetCancellationFlag
                0x00001b48       0x3c /home/rahulmahdev/devel/optee/optee_os/out/arm-plat-vexpress/export-user_ta/lib/libutee.a(tee_api.o)
                0x00001b48                TEE_GetCancellationFlag
 .text.TEE_UnmaskCancellation
                0x00001b84       0x40 /home/rahulmahdev/devel/optee/optee_os/out/arm-plat-vexpress/export-user_ta/lib/libutee.a(tee_api.o)
                0x00001b84                TEE_UnmaskCancellation
 .text.TEE_MaskCancellation
                0x00001bc4       0x40 /home/rahulmahdev/devel/optee/optee_os/out/arm-plat-vexpress/export-user_ta/lib/libutee.a(tee_api.o)
                0x00001bc4                TEE_MaskCancellation
 .text.TEE_CheckMemoryAccessRights
                0x00001c04       0x5c /home/rahulmahdev/devel/optee/optee_os/out/arm-plat-vexpress/export-user_ta/lib/libutee.a(tee_api.o)
                0x00001c04                TEE_CheckMemoryAccessRights
 .text.TEE_SetInstanceData
                0x00001c60       0x24 /home/rahulmahdev/devel/optee/optee_os/out/arm-plat-vexpress/export-user_ta/lib/libutee.a(tee_api.o)
                0x00001c60                TEE_SetInstanceData
 .text.TEE_GetInstanceData
                0x00001c84       0x1c /home/rahulmahdev/devel/optee/optee_os/out/arm-plat-vexpress/export-user_ta/lib/libutee.a(tee_api.o)
                0x00001c84                TEE_GetInstanceData
 .text.TEE_MemMove
                0x00001ca0       0x40 /home/rahulmahdev/devel/optee/optee_os/out/arm-plat-vexpress/export-user_ta/lib/libutee.a(tee_api.o)
                0x00001ca0                TEE_MemMove
 .text.TEE_MemCompare
                0x00001ce0       0x40 /home/rahulmahdev/devel/optee/optee_os/out/arm-plat-vexpress/export-user_ta/lib/libutee.a(tee_api.o)
                0x00001ce0                TEE_MemCompare
 .text.TEE_MemFill
                0x00001d20       0x40 /home/rahulmahdev/devel/optee/optee_os/out/arm-plat-vexpress/export-user_ta/lib/libutee.a(tee_api.o)
                0x00001d20                TEE_MemFill
 .text.TEE_GetSystemTime
                0x00001d60       0x40 /home/rahulmahdev/devel/optee/optee_os/out/arm-plat-vexpress/export-user_ta/lib/libutee.a(tee_api.o)
                0x00001d60                TEE_GetSystemTime
 .text.TEE_Wait
                0x00001da0       0x4c /home/rahulmahdev/devel/optee/optee_os/out/arm-plat-vexpress/export-user_ta/lib/libutee.a(tee_api.o)
                0x00001da0                TEE_Wait
 .text.TEE_GetTAPersistentTime
                0x00001dec       0x98 /home/rahulmahdev/devel/optee/optee_os/out/arm-plat-vexpress/export-user_ta/lib/libutee.a(tee_api.o)
                0x00001dec                TEE_GetTAPersistentTime
 .text.TEE_SetTAPersistentTime
                0x00001e84       0x5c /home/rahulmahdev/devel/optee/optee_os/out/arm-plat-vexpress/export-user_ta/lib/libutee.a(tee_api.o)
                0x00001e84                TEE_SetTAPersistentTime
 .text.TEE_GetREETime
                0x00001ee0       0x40 /home/rahulmahdev/devel/optee/optee_os/out/arm-plat-vexpress/export-user_ta/lib/libutee.a(tee_api.o)
                0x00001ee0                TEE_GetREETime
 .text.TEE_Malloc
                0x00001f20       0x30 /home/rahulmahdev/devel/optee/optee_os/out/arm-plat-vexpress/export-user_ta/lib/libutee.a(tee_api.o)
                0x00001f20                TEE_Malloc
 .text.TEE_Realloc
                0x00001f50       0x30 /home/rahulmahdev/devel/optee/optee_os/out/arm-plat-vexpress/export-user_ta/lib/libutee.a(tee_api.o)
                0x00001f50                TEE_Realloc
 .text.TEE_Free
                0x00001f80       0x28 /home/rahulmahdev/devel/optee/optee_os/out/arm-plat-vexpress/export-user_ta/lib/libutee.a(tee_api.o)
                0x00001f80                TEE_Free
 .text.TEE_CacheClean
                0x00001fa8       0x40 /home/rahulmahdev/devel/optee/optee_os/out/arm-plat-vexpress/export-user_ta/lib/libutee.a(tee_api.o)
                0x00001fa8                TEE_CacheClean
 .text.TEE_CacheFlush
                0x00001fe8       0x40 /home/rahulmahdev/devel/optee/optee_os/out/arm-plat-vexpress/export-user_ta/lib/libutee.a(tee_api.o)
                0x00001fe8                TEE_CacheFlush
 .text.TEE_CacheInvalidate
                0x00002028       0x40 /home/rahulmahdev/devel/optee/optee_os/out/arm-plat-vexpress/export-user_ta/lib/libutee.a(tee_api.o)
                0x00002028                TEE_CacheInvalidate
 .text.utee_get_ta_exec_id
                0x00002068       0x14 /home/rahulmahdev/devel/optee/optee_os/out/arm-plat-vexpress/export-user_ta/lib/libutee.a(utee_misc.o)
                0x00002068                utee_get_ta_exec_id
 .text.utee_malloc
                0x0000207c       0x2c /home/rahulmahdev/devel/optee/optee_os/out/arm-plat-vexpress/export-user_ta/lib/libutee.a(utee_misc.o)
                0x0000207c                utee_malloc
 .text.utee_realloc
                0x000020a8       0x30 /home/rahulmahdev/devel/optee/optee_os/out/arm-plat-vexpress/export-user_ta/lib/libutee.a(utee_misc.o)
                0x000020a8                utee_realloc
 .text.utee_calloc
                0x000020d8       0x30 /home/rahulmahdev/devel/optee/optee_os/out/arm-plat-vexpress/export-user_ta/lib/libutee.a(utee_misc.o)
                0x000020d8                utee_calloc
 .text.utee_free
                0x00002108       0x28 /home/rahulmahdev/devel/optee/optee_os/out/arm-plat-vexpress/export-user_ta/lib/libutee.a(utee_misc.o)
                0x00002108                utee_free
 .text.get_rng_array
                0x00002130       0x30 /home/rahulmahdev/devel/optee/optee_os/out/arm-plat-vexpress/export-user_ta/lib/libutee.a(utee_misc.o)
                0x00002130                get_rng_array
 .text.buf_addr
                0x00002160       0x20 /home/rahulmahdev/devel/optee/optee_os/out/arm-plat-vexpress/export-user_ta/lib/libutee.a(tee_user_mem.o)
 .text.buf_size
                0x00002180       0x28 /home/rahulmahdev/devel/optee/optee_os/out/arm-plat-vexpress/export-user_ta/lib/libutee.a(tee_user_mem.o)
 .text.elem_addr
                0x000021a8       0x20 /home/rahulmahdev/devel/optee/optee_os/out/arm-plat-vexpress/export-user_ta/lib/libutee.a(tee_user_mem.o)
 .text.is_buffer_valid
                0x000021c8       0x4c /home/rahulmahdev/devel/optee/optee_os/out/arm-plat-vexpress/export-user_ta/lib/libutee.a(tee_user_mem.o)
 .text.print_buf
                0x00002214       0x7c /home/rahulmahdev/devel/optee/optee_os/out/arm-plat-vexpress/export-user_ta/lib/libutee.a(tee_user_mem.o)
 .text.heap_inc
                0x00002290       0x60 /home/rahulmahdev/devel/optee/optee_os/out/arm-plat-vexpress/export-user_ta/lib/libutee.a(tee_user_mem.o)
 .text.heap_dec
                0x000022f0       0x64 /home/rahulmahdev/devel/optee/optee_os/out/arm-plat-vexpress/export-user_ta/lib/libutee.a(tee_user_mem.o)
 .text.check_elem_end
                0x00002354       0x74 /home/rahulmahdev/devel/optee/optee_os/out/arm-plat-vexpress/export-user_ta/lib/libutee.a(tee_user_mem.o)
 .text.check_elem
                0x000023c8      0x104 /home/rahulmahdev/devel/optee/optee_os/out/arm-plat-vexpress/export-user_ta/lib/libutee.a(tee_user_mem.o)
 .text.is_mem_coherent
                0x000024cc       0x84 /home/rahulmahdev/devel/optee/optee_os/out/arm-plat-vexpress/export-user_ta/lib/libutee.a(tee_user_mem.o)
 .text.tee_user_mem_alloc
                0x00002550      0x180 /home/rahulmahdev/devel/optee/optee_os/out/arm-plat-vexpress/export-user_ta/lib/libutee.a(tee_user_mem.o)
                0x00002550                tee_user_mem_alloc
 .text.tee_user_mem_realloc
                0x000026d0       0xe8 /home/rahulmahdev/devel/optee/optee_os/out/arm-plat-vexpress/export-user_ta/lib/libutee.a(tee_user_mem.o)
                0x000026d0                tee_user_mem_realloc
 .text.tee_user_mem_free
                0x000027b8      0x150 /home/rahulmahdev/devel/optee/optee_os/out/arm-plat-vexpress/export-user_ta/lib/libutee.a(tee_user_mem.o)
                0x000027b8                tee_user_mem_free
 .text.tee_user_mem_mark_heap
                0x00002908       0x20 /home/rahulmahdev/devel/optee/optee_os/out/arm-plat-vexpress/export-user_ta/lib/libutee.a(tee_user_mem.o)
                0x00002908                tee_user_mem_mark_heap
 .text.tee_user_mem_check_heap
                0x00002928       0x94 /home/rahulmahdev/devel/optee/optee_os/out/arm-plat-vexpress/export-user_ta/lib/libutee.a(tee_user_mem.o)
                0x00002928                tee_user_mem_check_heap
 .text.tee_user_mem_status
                0x000029bc       0x88 /home/rahulmahdev/devel/optee/optee_os/out/arm-plat-vexpress/export-user_ta/lib/libutee.a(tee_user_mem.o)
 .text.tee_user_mem_garbage
                0x00002a44       0x4c /home/rahulmahdev/devel/optee/optee_os/out/arm-plat-vexpress/export-user_ta/lib/libutee.a(tee_user_mem.o)
                0x00002a44                tee_user_mem_garbage
 .text.trace_ext_puts
                0x00002a90       0x44 /home/rahulmahdev/devel/optee/optee_os/out/arm-plat-vexpress/export-user_ta/lib/libutee.a(trace_ext.o)
                0x00002a90                trace_ext_puts
 .text.trace_ext_get_thread_id
                0x00002ad4       0x14 /home/rahulmahdev/devel/optee/optee_os/out/arm-plat-vexpress/export-user_ta/lib/libutee.a(trace_ext.o)
                0x00002ad4                trace_ext_get_thread_id
 .text.printf   0x00002ae8      0x120 /home/rahulmahdev/devel/optee/optee_os/out/arm-plat-vexpress/export-user_ta/lib/libutee.a(trace_ext.o)
                0x00002ae8                printf
 .text.puts     0x00002c08       0x3c /home/rahulmahdev/devel/optee/optee_os/out/arm-plat-vexpress/export-user_ta/lib/libutee.a(trace_ext.o)
                0x00002c08                puts
 .text._assert_log
                0x00002c44       0x5c /home/rahulmahdev/devel/optee/optee_os/out/arm-plat-vexpress/export-user_ta/lib/libutee.a(assert.o)
                0x00002c44                _assert_log
 .text._assert_break
                0x00002ca0       0x20 /home/rahulmahdev/devel/optee/optee_os/out/arm-plat-vexpress/export-user_ta/lib/libutee.a(assert.o)
                0x00002ca0                _assert_break
 .text.mdbg_set_mode
                0x00002cc0       0x1c /home/rahulmahdev/devel/optee/optee_os/out/arm-plat-vexpress/export-user_ta/lib/libutils.a(bget_malloc.o)
 .text.bget     0x00002cdc      0x210 /home/rahulmahdev/devel/optee/optee_os/out/arm-plat-vexpress/export-user_ta/lib/libutils.a(bget_malloc.o)
                0x00002cdc                bget
 .text.bgetz    0x00002eec       0xbc /home/rahulmahdev/devel/optee/optee_os/out/arm-plat-vexpress/export-user_ta/lib/libutils.a(bget_malloc.o)
                0x00002eec                bgetz
 .text.bgetr    0x00002fa8       0xc4 /home/rahulmahdev/devel/optee/optee_os/out/arm-plat-vexpress/export-user_ta/lib/libutils.a(bget_malloc.o)
                0x00002fa8                bgetr
 .text.brel     0x0000306c      0x2f4 /home/rahulmahdev/devel/optee/optee_os/out/arm-plat-vexpress/export-user_ta/lib/libutils.a(bget_malloc.o)
                0x0000306c                brel
 .text.bpool    0x00003360      0x140 /home/rahulmahdev/devel/optee/optee_os/out/arm-plat-vexpress/export-user_ta/lib/libutils.a(bget_malloc.o)
                0x00003360                bpool
 .text.raw_malloc_save_max_alloced_size
                0x000034a0       0x10 /home/rahulmahdev/devel/optee/optee_os/out/arm-plat-vexpress/export-user_ta/lib/libutils.a(bget_malloc.o)
 .text.malloc_reset_max_allocated
                0x000034b0       0x10 /home/rahulmahdev/devel/optee/optee_os/out/arm-plat-vexpress/export-user_ta/lib/libutils.a(bget_malloc.o)
                0x000034b0                malloc_reset_max_allocated
 .text.malloc_get_max_allocated
                0x000034c0       0x14 /home/rahulmahdev/devel/optee/optee_os/out/arm-plat-vexpress/export-user_ta/lib/libutils.a(bget_malloc.o)
                0x000034c0                malloc_get_max_allocated
 .text.malloc_get_allocated
                0x000034d4       0x14 /home/rahulmahdev/devel/optee/optee_os/out/arm-plat-vexpress/export-user_ta/lib/libutils.a(bget_malloc.o)
                0x000034d4                malloc_get_allocated
 .text.malloc_get_heap_size
                0x000034e8       0x58 /home/rahulmahdev/devel/optee/optee_os/out/arm-plat-vexpress/export-user_ta/lib/libutils.a(bget_malloc.o)
                0x000034e8                malloc_get_heap_size
 .text.raw_malloc_validate_pools
                0x00003540       0x10 /home/rahulmahdev/devel/optee/optee_os/out/arm-plat-vexpress/export-user_ta/lib/libutils.a(bget_malloc.o)
 .text.bpool_foreach_iterator_init
                0x00003550       0x30 /home/rahulmahdev/devel/optee/optee_os/out/arm-plat-vexpress/export-user_ta/lib/libutils.a(bget_malloc.o)
 .text.bpool_foreach_pool
                0x00003580       0xf4 /home/rahulmahdev/devel/optee/optee_os/out/arm-plat-vexpress/export-user_ta/lib/libutils.a(bget_malloc.o)
 .text.bpool_foreach
                0x00003674       0x90 /home/rahulmahdev/devel/optee/optee_os/out/arm-plat-vexpress/export-user_ta/lib/libutils.a(bget_malloc.o)
 .text.raw_malloc
                0x00003704       0x68 /home/rahulmahdev/devel/optee/optee_os/out/arm-plat-vexpress/export-user_ta/lib/libutils.a(bget_malloc.o)
 .text.raw_free
                0x0000376c       0x30 /home/rahulmahdev/devel/optee/optee_os/out/arm-plat-vexpress/export-user_ta/lib/libutils.a(bget_malloc.o)
 .text.raw_calloc
                0x0000379c       0x78 /home/rahulmahdev/devel/optee/optee_os/out/arm-plat-vexpress/export-user_ta/lib/libutils.a(bget_malloc.o)
 .text.raw_realloc
                0x00003814       0x6c /home/rahulmahdev/devel/optee/optee_os/out/arm-plat-vexpress/export-user_ta/lib/libutils.a(bget_malloc.o)
 .text.create_free_block
                0x00003880      0x178 /home/rahulmahdev/devel/optee/optee_os/out/arm-plat-vexpress/export-user_ta/lib/libutils.a(bget_malloc.o)
 .text.brel_before
                0x000039f8      0x130 /home/rahulmahdev/devel/optee/optee_os/out/arm-plat-vexpress/export-user_ta/lib/libutils.a(bget_malloc.o)
 .text.brel_after
                0x00003b28      0x1f4 /home/rahulmahdev/devel/optee/optee_os/out/arm-plat-vexpress/export-user_ta/lib/libutils.a(bget_malloc.o)
 .text.raw_memalign
                0x00003d1c      0x184 /home/rahulmahdev/devel/optee/optee_os/out/arm-plat-vexpress/export-user_ta/lib/libutils.a(bget_malloc.o)
 .text.bget_buf_size
                0x00003ea0       0x78 /home/rahulmahdev/devel/optee/optee_os/out/arm-plat-vexpress/export-user_ta/lib/libutils.a(bget_malloc.o)
 .text.malloc   0x00003f18       0x2c /home/rahulmahdev/devel/optee/optee_os/out/arm-plat-vexpress/export-user_ta/lib/libutils.a(bget_malloc.o)
                0x00003f18                malloc
 .text.free     0x00003f44       0x20 /home/rahulmahdev/devel/optee/optee_os/out/arm-plat-vexpress/export-user_ta/lib/libutils.a(bget_malloc.o)
                0x00003f44                free
 .text.calloc   0x00003f64       0x3c /home/rahulmahdev/devel/optee/optee_os/out/arm-plat-vexpress/export-user_ta/lib/libutils.a(bget_malloc.o)
                0x00003f64                calloc
 .text.realloc  0x00003fa0       0x3c /home/rahulmahdev/devel/optee/optee_os/out/arm-plat-vexpress/export-user_ta/lib/libutils.a(bget_malloc.o)
                0x00003fa0                realloc
 .text.memalign
                0x00003fdc       0x3c /home/rahulmahdev/devel/optee/optee_os/out/arm-plat-vexpress/export-user_ta/lib/libutils.a(bget_malloc.o)
                0x00003fdc                memalign
 .text.get_payload_start_size
                0x00004018       0x2c /home/rahulmahdev/devel/optee/optee_os/out/arm-plat-vexpress/export-user_ta/lib/libutils.a(bget_malloc.o)
 .text.malloc_init
                0x00004044       0x70 /home/rahulmahdev/devel/optee/optee_os/out/arm-plat-vexpress/export-user_ta/lib/libutils.a(bget_malloc.o)
                0x00004044                malloc_init
 .text.malloc_add_pool
                0x000040b4      0x168 /home/rahulmahdev/devel/optee/optee_os/out/arm-plat-vexpress/export-user_ta/lib/libutils.a(bget_malloc.o)
                0x000040b4                malloc_add_pool
 .text.malloc_buffer_is_within_alloced
                0x0000421c       0xa0 /home/rahulmahdev/devel/optee/optee_os/out/arm-plat-vexpress/export-user_ta/lib/libutils.a(bget_malloc.o)
                0x0000421c                malloc_buffer_is_within_alloced
 .text.malloc_buffer_overlaps_heap
                0x000042bc       0xac /home/rahulmahdev/devel/optee/optee_os/out/arm-plat-vexpress/export-user_ta/lib/libutils.a(bget_malloc.o)
                0x000042bc                malloc_buffer_overlaps_heap
 .text.snprintf
                0x00004368       0x44 /home/rahulmahdev/devel/optee/optee_os/out/arm-plat-vexpress/export-user_ta/lib/libutils.a(snprintf.o)
                0x00004368                snprintf
 .text.vsnprintf
                0x000043ac       0x80 /home/rahulmahdev/devel/optee/optee_os/out/arm-plat-vexpress/export-user_ta/lib/libutils.a(snprintf.o)
                0x000043ac                vsnprintf
 .text.kprintf  0x0000442c      0xd70 /home/rahulmahdev/devel/optee/optee_os/out/arm-plat-vexpress/export-user_ta/lib/libutils.a(snprintf.o)
 .text.memchr   0x0000519c      0x114 /home/rahulmahdev/devel/optee/optee_os/out/arm-plat-vexpress/export-user_ta/lib/libutils.a(memchr.o)
                0x0000519c                memchr
 .text.memcmp   0x000052b0       0xb8 /home/rahulmahdev/devel/optee/optee_os/out/arm-plat-vexpress/export-user_ta/lib/libutils.a(memcmp.o)
                0x000052b0                memcmp
 .text.memcpy   0x00005368       0xf4 /home/rahulmahdev/devel/optee/optee_os/out/arm-plat-vexpress/export-user_ta/lib/libutils.a(memcpy.o)
                0x00005368                memcpy
 .text.memmove  0x0000545c      0x140 /home/rahulmahdev/devel/optee/optee_os/out/arm-plat-vexpress/export-user_ta/lib/libutils.a(memmove.o)
                0x0000545c                memmove
 .text.memset   0x0000559c      0x11c /home/rahulmahdev/devel/optee/optee_os/out/arm-plat-vexpress/export-user_ta/lib/libutils.a(memset.o)
                0x0000559c                memset
 .text.strlen   0x000056b8       0x8c /home/rahulmahdev/devel/optee/optee_os/out/arm-plat-vexpress/export-user_ta/lib/libutils.a(strlen.o)
                0x000056b8                strlen
 .text          0x00005744       0x30 /home/rahulmahdev/devel/optee/optee_os/out/arm-plat-vexpress/export-user_ta/lib/libutils.a(arm32_aeabi_ldivmod_a32.o)
                0x00005744                __aeabi_ldivmod
                0x0000575c                __aeabi_uldivmod
 .text.division_lqr
                0x00005774       0xf0 /home/rahulmahdev/devel/optee/optee_os/out/arm-plat-vexpress/export-user_ta/lib/libutils.a(arm32_aeabi_ldivmod.o)
 .text.ul_div_qr
                0x00005864       0x70 /home/rahulmahdev/devel/optee/optee_os/out/arm-plat-vexpress/export-user_ta/lib/libutils.a(arm32_aeabi_ldivmod.o)
 .text.__ul_divmod
                0x000058d4       0xa0 /home/rahulmahdev/devel/optee/optee_os/out/arm-plat-vexpress/export-user_ta/lib/libutils.a(arm32_aeabi_ldivmod.o)
                0x000058d4                __ul_divmod
 .text.__l_divmod
                0x00005974      0x114 /home/rahulmahdev/devel/optee/optee_os/out/arm-plat-vexpress/export-user_ta/lib/libutils.a(arm32_aeabi_ldivmod.o)
                0x00005974                __l_divmod
 .text.strlcpy  0x00005a88       0x84 /home/rahulmahdev/devel/optee/optee_os/out/arm-plat-vexpress/export-user_ta/lib/libutils.a(strlcpy.o)
                0x00005a88                strlcpy
 .text.trace_set_level
                0x00005b0c       0x48 /home/rahulmahdev/devel/optee/optee_os/out/arm-plat-vexpress/export-user_ta/lib/libutils.a(trace.o)
                0x00005b0c                trace_set_level
 .text.trace_get_level
                0x00005b54       0x24 /home/rahulmahdev/devel/optee/optee_os/out/arm-plat-vexpress/export-user_ta/lib/libutils.a(trace.o)
                0x00005b54                trace_get_level
 .text.trace_level_to_string
                0x00005b78       0x58 /home/rahulmahdev/devel/optee/optee_os/out/arm-plat-vexpress/export-user_ta/lib/libutils.a(trace.o)
 .text.trace_printf
                0x00005bd0      0x1ec /home/rahulmahdev/devel/optee/optee_os/out/arm-plat-vexpress/export-user_ta/lib/libutils.a(trace.o)
                0x00005bd0                trace_printf
 .text.dhex_dump
                0x00005dbc       0x1c /home/rahulmahdev/devel/optee/optee_os/out/arm-plat-vexpress/export-user_ta/lib/libutils.a(trace.o)
                0x00005dbc                dhex_dump
 .text.__mpa_set_unused_digits_to_zero
                0x00005dd8       0x60 /home/rahulmahdev/devel/optee/optee_os/out/arm-plat-vexpress/export-user_ta/lib/libmpa.a(mpa_misc.o)
                0x00005dd8                __mpa_set_unused_digits_to_zero
 .text.mpa_wipe
                0x00005e38       0x4c /home/rahulmahdev/devel/optee/optee_os/out/arm-plat-vexpress/export-user_ta/lib/libmpa.a(mpa_misc.o)
                0x00005e38                mpa_wipe
 .text.mpa_copy
                0x00005e84       0x60 /home/rahulmahdev/devel/optee/optee_os/out/arm-plat-vexpress/export-user_ta/lib/libmpa.a(mpa_misc.o)
                0x00005e84                mpa_copy
 .text.mpa_abs  0x00005ee4       0x38 /home/rahulmahdev/devel/optee/optee_os/out/arm-plat-vexpress/export-user_ta/lib/libmpa.a(mpa_misc.o)
                0x00005ee4                mpa_abs
 .text.mpa_highest_bit_index
                0x00005f1c       0x80 /home/rahulmahdev/devel/optee/optee_os/out/arm-plat-vexpress/export-user_ta/lib/libmpa.a(mpa_misc.o)
                0x00005f1c                mpa_highest_bit_index
 .text.mpa_get_bit
                0x00005f9c       0x6c /home/rahulmahdev/devel/optee/optee_os/out/arm-plat-vexpress/export-user_ta/lib/libmpa.a(mpa_misc.o)
                0x00005f9c                mpa_get_bit
 .text.mpa_can_hold
                0x00006008       0x34 /home/rahulmahdev/devel/optee/optee_os/out/arm-plat-vexpress/export-user_ta/lib/libmpa.a(mpa_misc.o)
                0x00006008                mpa_can_hold
 .text.mpa_parity
                0x0000603c       0x2c /home/rahulmahdev/devel/optee/optee_os/out/arm-plat-vexpress/export-user_ta/lib/libmpa.a(mpa_misc.o)
                0x0000603c                mpa_parity
 .text.mpa_constant_one
                0x00006068       0x18 /home/rahulmahdev/devel/optee/optee_os/out/arm-plat-vexpress/export-user_ta/lib/libmpa.a(mpa_misc.o)
                0x00006068                mpa_constant_one
 .text.__mpa_montgomery_mul_add
                0x00006080      0x134 /home/rahulmahdev/devel/optee/optee_os/out/arm-plat-vexpress/export-user_ta/lib/libmpa.a(mpa_montgomery.o)
                0x00006080                __mpa_montgomery_mul_add
 .text.__mpa_montgomery_sub_ack
                0x000061b4      0x118 /home/rahulmahdev/devel/optee/optee_os/out/arm-plat-vexpress/export-user_ta/lib/libmpa.a(mpa_montgomery.o)
                0x000061b4                __mpa_montgomery_sub_ack
 .text.__mpa_montgomery_mul
                0x000062cc      0x160 /home/rahulmahdev/devel/optee/optee_os/out/arm-plat-vexpress/export-user_ta/lib/libmpa.a(mpa_montgomery.o)
                0x000062cc                __mpa_montgomery_mul
 .text.mpa_compute_fmm_context
                0x0000642c      0x158 /home/rahulmahdev/devel/optee/optee_os/out/arm-plat-vexpress/export-user_ta/lib/libmpa.a(mpa_montgomery.o)
                0x0000642c                mpa_compute_fmm_context
 .text.mpa_montgomery_mul
                0x00006584       0x74 /home/rahulmahdev/devel/optee/optee_os/out/arm-plat-vexpress/export-user_ta/lib/libmpa.a(mpa_montgomery.o)
                0x00006584                mpa_montgomery_mul
 .text.mpa_is_prob_prime
                0x000065f8       0x68 /home/rahulmahdev/devel/optee/optee_os/out/arm-plat-vexpress/export-user_ta/lib/libmpa.a(mpa_primetest.o)
                0x000065f8                mpa_is_prob_prime
 .text.check_table
                0x00006660       0x38 /home/rahulmahdev/devel/optee/optee_os/out/arm-plat-vexpress/export-user_ta/lib/libmpa.a(mpa_primetest.o)
 .text.is_small_prime
                0x00006698       0xc8 /home/rahulmahdev/devel/optee/optee_os/out/arm-plat-vexpress/export-user_ta/lib/libmpa.a(mpa_primetest.o)
 .text.has_small_factors
                0x00006760       0x8c /home/rahulmahdev/devel/optee/optee_os/out/arm-plat-vexpress/export-user_ta/lib/libmpa.a(mpa_primetest.o)
 .text.primality_test_miller_rabin
                0x000067ec      0x338 /home/rahulmahdev/devel/optee/optee_os/out/arm-plat-vexpress/export-user_ta/lib/libmpa.a(mpa_primetest.o)
 .text.mpa_set_S32
                0x00006b24       0x4c /home/rahulmahdev/devel/optee/optee_os/out/arm-plat-vexpress/export-user_ta/lib/libmpa.a(mpa_conv.o)
                0x00006b24                mpa_set_S32
 .text.mpa_get_S32
                0x00006b70       0x98 /home/rahulmahdev/devel/optee/optee_os/out/arm-plat-vexpress/export-user_ta/lib/libmpa.a(mpa_conv.o)
                0x00006b70                mpa_get_S32
 .text.mpa_set_word
                0x00006c08       0x30 /home/rahulmahdev/devel/optee/optee_os/out/arm-plat-vexpress/export-user_ta/lib/libmpa.a(mpa_conv.o)
                0x00006c08                mpa_set_word
 .text.mpa_get_word
                0x00006c38       0x34 /home/rahulmahdev/devel/optee/optee_os/out/arm-plat-vexpress/export-user_ta/lib/libmpa.a(mpa_conv.o)
                0x00006c38                mpa_get_word
 .text.__mpa_soft_div
                0x00006c6c       0xd8 /home/rahulmahdev/devel/optee/optee_os/out/arm-plat-vexpress/export-user_ta/lib/libmpa.a(mpa_div.o)
 .text.__mpa_div_dword
                0x00006d44       0x60 /home/rahulmahdev/devel/optee/optee_os/out/arm-plat-vexpress/export-user_ta/lib/libmpa.a(mpa_div.o)
                0x00006d44                __mpa_div_dword
 .text.__mpa_div_q_r_internal
                0x00006da4      0x6a0 /home/rahulmahdev/devel/optee/optee_os/out/arm-plat-vexpress/export-user_ta/lib/libmpa.a(mpa_div.o)
 .text.__mpa_div_q_r_internal_word
                0x00007444      0x15c /home/rahulmahdev/devel/optee/optee_os/out/arm-plat-vexpress/export-user_ta/lib/libmpa.a(mpa_div.o)
                0x00007444                __mpa_div_q_r_internal_word
 .text.__mpa_div_q_r
                0x000075a0      0x184 /home/rahulmahdev/devel/optee/optee_os/out/arm-plat-vexpress/export-user_ta/lib/libmpa.a(mpa_div.o)
                0x000075a0                __mpa_div_q_r
 .text.mpa_div  0x00007724      0x104 /home/rahulmahdev/devel/optee/optee_os/out/arm-plat-vexpress/export-user_ta/lib/libmpa.a(mpa_div.o)
                0x00007724                mpa_div
 .text.__mpa_divby2
                0x00007828       0xf4 /home/rahulmahdev/devel/optee/optee_os/out/arm-plat-vexpress/export-user_ta/lib/libmpa.a(mpa_gcd.o)
 .text.__mpa_egcd
                0x0000791c      0x390 /home/rahulmahdev/devel/optee/optee_os/out/arm-plat-vexpress/export-user_ta/lib/libmpa.a(mpa_gcd.o)
 .text.__mpa_gcd
                0x00007cac      0x1cc /home/rahulmahdev/devel/optee/optee_os/out/arm-plat-vexpress/export-user_ta/lib/libmpa.a(mpa_gcd.o)
 .text.mpa_gcd  0x00007e78      0x118 /home/rahulmahdev/devel/optee/optee_os/out/arm-plat-vexpress/export-user_ta/lib/libmpa.a(mpa_gcd.o)
                0x00007e78                mpa_gcd
 .text.mpa_extended_gcd
                0x00007f90      0x21c /home/rahulmahdev/devel/optee/optee_os/out/arm-plat-vexpress/export-user_ta/lib/libmpa.a(mpa_gcd.o)
                0x00007f90                mpa_extended_gcd
 .text.mpa_init_scratch_mem
                0x000081ac       0x34 /home/rahulmahdev/devel/optee/optee_os/out/arm-plat-vexpress/export-user_ta/lib/libmpa.a(mpa_mem_static.o)
                0x000081ac                mpa_init_scratch_mem
 .text.mpa_alloc_static_temp_var_size
                0x000081e0      0x118 /home/rahulmahdev/devel/optee/optee_os/out/arm-plat-vexpress/export-user_ta/lib/libmpa.a(mpa_mem_static.o)
                0x000081e0                mpa_alloc_static_temp_var_size
 .text.mpa_alloc_static_temp_var
                0x000082f8       0x2c /home/rahulmahdev/devel/optee/optee_os/out/arm-plat-vexpress/export-user_ta/lib/libmpa.a(mpa_mem_static.o)
                0x000082f8                mpa_alloc_static_temp_var
 .text.mpa_free_static_temp_var
                0x00008324       0x80 /home/rahulmahdev/devel/optee/optee_os/out/arm-plat-vexpress/export-user_ta/lib/libmpa.a(mpa_mem_static.o)
                0x00008324                mpa_free_static_temp_var
 .text.__mpa_mul_add_word
                0x000083a4       0x78 /home/rahulmahdev/devel/optee/optee_os/out/arm-plat-vexpress/export-user_ta/lib/libmpa.a(mpa_mul.o)
                0x000083a4                __mpa_mul_add_word
 .text.__mpa_mul_add_word_cum
                0x0000841c       0x88 /home/rahulmahdev/devel/optee/optee_os/out/arm-plat-vexpress/export-user_ta/lib/libmpa.a(mpa_mul.o)
                0x0000841c                __mpa_mul_add_word_cum
 .text.__mpa_abs_mul_word
                0x000084a4       0xcc /home/rahulmahdev/devel/optee/optee_os/out/arm-plat-vexpress/export-user_ta/lib/libmpa.a(mpa_mul.o)
                0x000084a4                __mpa_abs_mul_word
 .text.__mpa_abs_mul
                0x00008570      0x12c /home/rahulmahdev/devel/optee/optee_os/out/arm-plat-vexpress/export-user_ta/lib/libmpa.a(mpa_mul.o)
                0x00008570                __mpa_abs_mul
 .text.mpa_mul  0x0000869c       0xf8 /home/rahulmahdev/devel/optee/optee_os/out/arm-plat-vexpress/export-user_ta/lib/libmpa.a(mpa_mul.o)
                0x0000869c                mpa_mul
 .text.mpa_mul_word
                0x00008794       0xdc /home/rahulmahdev/devel/optee/optee_os/out/arm-plat-vexpress/export-user_ta/lib/libmpa.a(mpa_mul.o)
                0x00008794                mpa_mul_word
 .text.mpa_set_random_generator
                0x00008870       0x24 /home/rahulmahdev/devel/optee/optee_os/out/arm-plat-vexpress/export-user_ta/lib/libmpa.a(mpa_random.o)
                0x00008870                mpa_set_random_generator
 .text.get_random_byte
                0x00008894       0x34 /home/rahulmahdev/devel/optee/optee_os/out/arm-plat-vexpress/export-user_ta/lib/libmpa.a(mpa_random.o)
 .text.mpa_get_random
                0x000088c8      0x158 /home/rahulmahdev/devel/optee/optee_os/out/arm-plat-vexpress/export-user_ta/lib/libmpa.a(mpa_random.o)
                0x000088c8                mpa_get_random
 .text.__mpa_shift_words_left
                0x00008a20       0xcc /home/rahulmahdev/devel/optee/optee_os/out/arm-plat-vexpress/export-user_ta/lib/libmpa.a(mpa_shift.o)
                0x00008a20                __mpa_shift_words_left
 .text.__mpa_shift_words_right
                0x00008aec       0xc0 /home/rahulmahdev/devel/optee/optee_os/out/arm-plat-vexpress/export-user_ta/lib/libmpa.a(mpa_shift.o)
                0x00008aec                __mpa_shift_words_right
 .text.mpa_shift_left
                0x00008bac      0x248 /home/rahulmahdev/devel/optee/optee_os/out/arm-plat-vexpress/export-user_ta/lib/libmpa.a(mpa_shift.o)
                0x00008bac                mpa_shift_left
 .text.mpa_shift_right
                0x00008df4      0x200 /home/rahulmahdev/devel/optee/optee_os/out/arm-plat-vexpress/export-user_ta/lib/libmpa.a(mpa_shift.o)
                0x00008df4                mpa_shift_right
 .text.__mpa_full_adder
                0x00008ff4       0x64 /home/rahulmahdev/devel/optee/optee_os/out/arm-plat-vexpress/export-user_ta/lib/libmpa.a(mpa_addsub.o)
                0x00008ff4                __mpa_full_adder
 .text.__mpa_full_sub
                0x00009058       0x68 /home/rahulmahdev/devel/optee/optee_os/out/arm-plat-vexpress/export-user_ta/lib/libmpa.a(mpa_addsub.o)
                0x00009058                __mpa_full_sub
 .text.__mpa_full_adder_ackum
                0x000090c0       0x64 /home/rahulmahdev/devel/optee/optee_os/out/arm-plat-vexpress/export-user_ta/lib/libmpa.a(mpa_addsub.o)
                0x000090c0                __mpa_full_adder_ackum
 .text.__mpa_abs_add
                0x00009124      0x138 /home/rahulmahdev/devel/optee/optee_os/out/arm-plat-vexpress/export-user_ta/lib/libmpa.a(mpa_addsub.o)
                0x00009124                __mpa_abs_add
 .text.__mpa_abs_add_ackum
                0x0000925c      0x10c /home/rahulmahdev/devel/optee/optee_os/out/arm-plat-vexpress/export-user_ta/lib/libmpa.a(mpa_addsub.o)
                0x0000925c                __mpa_abs_add_ackum
 .text.__mpa_abs_sub
                0x00009368      0x110 /home/rahulmahdev/devel/optee/optee_os/out/arm-plat-vexpress/export-user_ta/lib/libmpa.a(mpa_addsub.o)
                0x00009368                __mpa_abs_sub
 .text.mpa_add  0x00009478      0x224 /home/rahulmahdev/devel/optee/optee_os/out/arm-plat-vexpress/export-user_ta/lib/libmpa.a(mpa_addsub.o)
                0x00009478                mpa_add
 .text.mpa_sub  0x0000969c      0x250 /home/rahulmahdev/devel/optee/optee_os/out/arm-plat-vexpress/export-user_ta/lib/libmpa.a(mpa_addsub.o)
                0x0000969c                mpa_sub
 .text.mpa_neg  0x000098ec       0x38 /home/rahulmahdev/devel/optee/optee_os/out/arm-plat-vexpress/export-user_ta/lib/libmpa.a(mpa_addsub.o)
                0x000098ec                mpa_neg
 .text.mpa_add_word
                0x00009924      0x170 /home/rahulmahdev/devel/optee/optee_os/out/arm-plat-vexpress/export-user_ta/lib/libmpa.a(mpa_addsub.o)
                0x00009924                mpa_add_word
 .text.mpa_sub_word
                0x00009a94      0x174 /home/rahulmahdev/devel/optee/optee_os/out/arm-plat-vexpress/export-user_ta/lib/libmpa.a(mpa_addsub.o)
                0x00009a94                mpa_sub_word
 .text.__mpa_abs_cmp
                0x00009c08      0x100 /home/rahulmahdev/devel/optee/optee_os/out/arm-plat-vexpress/export-user_ta/lib/libmpa.a(mpa_cmp.o)
                0x00009c08                __mpa_abs_cmp
 .text.__mpa_abs_greater_than
                0x00009d08       0x30 /home/rahulmahdev/devel/optee/optee_os/out/arm-plat-vexpress/export-user_ta/lib/libmpa.a(mpa_cmp.o)
                0x00009d08                __mpa_abs_greater_than
 .text.__mpa_abs_less_than
                0x00009d38       0x2c /home/rahulmahdev/devel/optee/optee_os/out/arm-plat-vexpress/export-user_ta/lib/libmpa.a(mpa_cmp.o)
                0x00009d38                __mpa_abs_less_than
 .text.mpa_cmp  0x00009d64       0x90 /home/rahulmahdev/devel/optee/optee_os/out/arm-plat-vexpress/export-user_ta/lib/libmpa.a(mpa_cmp.o)
                0x00009d64                mpa_cmp
 .text.mpa_cmp_short
                0x00009df4       0xac /home/rahulmahdev/devel/optee/optee_os/out/arm-plat-vexpress/export-user_ta/lib/libmpa.a(mpa_cmp.o)
                0x00009df4                mpa_cmp_short
 .text.mpa_exp_mod
                0x00009ea0      0x16c /home/rahulmahdev/devel/optee/optee_os/out/arm-plat-vexpress/export-user_ta/lib/libmpa.a(mpa_expmod.o)
                0x00009ea0                mpa_exp_mod
 .text.mpa_init_static
                0x0000a00c       0x4c /home/rahulmahdev/devel/optee/optee_os/out/arm-plat-vexpress/export-user_ta/lib/libmpa.a(mpa_init.o)
                0x0000a00c                mpa_init_static
 .text.mpa_init_static_fmm_context
                0x0000a058       0xb8 /home/rahulmahdev/devel/optee/optee_os/out/arm-plat-vexpress/export-user_ta/lib/libmpa.a(mpa_init.o)
                0x0000a058                mpa_init_static_fmm_context
 .text.__mpa_isspace
                0x0000a110       0x44 /home/rahulmahdev/devel/optee/optee_os/out/arm-plat-vexpress/export-user_ta/lib/libmpa.a(mpa_io.o)
 .text.__mpa_is_char_in_base
                0x0000a154       0x8c /home/rahulmahdev/devel/optee/optee_os/out/arm-plat-vexpress/export-user_ta/lib/libmpa.a(mpa_io.o)
 .text.__mpa_digit_value
                0x0000a1e0       0x58 /home/rahulmahdev/devel/optee/optee_os/out/arm-plat-vexpress/export-user_ta/lib/libmpa.a(mpa_io.o)
 .text.__mpa_digitstr_to_binary_wsize_base_16
                0x0000a238       0x24 /home/rahulmahdev/devel/optee/optee_os/out/arm-plat-vexpress/export-user_ta/lib/libmpa.a(mpa_io.o)
 .text.__mpa_nibble_to_char
                0x0000a25c       0x50 /home/rahulmahdev/devel/optee/optee_os/out/arm-plat-vexpress/export-user_ta/lib/libmpa.a(mpa_io.o)
 .text.__mpa_word_to_hexstr
                0x0000a2ac       0x6c /home/rahulmahdev/devel/optee/optee_os/out/arm-plat-vexpress/export-user_ta/lib/libmpa.a(mpa_io.o)
 .text.__mpa_mpanum_to_hexstr
                0x0000a318      0x134 /home/rahulmahdev/devel/optee/optee_os/out/arm-plat-vexpress/export-user_ta/lib/libmpa.a(mpa_io.o)
 .text.__mpa_count_leading_zero_bits
                0x0000a44c       0x50 /home/rahulmahdev/devel/optee/optee_os/out/arm-plat-vexpress/export-user_ta/lib/libmpa.a(mpa_io.o)
 .text.__mpa_size_in_base_255
                0x0000a49c       0x6c /home/rahulmahdev/devel/optee/optee_os/out/arm-plat-vexpress/export-user_ta/lib/libmpa.a(mpa_io.o)
 .text.mpa_get_str_size
                0x0000a508       0x14 /home/rahulmahdev/devel/optee/optee_os/out/arm-plat-vexpress/export-user_ta/lib/libmpa.a(mpa_io.o)
                0x0000a508                mpa_get_str_size
 .text.mpa_set_str
                0x0000a51c      0x348 /home/rahulmahdev/devel/optee/optee_os/out/arm-plat-vexpress/export-user_ta/lib/libmpa.a(mpa_io.o)
                0x0000a51c                mpa_set_str
 .text.mpa_get_str
                0x0000a864       0xb8 /home/rahulmahdev/devel/optee/optee_os/out/arm-plat-vexpress/export-user_ta/lib/libmpa.a(mpa_io.o)
                0x0000a864                mpa_get_str
 .text.set_word
                0x0000a91c       0x68 /home/rahulmahdev/devel/optee/optee_os/out/arm-plat-vexpress/export-user_ta/lib/libmpa.a(mpa_io.o)
 .text.mpa_set_oct_str
                0x0000a984      0x100 /home/rahulmahdev/devel/optee/optee_os/out/arm-plat-vexpress/export-user_ta/lib/libmpa.a(mpa_io.o)
                0x0000a984                mpa_set_oct_str
 .text.get_word
                0x0000aa84       0x44 /home/rahulmahdev/devel/optee/optee_os/out/arm-plat-vexpress/export-user_ta/lib/libmpa.a(mpa_io.o)
 .text.mpa_get_oct_str
                0x0000aac8      0x148 /home/rahulmahdev/devel/optee/optee_os/out/arm-plat-vexpress/export-user_ta/lib/libmpa.a(mpa_io.o)
                0x0000aac8                mpa_get_oct_str
 .text.mpa_mod  0x0000ac10       0x44 /home/rahulmahdev/devel/optee/optee_os/out/arm-plat-vexpress/export-user_ta/lib/libmpa.a(mpa_modulus.o)
                0x0000ac10                mpa_mod
 .text.mpa_add_mod
                0x0000ac54       0x78 /home/rahulmahdev/devel/optee/optee_os/out/arm-plat-vexpress/export-user_ta/lib/libmpa.a(mpa_modulus.o)
                0x0000ac54                mpa_add_mod
 .text.mpa_sub_mod
                0x0000accc       0x78 /home/rahulmahdev/devel/optee/optee_os/out/arm-plat-vexpress/export-user_ta/lib/libmpa.a(mpa_modulus.o)
                0x0000accc                mpa_sub_mod
 .text.mpa_mul_mod
                0x0000ad44       0x78 /home/rahulmahdev/devel/optee/optee_os/out/arm-plat-vexpress/export-user_ta/lib/libmpa.a(mpa_modulus.o)
                0x0000ad44                mpa_mul_mod
 .text.mpa_inv_mod
                0x0000adbc      0x12c /home/rahulmahdev/devel/optee/optee_os/out/arm-plat-vexpress/export-user_ta/lib/libmpa.a(mpa_modulus.o)
                0x0000adbc                mpa_inv_mod
 .text          0x0000aee8        0x0 /home/rahulmahdev/devel/optee/build/../quiz_test/out/ta/ta_quiz/quiz_ta.o
 .text          0x0000aee8        0x0 /home/rahulmahdev/devel/optee/build/../quiz_test/out/ta/ta_quiz/user_ta_header.o
 .text          0x0000aee8        0x0 /home/rahulmahdev/devel/optee/optee_os/out/arm-plat-vexpress/export-user_ta/lib/libutee.a(user_ta_entry.o)
 .text          0x0000aee8        0x0 /home/rahulmahdev/devel/optee/optee_os/out/arm-plat-vexpress/export-user_ta/lib/libutee.a(tee_api_arith.o)
 .text          0x0000aee8        0x0 /home/rahulmahdev/devel/optee/optee_os/out/arm-plat-vexpress/export-user_ta/lib/libutee.a(tee_api.o)
 .text          0x0000aee8        0x0 /home/rahulmahdev/devel/optee/optee_os/out/arm-plat-vexpress/export-user_ta/lib/libutee.a(utee_misc.o)
 .text          0x0000aee8        0x0 /home/rahulmahdev/devel/optee/optee_os/out/arm-plat-vexpress/export-user_ta/lib/libutee.a(tee_user_mem.o)
 .text          0x0000aee8        0x0 /home/rahulmahdev/devel/optee/optee_os/out/arm-plat-vexpress/export-user_ta/lib/libutee.a(trace_ext.o)
 .text          0x0000aee8        0x0 /home/rahulmahdev/devel/optee/optee_os/out/arm-plat-vexpress/export-user_ta/lib/libutee.a(assert.o)
 .text          0x0000aee8        0x0 /home/rahulmahdev/devel/optee/optee_os/out/arm-plat-vexpress/export-user_ta/lib/libutils.a(bget_malloc.o)
 .text          0x0000aee8        0x0 /home/rahulmahdev/devel/optee/optee_os/out/arm-plat-vexpress/export-user_ta/lib/libutils.a(snprintf.o)
 .text          0x0000aee8        0x0 /home/rahulmahdev/devel/optee/optee_os/out/arm-plat-vexpress/export-user_ta/lib/libutils.a(memchr.o)
 .text          0x0000aee8        0x0 /home/rahulmahdev/devel/optee/optee_os/out/arm-plat-vexpress/export-user_ta/lib/libutils.a(memcmp.o)
 .text          0x0000aee8        0x0 /home/rahulmahdev/devel/optee/optee_os/out/arm-plat-vexpress/export-user_ta/lib/libutils.a(memcpy.o)
 .text          0x0000aee8        0x0 /home/rahulmahdev/devel/optee/optee_os/out/arm-plat-vexpress/export-user_ta/lib/libutils.a(memmove.o)
 .text          0x0000aee8        0x0 /home/rahulmahdev/devel/optee/optee_os/out/arm-plat-vexpress/export-user_ta/lib/libutils.a(memset.o)
 .text          0x0000aee8        0x0 /home/rahulmahdev/devel/optee/optee_os/out/arm-plat-vexpress/export-user_ta/lib/libutils.a(strlen.o)
 .text          0x0000aee8        0x0 /home/rahulmahdev/devel/optee/optee_os/out/arm-plat-vexpress/export-user_ta/lib/libutils.a(arm32_aeabi_ldivmod.o)
 .text          0x0000aee8        0x0 /home/rahulmahdev/devel/optee/optee_os/out/arm-plat-vexpress/export-user_ta/lib/libutils.a(strlcpy.o)
 .text          0x0000aee8        0x0 /home/rahulmahdev/devel/optee/optee_os/out/arm-plat-vexpress/export-user_ta/lib/libutils.a(trace.o)
 .text          0x0000aee8        0x0 /home/rahulmahdev/devel/optee/optee_os/out/arm-plat-vexpress/export-user_ta/lib/libmpa.a(mpa_misc.o)
 .text          0x0000aee8        0x0 /home/rahulmahdev/devel/optee/optee_os/out/arm-plat-vexpress/export-user_ta/lib/libmpa.a(mpa_montgomery.o)
 .text          0x0000aee8        0x0 /home/rahulmahdev/devel/optee/optee_os/out/arm-plat-vexpress/export-user_ta/lib/libmpa.a(mpa_primetest.o)
 .text          0x0000aee8        0x0 /home/rahulmahdev/devel/optee/optee_os/out/arm-plat-vexpress/export-user_ta/lib/libmpa.a(mpa_conv.o)
 .text          0x0000aee8        0x0 /home/rahulmahdev/devel/optee/optee_os/out/arm-plat-vexpress/export-user_ta/lib/libmpa.a(mpa_div.o)
 .text          0x0000aee8        0x0 /home/rahulmahdev/devel/optee/optee_os/out/arm-plat-vexpress/export-user_ta/lib/libmpa.a(mpa_gcd.o)
 .text          0x0000aee8        0x0 /home/rahulmahdev/devel/optee/optee_os/out/arm-plat-vexpress/export-user_ta/lib/libmpa.a(mpa_mem_static.o)
 .text          0x0000aee8        0x0 /home/rahulmahdev/devel/optee/optee_os/out/arm-plat-vexpress/export-user_ta/lib/libmpa.a(mpa_mul.o)
 .text          0x0000aee8        0x0 /home/rahulmahdev/devel/optee/optee_os/out/arm-plat-vexpress/export-user_ta/lib/libmpa.a(mpa_random.o)
 .text          0x0000aee8        0x0 /home/rahulmahdev/devel/optee/optee_os/out/arm-plat-vexpress/export-user_ta/lib/libmpa.a(mpa_shift.o)
 .text          0x0000aee8        0x0 /home/rahulmahdev/devel/optee/optee_os/out/arm-plat-vexpress/export-user_ta/lib/libmpa.a(mpa_addsub.o)
 .text          0x0000aee8        0x0 /home/rahulmahdev/devel/optee/optee_os/out/arm-plat-vexpress/export-user_ta/lib/libmpa.a(mpa_cmp.o)
 .text          0x0000aee8        0x0 /home/rahulmahdev/devel/optee/optee_os/out/arm-plat-vexpress/export-user_ta/lib/libmpa.a(mpa_expmod.o)
 .text          0x0000aee8        0x0 /home/rahulmahdev/devel/optee/optee_os/out/arm-plat-vexpress/export-user_ta/lib/libmpa.a(mpa_init.o)
 .text          0x0000aee8        0x0 /home/rahulmahdev/devel/optee/optee_os/out/arm-plat-vexpress/export-user_ta/lib/libmpa.a(mpa_io.o)
 .text          0x0000aee8        0x0 /home/rahulmahdev/devel/optee/optee_os/out/arm-plat-vexpress/export-user_ta/lib/libmpa.a(mpa_modulus.o)
 *(SORT(.stub))
 *(SORT(.glue_7))
 .glue_7        0x00000000        0x0 linker stubs
 *(SORT(.glue_7t))
 .glue_7t       0x00000000        0x0 linker stubs
 *(SORT(.gnu.linkonce.t.*))
 *(SORT(.vfp11_veneer))
 .vfp11_veneer  0x00000000        0x0 linker stubs

.v4_bx          0x0000aee8        0x0
 .v4_bx         0x00000000        0x0 linker stubs

.iplt           0x0000aee8        0x0
 .iplt          0x00000000        0x0 /home/rahulmahdev/devel/optee/build/../quiz_test/out/ta/ta_quiz/quiz_ta.o

.eh_frame
 *(SORT(.eh_frame))

.rodata         0x0000aee8     0x1657
 *(SORT(.gnu.linkonce.r.*))
 *(SORT(.rodata) SORT(.rodata.*))
 .rodata.quiz_ta.c
                0x0000aee8       0x84 /home/rahulmahdev/devel/optee/build/../quiz_test/out/ta/ta_quiz/quiz_ta.o
 .rodata.__func__.4836
                0x0000af6c       0x1c /home/rahulmahdev/devel/optee/build/../quiz_test/out/ta/ta_quiz/quiz_ta.o
 .rodata.__func__.4840
                0x0000af88       0x1c /home/rahulmahdev/devel/optee/build/../quiz_test/out/ta/ta_quiz/quiz_ta.o
 .rodata.__func__.4846
                0x0000afa4        0xc /home/rahulmahdev/devel/optee/build/../quiz_test/out/ta/ta_quiz/quiz_ta.o
 .rodata.trace_ext_prefix
                0x0000afb0        0x8 /home/rahulmahdev/devel/optee/build/../quiz_test/out/ta/ta_quiz/user_ta_header.o
                0x0000afb0                trace_ext_prefix
 .rodata.ta_heap_size
                0x0000afb8        0x4 /home/rahulmahdev/devel/optee/build/../quiz_test/out/ta/ta_quiz/user_ta_header.o
                0x0000afb8                ta_heap_size
 .rodata.__compound_literal.3
                0x0000afbc        0x4 /home/rahulmahdev/devel/optee/build/../quiz_test/out/ta/ta_quiz/user_ta_header.o
 .rodata.__compound_literal.4
                0x0000afc0        0x4 /home/rahulmahdev/devel/optee/build/../quiz_test/out/ta/ta_quiz/user_ta_header.o
 .rodata.__compound_literal.5
                0x0000afc4        0x4 /home/rahulmahdev/devel/optee/build/../quiz_test/out/ta/ta_quiz/user_ta_header.o
 .rodata.user_ta_header.c
                0x0000afc8       0xe8 /home/rahulmahdev/devel/optee/build/../quiz_test/out/ta/ta_quiz/user_ta_header.o
 .rodata.ta_num_props
                0x0000b0b0        0x4 /home/rahulmahdev/devel/optee/build/../quiz_test/out/ta/ta_quiz/user_ta_header.o
                0x0000b0b0                ta_num_props
 .rodata.lib/libutee/tee_api_arith.c
                0x0000b0b4       0x60 /home/rahulmahdev/devel/optee/optee_os/out/arm-plat-vexpress/export-user_ta/lib/libutee.a(tee_api_arith.o)
 .rodata.DEFAULT_TEE_MALLOC_HINT
                0x0000b114        0x4 /home/rahulmahdev/devel/optee/optee_os/out/arm-plat-vexpress/export-user_ta/lib/libutee.a(tee_api.o)
 .rodata.DEFAULT_TEE_MALLOC_HINT
                0x0000b118        0x4 /home/rahulmahdev/devel/optee/optee_os/out/arm-plat-vexpress/export-user_ta/lib/libutee.a(tee_user_mem.o)
 .rodata.CANARY_LINE_SIZE
                0x0000b11c        0x4 /home/rahulmahdev/devel/optee/optee_os/out/arm-plat-vexpress/export-user_ta/lib/libutee.a(tee_user_mem.o)
 .rodata.lib/libutee/tee_user_mem.c
                0x0000b120       0xf0 /home/rahulmahdev/devel/optee/optee_os/out/arm-plat-vexpress/export-user_ta/lib/libutee.a(tee_user_mem.o)
 .rodata.__func__.4931
                0x0000b210       0x10 /home/rahulmahdev/devel/optee/optee_os/out/arm-plat-vexpress/export-user_ta/lib/libutee.a(tee_user_mem.o)
 .rodata.__func__.4936
                0x0000b220        0xc /home/rahulmahdev/devel/optee/optee_os/out/arm-plat-vexpress/export-user_ta/lib/libutee.a(tee_user_mem.o)
 .rodata.__func__.4955
                0x0000b22c       0x14 /home/rahulmahdev/devel/optee/optee_os/out/arm-plat-vexpress/export-user_ta/lib/libutee.a(tee_user_mem.o)
 .rodata.__func__.4972
                0x0000b240       0x14 /home/rahulmahdev/devel/optee/optee_os/out/arm-plat-vexpress/export-user_ta/lib/libutee.a(tee_user_mem.o)
 .rodata.__func__.4980
                0x0000b254       0x18 /home/rahulmahdev/devel/optee/optee_os/out/arm-plat-vexpress/export-user_ta/lib/libutee.a(tee_user_mem.o)
 .rodata.__func__.4985
                0x0000b26c       0x14 /home/rahulmahdev/devel/optee/optee_os/out/arm-plat-vexpress/export-user_ta/lib/libutee.a(tee_user_mem.o)
 .rodata.lib/libutee/trace_ext.c
                0x0000b280        0x8 /home/rahulmahdev/devel/optee/optee_os/out/arm-plat-vexpress/export-user_ta/lib/libutee.a(trace_ext.o)
 .rodata.prefix.4674
                0x0000b288        0xc /home/rahulmahdev/devel/optee/optee_os/out/arm-plat-vexpress/export-user_ta/lib/libutee.a(trace_ext.o)
 .rodata.failed.4675
                0x0000b294       0x14 /home/rahulmahdev/devel/optee/optee_os/out/arm-plat-vexpress/export-user_ta/lib/libutee.a(trace_ext.o)
 .rodata.trunc.4676
                0x0000b2a8        0x8 /home/rahulmahdev/devel/optee/optee_os/out/arm-plat-vexpress/export-user_ta/lib/libutee.a(trace_ext.o)
 .rodata.lib/libutee/assert.c
                0x0000b2b0       0x20 /home/rahulmahdev/devel/optee/optee_os/out/arm-plat-vexpress/export-user_ta/lib/libutee.a(assert.o)
 .rodata.__func__.5139
                0x0000b2d0        0xc /home/rahulmahdev/devel/optee/optee_os/out/arm-plat-vexpress/export-user_ta/lib/libutee.a(assert.o)
 .rodata.lib/libutils/isoc/bget_malloc.c
                0x0000b2dc      0x3f4 /home/rahulmahdev/devel/optee/optee_os/out/arm-plat-vexpress/export-user_ta/lib/libutils.a(bget_malloc.o)
 .rodata.hexdigits
                0x0000b6d0       0x14 /home/rahulmahdev/devel/optee/optee_os/out/arm-plat-vexpress/export-user_ta/lib/libutils.a(snprintf.o)
 .rodata.HEXDIGITS
                0x0000b6e4       0x14 /home/rahulmahdev/devel/optee/optee_os/out/arm-plat-vexpress/export-user_ta/lib/libutils.a(snprintf.o)
 .rodata.lib/libutils/isoc/snprintf.c
                0x0000b6f8       0x24 /home/rahulmahdev/devel/optee/optee_os/out/arm-plat-vexpress/export-user_ta/lib/libutils.a(snprintf.o)
 .rodata.lib/libutils/ext/trace.c
                0x0000b71c       0x2c /home/rahulmahdev/devel/optee/optee_os/out/arm-plat-vexpress/export-user_ta/lib/libutils.a(trace.o)
 .rodata.lvl_strs.4220
                0x0000b748       0x14 /home/rahulmahdev/devel/optee/optee_os/out/arm-plat-vexpress/export-user_ta/lib/libutils.a(trace.o)
 .rodata.const_largest_deci_base
                0x0000b75c        0xc /home/rahulmahdev/devel/optee/optee_os/out/arm-plat-vexpress/export-user_ta/lib/libmpa.a(mpa_misc.o)
                0x0000b75c                const_largest_deci_base
 .rodata.Const_1_LShift_Base
                0x0000b768       0x10 /home/rahulmahdev/devel/optee/optee_os/out/arm-plat-vexpress/export-user_ta/lib/libmpa.a(mpa_misc.o)
                0x0000b768                Const_1_LShift_Base
 .rodata.const_one
                0x0000b778        0xc /home/rahulmahdev/devel/optee/optee_os/out/arm-plat-vexpress/export-user_ta/lib/libmpa.a(mpa_misc.o)
                0x0000b778                const_one
 .rodata.MAX_TABULATED_PRIME
                0x0000b784        0x4 /home/rahulmahdev/devel/optee/optee_os/out/arm-plat-vexpress/export-user_ta/lib/libmpa.a(mpa_primetest.o)
                0x0000b784                MAX_TABULATED_PRIME
 .rodata.NR_STORED_PRIMES
                0x0000b788        0x4 /home/rahulmahdev/devel/optee/optee_os/out/arm-plat-vexpress/export-user_ta/lib/libmpa.a(mpa_primetest.o)
                0x0000b788                NR_STORED_PRIMES
 .rodata.PRIME_TABLE
                0x0000b78c      0xc38 /home/rahulmahdev/devel/optee/optee_os/out/arm-plat-vexpress/export-user_ta/lib/libmpa.a(mpa_primetest.o)
                0x0000b78c                PRIME_TABLE
 .rodata.const_small_prime_factors
                0x0000c3c4       0xb8 /home/rahulmahdev/devel/optee/optee_os/out/arm-plat-vexpress/export-user_ta/lib/libmpa.a(mpa_primetest.o)
 .rodata.const_miller_rabin_proof_limit
                0x0000c47c       0x10 /home/rahulmahdev/devel/optee/optee_os/out/arm-plat-vexpress/export-user_ta/lib/libmpa.a(mpa_primetest.o)
 .rodata.const_two
                0x0000c48c        0xc /home/rahulmahdev/devel/optee/optee_os/out/arm-plat-vexpress/export-user_ta/lib/libmpa.a(mpa_primetest.o)
 .rodata.proof_a.4600
                0x0000c498       0x1c /home/rahulmahdev/devel/optee/optee_os/out/arm-plat-vexpress/export-user_ta/lib/libmpa.a(mpa_primetest.o)
 .rodata.lib/libmpa/mpa_io.c
                0x0000c4b4       0x88 /home/rahulmahdev/devel/optee/optee_os/out/arm-plat-vexpress/export-user_ta/lib/libmpa.a(mpa_io.o)
 .rodata.__compound_literal.0
                0x0000c53c        0x1 /home/rahulmahdev/devel/optee/build/../quiz_test/out/ta/ta_quiz/user_ta_header.o
 .rodata.__compound_literal.1
                0x0000c53d        0x1 /home/rahulmahdev/devel/optee/build/../quiz_test/out/ta/ta_quiz/user_ta_header.o
 .rodata.__compound_literal.2
                0x0000c53e        0x1 /home/rahulmahdev/devel/optee/build/../quiz_test/out/ta/ta_quiz/user_ta_header.o

.gnu.version_d  0x0000c540        0x0
 .gnu.version_d
                0x00000000        0x0 /home/rahulmahdev/devel/optee/build/../quiz_test/out/ta/ta_quiz/quiz_ta.o

.gnu.version    0x0000c540        0x0
 .gnu.version   0x00000000        0x0 /home/rahulmahdev/devel/optee/build/../quiz_test/out/ta/ta_quiz/quiz_ta.o

.gnu.version_r  0x0000c540        0x0
 .gnu.version_r
                0x00000000        0x0 /home/rahulmahdev/devel/optee/build/../quiz_test/out/ta/ta_quiz/quiz_ta.o

.ARM.exidx
 *(SORT(.ARM.exidx*) SORT(.gnu.linkonce.armexidx.*))

.ctors
 *(SORT(.ctors))

.dtors
 *(SORT(.dtors))

.plt            0x0000c540        0x0
 *(SORT(.plt))
 .plt           0x00000000        0x0 /home/rahulmahdev/devel/optee/build/../quiz_test/out/ta/ta_quiz/quiz_ta.o

.got            0x0000c540      0x1c4
 *(SORT(.got.plt))
 .got.plt       0x0000c540        0xc /home/rahulmahdev/devel/optee/build/../quiz_test/out/ta/ta_quiz/quiz_ta.o
                0x0000c540                _GLOBAL_OFFSET_TABLE_
 *(SORT(.got))
 .got           0x0000c54c      0x1b8 /home/rahulmahdev/devel/optee/build/../quiz_test/out/ta/ta_quiz/quiz_ta.o

.rel.text
 *(SORT(.rel.text))
 *(SORT(.rel.gnu.linkonce.t*))

.rela.text
 *(SORT(.rela.text))
 *(SORT(.rela.gnu.linkonce.t*))

.rel.data
 *(SORT(.rel.data))
 *(SORT(.rel.gnu.linkonce.d*))

.rela.data
 *(SORT(.rela.data))
 *(SORT(.rela.gnu.linkonce.d*))

.rel.rodata
 *(SORT(.rel.rodata))
 *(SORT(.rel.gnu.linkonce.r*))

.rela.rodata
 *(SORT(.rela.rodata))
 *(SORT(.rela.gnu.linkonce.r*))

.rel.dyn        0x0000c704       0xd0
 *(SORT(.rel.dyn))
 .rel.iplt      0x00000000        0x0 /home/rahulmahdev/devel/optee/build/../quiz_test/out/ta/ta_quiz/quiz_ta.o
 .rel.text.set_params
                0x00000000        0x0 /home/rahulmahdev/devel/optee/build/../quiz_test/out/ta/ta_quiz/quiz_ta.o
 .rel.text.start_quiz
                0x00000000        0x0 /home/rahulmahdev/devel/optee/build/../quiz_test/out/ta/ta_quiz/quiz_ta.o
 .rel.ta_head   0x0000c704       0x18 /home/rahulmahdev/devel/optee/build/../quiz_test/out/ta/ta_quiz/quiz_ta.o
 .rel.data.rel.ro.local.ta_props
                0x0000c71c       0x90 /home/rahulmahdev/devel/optee/build/../quiz_test/out/ta/ta_quiz/quiz_ta.o
 .rel.data.rel.local.ta_sessions
                0x0000c7ac        0x8 /home/rahulmahdev/devel/optee/build/../quiz_test/out/ta/ta_quiz/quiz_ta.o
 .rel.text.ta_header_save_params
                0x00000000        0x0 /home/rahulmahdev/devel/optee/build/../quiz_test/out/ta/ta_quiz/quiz_ta.o
 .rel.data.rel.local.mempool
                0x0000c7b4        0x8 /home/rahulmahdev/devel/optee/build/../quiz_test/out/ta/ta_quiz/quiz_ta.o
 .rel.text.TEE_BigIntDiv
                0x00000000        0x0 /home/rahulmahdev/devel/optee/build/../quiz_test/out/ta/ta_quiz/quiz_ta.o
 .rel.text.TEE_BigIntMod
                0x00000000        0x0 /home/rahulmahdev/devel/optee/build/../quiz_test/out/ta/ta_quiz/quiz_ta.o
 .rel.text.TEE_BigIntAddMod
                0x00000000        0x0 /home/rahulmahdev/devel/optee/build/../quiz_test/out/ta/ta_quiz/quiz_ta.o
 .rel.text.TEE_BigIntSubMod
                0x00000000        0x0 /home/rahulmahdev/devel/optee/build/../quiz_test/out/ta/ta_quiz/quiz_ta.o
 .rel.text.TEE_BigIntMulMod
                0x00000000        0x0 /home/rahulmahdev/devel/optee/build/../quiz_test/out/ta/ta_quiz/quiz_ta.o
 .rel.text.TEE_BigIntSquareMod
                0x00000000        0x0 /home/rahulmahdev/devel/optee/build/../quiz_test/out/ta/ta_quiz/quiz_ta.o
 .rel.text.TEE_BigIntInvMod
                0x00000000        0x0 /home/rahulmahdev/devel/optee/build/../quiz_test/out/ta/ta_quiz/quiz_ta.o
 .rel.text.TEE_CloseTASession
                0x00000000        0x0 /home/rahulmahdev/devel/optee/build/../quiz_test/out/ta/ta_quiz/quiz_ta.o
 .rel.text.TEE_InvokeTACommand
                0x00000000        0x0 /home/rahulmahdev/devel/optee/build/../quiz_test/out/ta/ta_quiz/quiz_ta.o
 .rel.text.TEE_UnmaskCancellation
                0x00000000        0x0 /home/rahulmahdev/devel/optee/build/../quiz_test/out/ta/ta_quiz/quiz_ta.o
 .rel.text.TEE_MaskCancellation
                0x00000000        0x0 /home/rahulmahdev/devel/optee/build/../quiz_test/out/ta/ta_quiz/quiz_ta.o
 .rel.text.TEE_GetSystemTime
                0x00000000        0x0 /home/rahulmahdev/devel/optee/build/../quiz_test/out/ta/ta_quiz/quiz_ta.o
 .rel.text.TEE_Wait
                0x00000000        0x0 /home/rahulmahdev/devel/optee/build/../quiz_test/out/ta/ta_quiz/quiz_ta.o
 .rel.text.TEE_GetTAPersistentTime
                0x00000000        0x0 /home/rahulmahdev/devel/optee/build/../quiz_test/out/ta/ta_quiz/quiz_ta.o
 .rel.text.TEE_SetTAPersistentTime
                0x00000000        0x0 /home/rahulmahdev/devel/optee/build/../quiz_test/out/ta/ta_quiz/quiz_ta.o
 .rel.text.TEE_GetREETime
                0x00000000        0x0 /home/rahulmahdev/devel/optee/build/../quiz_test/out/ta/ta_quiz/quiz_ta.o
 .rel.data.rel.local.user_mem_head
                0x0000c7bc        0x8 /home/rahulmahdev/devel/optee/build/../quiz_test/out/ta/ta_quiz/quiz_ta.o
 .rel.text.is_buffer_valid
                0x00000000        0x0 /home/rahulmahdev/devel/optee/build/../quiz_test/out/ta/ta_quiz/quiz_ta.o
 .rel.text.is_mem_coherent
                0x00000000        0x0 /home/rahulmahdev/devel/optee/build/../quiz_test/out/ta/ta_quiz/quiz_ta.o
 .rel.text.tee_user_mem_alloc
                0x00000000        0x0 /home/rahulmahdev/devel/optee/build/../quiz_test/out/ta/ta_quiz/quiz_ta.o
 .rel.text.tee_user_mem_realloc
                0x00000000        0x0 /home/rahulmahdev/devel/optee/build/../quiz_test/out/ta/ta_quiz/quiz_ta.o
 .rel.text.tee_user_mem_free
                0x00000000        0x0 /home/rahulmahdev/devel/optee/build/../quiz_test/out/ta/ta_quiz/quiz_ta.o
 .rel.text.tee_user_mem_status
                0x00000000        0x0 /home/rahulmahdev/devel/optee/build/../quiz_test/out/ta/ta_quiz/quiz_ta.o
 .rel.text.tee_user_mem_garbage
                0x00000000        0x0 /home/rahulmahdev/devel/optee/build/../quiz_test/out/ta/ta_quiz/quiz_ta.o
 .rel.text.printf
                0x00000000        0x0 /home/rahulmahdev/devel/optee/build/../quiz_test/out/ta/ta_quiz/quiz_ta.o
 .rel.text.puts
                0x00000000        0x0 /home/rahulmahdev/devel/optee/build/../quiz_test/out/ta/ta_quiz/quiz_ta.o
 .rel.data.rel.local.freelist
                0x0000c7c4       0x10 /home/rahulmahdev/devel/optee/build/../quiz_test/out/ta/ta_quiz/quiz_ta.o
 .rel.text.bgetz
                0x00000000        0x0 /home/rahulmahdev/devel/optee/build/../quiz_test/out/ta/ta_quiz/quiz_ta.o
 .rel.text.bgetr
                0x00000000        0x0 /home/rahulmahdev/devel/optee/build/../quiz_test/out/ta/ta_quiz/quiz_ta.o
 .rel.text.raw_malloc
                0x00000000        0x0 /home/rahulmahdev/devel/optee/build/../quiz_test/out/ta/ta_quiz/quiz_ta.o
 .rel.text.raw_free
                0x00000000        0x0 /home/rahulmahdev/devel/optee/build/../quiz_test/out/ta/ta_quiz/quiz_ta.o
 .rel.text.raw_calloc
                0x00000000        0x0 /home/rahulmahdev/devel/optee/build/../quiz_test/out/ta/ta_quiz/quiz_ta.o
 .rel.text.raw_realloc
                0x00000000        0x0 /home/rahulmahdev/devel/optee/build/../quiz_test/out/ta/ta_quiz/quiz_ta.o
 .rel.text.raw_memalign
                0x00000000        0x0 /home/rahulmahdev/devel/optee/build/../quiz_test/out/ta/ta_quiz/quiz_ta.o
 .rel.text.malloc_init
                0x00000000        0x0 /home/rahulmahdev/devel/optee/build/../quiz_test/out/ta/ta_quiz/quiz_ta.o
 .rel.text.malloc_add_pool
                0x00000000        0x0 /home/rahulmahdev/devel/optee/build/../quiz_test/out/ta/ta_quiz/quiz_ta.o
 .rel.text.snprintf
                0x00000000        0x0 /home/rahulmahdev/devel/optee/build/../quiz_test/out/ta/ta_quiz/quiz_ta.o
 .rel.text.mpa_abs
                0x00000000        0x0 /home/rahulmahdev/devel/optee/build/../quiz_test/out/ta/ta_quiz/quiz_ta.o
 .rel.text.mpa_constant_one
                0x00000000        0x0 /home/rahulmahdev/devel/optee/build/../quiz_test/out/ta/ta_quiz/quiz_ta.o
 .rel.text.__mpa_montgomery_mul
                0x00000000        0x0 /home/rahulmahdev/devel/optee/build/../quiz_test/out/ta/ta_quiz/quiz_ta.o
 .rel.text.mpa_montgomery_mul
                0x00000000        0x0 /home/rahulmahdev/devel/optee/build/../quiz_test/out/ta/ta_quiz/quiz_ta.o
 .rel.text.check_table
                0x00000000        0x0 /home/rahulmahdev/devel/optee/build/../quiz_test/out/ta/ta_quiz/quiz_ta.o
 .rel.text.__mpa_div_q_r_internal
                0x00000000        0x0 /home/rahulmahdev/devel/optee/build/../quiz_test/out/ta/ta_quiz/quiz_ta.o
 .rel.text.__mpa_div_q_r_internal_word
                0x00000000        0x0 /home/rahulmahdev/devel/optee/build/../quiz_test/out/ta/ta_quiz/quiz_ta.o
 .rel.text.__mpa_div_q_r
                0x00000000        0x0 /home/rahulmahdev/devel/optee/build/../quiz_test/out/ta/ta_quiz/quiz_ta.o
 .rel.text.mpa_div
                0x00000000        0x0 /home/rahulmahdev/devel/optee/build/../quiz_test/out/ta/ta_quiz/quiz_ta.o
 .rel.text.mpa_extended_gcd
                0x00000000        0x0 /home/rahulmahdev/devel/optee/build/../quiz_test/out/ta/ta_quiz/quiz_ta.o
 .rel.text.mpa_alloc_static_temp_var
                0x00000000        0x0 /home/rahulmahdev/devel/optee/build/../quiz_test/out/ta/ta_quiz/quiz_ta.o
 .rel.text.__mpa_abs_mul_word
                0x00000000        0x0 /home/rahulmahdev/devel/optee/build/../quiz_test/out/ta/ta_quiz/quiz_ta.o
 .rel.text.__mpa_abs_mul
                0x00000000        0x0 /home/rahulmahdev/devel/optee/build/../quiz_test/out/ta/ta_quiz/quiz_ta.o
 .rel.text.mpa_mul
                0x00000000        0x0 /home/rahulmahdev/devel/optee/build/../quiz_test/out/ta/ta_quiz/quiz_ta.o
 .rel.text.mpa_mul_word
                0x00000000        0x0 /home/rahulmahdev/devel/optee/build/../quiz_test/out/ta/ta_quiz/quiz_ta.o
 .rel.text.__mpa_abs_add
                0x00000000        0x0 /home/rahulmahdev/devel/optee/build/../quiz_test/out/ta/ta_quiz/quiz_ta.o
 .rel.text.__mpa_abs_add_ackum
                0x00000000        0x0 /home/rahulmahdev/devel/optee/build/../quiz_test/out/ta/ta_quiz/quiz_ta.o
 .rel.text.__mpa_abs_sub
                0x00000000        0x0 /home/rahulmahdev/devel/optee/build/../quiz_test/out/ta/ta_quiz/quiz_ta.o
 .rel.text.mpa_add
                0x00000000        0x0 /home/rahulmahdev/devel/optee/build/../quiz_test/out/ta/ta_quiz/quiz_ta.o
 .rel.text.mpa_sub
                0x00000000        0x0 /home/rahulmahdev/devel/optee/build/../quiz_test/out/ta/ta_quiz/quiz_ta.o
 .rel.text.mpa_add_word
                0x00000000        0x0 /home/rahulmahdev/devel/optee/build/../quiz_test/out/ta/ta_quiz/quiz_ta.o
 .rel.text.mpa_sub_word
                0x00000000        0x0 /home/rahulmahdev/devel/optee/build/../quiz_test/out/ta/ta_quiz/quiz_ta.o
 .rel.text.__mpa_abs_greater_than
                0x00000000        0x0 /home/rahulmahdev/devel/optee/build/../quiz_test/out/ta/ta_quiz/quiz_ta.o
 .rel.text.__mpa_abs_less_than
                0x00000000        0x0 /home/rahulmahdev/devel/optee/build/../quiz_test/out/ta/ta_quiz/quiz_ta.o
 .rel.text.mpa_cmp
                0x00000000        0x0 /home/rahulmahdev/devel/optee/build/../quiz_test/out/ta/ta_quiz/quiz_ta.o

.rel.got        0x0000c7d4      0x370
 *(SORT(.rel.got))
 .rel.got       0x0000c7d4      0x370 /home/rahulmahdev/devel/optee/build/../quiz_test/out/ta/ta_quiz/quiz_ta.o

.rela.got
 *(SORT(.rela.got))

.rel.ctors
 *(SORT(.rel.ctors))

.rela.ctors
 *(SORT(.rela.ctors))

.rel.dtors
 *(SORT(.rel.dtors))

.rela.dtors
 *(SORT(.rela.dtors))

.rel.init
 *(SORT(.rel.init))

.rela.init
 *(SORT(.rela.init))

.rel.fini
 *(SORT(.rel.fini))

.rela.fini
 *(SORT(.rela.fini))

.rel.bss
 *(SORT(.rel.bss))

.rela.bss
 *(SORT(.rela.bss))

.rel.plt        0x0000cb44        0x0
 *(SORT(.rel.plt))
 .rel.plt       0x00000000        0x0 /home/rahulmahdev/devel/optee/build/../quiz_test/out/ta/ta_quiz/quiz_ta.o

.rela.plt
 *(SORT(.rela.plt))
                0x0000d000                . = ALIGN (0x1000)

.data           0x0000d000       0x98
 *(SORT(.data) SORT(.data.*) SORT(.gnu.linkonce.d.*))
 .data.trace_level
                0x0000d000        0x4 /home/rahulmahdev/devel/optee/build/../quiz_test/out/ta/ta_quiz/user_ta_header.o
                0x0000d000                trace_level
 .data.rel.ro.local.ta_props
                0x0000d004       0x6c /home/rahulmahdev/devel/optee/build/../quiz_test/out/ta/ta_quiz/user_ta_header.o
                0x0000d004                ta_props
 .data.rel.local.ta_sessions
                0x0000d070        0x8 /home/rahulmahdev/devel/optee/optee_os/out/arm-plat-vexpress/export-user_ta/lib/libutee.a(user_ta_entry.o)
 .data.rel.local.mempool
                0x0000d078        0x4 /home/rahulmahdev/devel/optee/optee_os/out/arm-plat-vexpress/export-user_ta/lib/libutee.a(tee_api_arith.o)
 .data.ARTIST   0x0000d07c        0x4 /home/rahulmahdev/devel/optee/optee_os/out/arm-plat-vexpress/export-user_ta/lib/libutee.a(tee_user_mem.o)
 .data.rel.local.user_mem_head
                0x0000d080        0x8 /home/rahulmahdev/devel/optee/optee_os/out/arm-plat-vexpress/export-user_ta/lib/libutee.a(tee_user_mem.o)
                0x0000d080                user_mem_head
 .data.rel.local.freelist
                0x0000d088       0x10 /home/rahulmahdev/devel/optee/optee_os/out/arm-plat-vexpress/export-user_ta/lib/libutils.a(bget_malloc.o)
 .data          0x0000d098        0x0 /home/rahulmahdev/devel/optee/build/../quiz_test/out/ta/ta_quiz/quiz_ta.o
 .data          0x0000d098        0x0 /home/rahulmahdev/devel/optee/build/../quiz_test/out/ta/ta_quiz/user_ta_header.o
 .data          0x0000d098        0x0 /home/rahulmahdev/devel/optee/optee_os/out/arm-plat-vexpress/export-user_ta/lib/libutee.a(user_ta_entry.o)
 .data          0x0000d098        0x0 /home/rahulmahdev/devel/optee/optee_os/out/arm-plat-vexpress/export-user_ta/lib/libutee.a(utee_syscalls_asm.o)
 .data          0x0000d098        0x0 /home/rahulmahdev/devel/optee/optee_os/out/arm-plat-vexpress/export-user_ta/lib/libutee.a(tee_api_arith.o)
 .data          0x0000d098        0x0 /home/rahulmahdev/devel/optee/optee_os/out/arm-plat-vexpress/export-user_ta/lib/libutee.a(tee_api.o)
 .data          0x0000d098        0x0 /home/rahulmahdev/devel/optee/optee_os/out/arm-plat-vexpress/export-user_ta/lib/libutee.a(utee_misc.o)
 .data          0x0000d098        0x0 /home/rahulmahdev/devel/optee/optee_os/out/arm-plat-vexpress/export-user_ta/lib/libutee.a(tee_user_mem.o)
 .data          0x0000d098        0x0 /home/rahulmahdev/devel/optee/optee_os/out/arm-plat-vexpress/export-user_ta/lib/libutee.a(trace_ext.o)
 .data          0x0000d098        0x0 /home/rahulmahdev/devel/optee/optee_os/out/arm-plat-vexpress/export-user_ta/lib/libutee.a(assert.o)
 .data          0x0000d098        0x0 /home/rahulmahdev/devel/optee/optee_os/out/arm-plat-vexpress/export-user_ta/lib/libutils.a(bget_malloc.o)
 .data          0x0000d098        0x0 /home/rahulmahdev/devel/optee/optee_os/out/arm-plat-vexpress/export-user_ta/lib/libutils.a(snprintf.o)
 .data          0x0000d098        0x0 /home/rahulmahdev/devel/optee/optee_os/out/arm-plat-vexpress/export-user_ta/lib/libutils.a(memchr.o)
 .data          0x0000d098        0x0 /home/rahulmahdev/devel/optee/optee_os/out/arm-plat-vexpress/export-user_ta/lib/libutils.a(memcmp.o)
 .data          0x0000d098        0x0 /home/rahulmahdev/devel/optee/optee_os/out/arm-plat-vexpress/export-user_ta/lib/libutils.a(memcpy.o)
 .data          0x0000d098        0x0 /home/rahulmahdev/devel/optee/optee_os/out/arm-plat-vexpress/export-user_ta/lib/libutils.a(memmove.o)
 .data          0x0000d098        0x0 /home/rahulmahdev/devel/optee/optee_os/out/arm-plat-vexpress/export-user_ta/lib/libutils.a(memset.o)
 .data          0x0000d098        0x0 /home/rahulmahdev/devel/optee/optee_os/out/arm-plat-vexpress/export-user_ta/lib/libutils.a(strlen.o)
 .data          0x0000d098        0x0 /home/rahulmahdev/devel/optee/optee_os/out/arm-plat-vexpress/export-user_ta/lib/libutils.a(arm32_aeabi_ldivmod_a32.o)
 .data          0x0000d098        0x0 /home/rahulmahdev/devel/optee/optee_os/out/arm-plat-vexpress/export-user_ta/lib/libutils.a(arm32_aeabi_ldivmod.o)
 .data          0x0000d098        0x0 /home/rahulmahdev/devel/optee/optee_os/out/arm-plat-vexpress/export-user_ta/lib/libutils.a(strlcpy.o)
 .data          0x0000d098        0x0 /home/rahulmahdev/devel/optee/optee_os/out/arm-plat-vexpress/export-user_ta/lib/libutils.a(trace.o)
 .data          0x0000d098        0x0 /home/rahulmahdev/devel/optee/optee_os/out/arm-plat-vexpress/export-user_ta/lib/libmpa.a(mpa_misc.o)
 .data          0x0000d098        0x0 /home/rahulmahdev/devel/optee/optee_os/out/arm-plat-vexpress/export-user_ta/lib/libmpa.a(mpa_montgomery.o)
 .data          0x0000d098        0x0 /home/rahulmahdev/devel/optee/optee_os/out/arm-plat-vexpress/export-user_ta/lib/libmpa.a(mpa_primetest.o)
 .data          0x0000d098        0x0 /home/rahulmahdev/devel/optee/optee_os/out/arm-plat-vexpress/export-user_ta/lib/libmpa.a(mpa_conv.o)
 .data          0x0000d098        0x0 /home/rahulmahdev/devel/optee/optee_os/out/arm-plat-vexpress/export-user_ta/lib/libmpa.a(mpa_div.o)
 .data          0x0000d098        0x0 /home/rahulmahdev/devel/optee/optee_os/out/arm-plat-vexpress/export-user_ta/lib/libmpa.a(mpa_gcd.o)
 .data          0x0000d098        0x0 /home/rahulmahdev/devel/optee/optee_os/out/arm-plat-vexpress/export-user_ta/lib/libmpa.a(mpa_mem_static.o)
 .data          0x0000d098        0x0 /home/rahulmahdev/devel/optee/optee_os/out/arm-plat-vexpress/export-user_ta/lib/libmpa.a(mpa_mul.o)
 .data          0x0000d098        0x0 /home/rahulmahdev/devel/optee/optee_os/out/arm-plat-vexpress/export-user_ta/lib/libmpa.a(mpa_random.o)
 .data          0x0000d098        0x0 /home/rahulmahdev/devel/optee/optee_os/out/arm-plat-vexpress/export-user_ta/lib/libmpa.a(mpa_shift.o)
 .data          0x0000d098        0x0 /home/rahulmahdev/devel/optee/optee_os/out/arm-plat-vexpress/export-user_ta/lib/libmpa.a(mpa_addsub.o)
 .data          0x0000d098        0x0 /home/rahulmahdev/devel/optee/optee_os/out/arm-plat-vexpress/export-user_ta/lib/libmpa.a(mpa_cmp.o)
 .data          0x0000d098        0x0 /home/rahulmahdev/devel/optee/optee_os/out/arm-plat-vexpress/export-user_ta/lib/libmpa.a(mpa_expmod.o)
 .data          0x0000d098        0x0 /home/rahulmahdev/devel/optee/optee_os/out/arm-plat-vexpress/export-user_ta/lib/libmpa.a(mpa_init.o)
 .data          0x0000d098        0x0 /home/rahulmahdev/devel/optee/optee_os/out/arm-plat-vexpress/export-user_ta/lib/libmpa.a(mpa_io.o)
 .data          0x0000d098        0x0 /home/rahulmahdev/devel/optee/optee_os/out/arm-plat-vexpress/export-user_ta/lib/libmpa.a(mpa_modulus.o)

.igot.plt       0x0000d098        0x0
 .igot.plt      0x00000000        0x0 /home/rahulmahdev/devel/optee/build/../quiz_test/out/ta/ta_quiz/quiz_ta.o

.bss            0x0000d098     0xab2d
 *(SORT(.bss) SORT(.bss.*) SORT(.gnu.linkonce.b.*) SORT(COMMON))
 .bss.score     0x0000d098        0x4 /home/rahulmahdev/devel/optee/build/../quiz_test/out/ta/ta_quiz/quiz_ta.o
                0x0000d098                score
 .bss.q_no      0x0000d09c        0x4 /home/rahulmahdev/devel/optee/build/../quiz_test/out/ta/ta_quiz/quiz_ta.o
                0x0000d09c                q_no
 .bss.max_qs    0x0000d0a0        0x4 /home/rahulmahdev/devel/optee/build/../quiz_test/out/ta/ta_quiz/quiz_ta.o
                0x0000d0a0                max_qs
 .bss.questions
                0x0000d0a4        0x8 /home/rahulmahdev/devel/optee/build/../quiz_test/out/ta/ta_quiz/quiz_ta.o
                0x0000d0a4                questions
 .bss.ta_heap   0x0000d0ac     0x8000 /home/rahulmahdev/devel/optee/build/../quiz_test/out/ta/ta_quiz/user_ta_header.o
                0x0000d0ac                ta_heap
 .bss.ta_ref_count
                0x000150ac        0x4 /home/rahulmahdev/devel/optee/optee_os/out/arm-plat-vexpress/export-user_ta/lib/libutee.a(user_ta_entry.o)
 .bss.ta_param_types
                0x000150b0        0x4 /home/rahulmahdev/devel/optee/optee_os/out/arm-plat-vexpress/export-user_ta/lib/libutee.a(user_ta_entry.o)
                0x000150b0                ta_param_types
 .bss.ta_params
                0x000150b4       0x20 /home/rahulmahdev/devel/optee/optee_os/out/arm-plat-vexpress/export-user_ta/lib/libutee.a(user_ta_entry.o)
                0x000150b4                ta_params
 .bss.mempool_u32
                0x000150d4     0x1ad0 /home/rahulmahdev/devel/optee/optee_os/out/arm-plat-vexpress/export-user_ta/lib/libutee.a(tee_api_arith.o)
 .bss.tee_api_instance_data
                0x00016ba4        0x4 /home/rahulmahdev/devel/optee/optee_os/out/arm-plat-vexpress/export-user_ta/lib/libutee.a(tee_api.o)
 .bss.heap_level
                0x00016ba8        0x4 /home/rahulmahdev/devel/optee/optee_os/out/arm-plat-vexpress/export-user_ta/lib/libutee.a(tee_user_mem.o)
 .bss.global_stats
                0x00016bac        0x8 /home/rahulmahdev/devel/optee/optee_os/out/arm-plat-vexpress/export-user_ta/lib/libutee.a(tee_user_mem.o)
 .bss.malloc_pool
                0x00016bb4        0x4 /home/rahulmahdev/devel/optee/optee_os/out/arm-plat-vexpress/export-user_ta/lib/libutils.a(bget_malloc.o)
 .bss.malloc_pool_len
                0x00016bb8        0x4 /home/rahulmahdev/devel/optee/optee_os/out/arm-plat-vexpress/export-user_ta/lib/libutils.a(bget_malloc.o)
 .bss.get_rng_array
                0x00016bbc        0x4 /home/rahulmahdev/devel/optee/optee_os/out/arm-plat-vexpress/export-user_ta/lib/libmpa.a(mpa_random.o)
 .bss.buf.4637  0x00016bc0     0x1004 /home/rahulmahdev/devel/optee/optee_os/out/arm-plat-vexpress/export-user_ta/lib/libmpa.a(mpa_io.o)
 .bss           0x00017bc4        0x0 /home/rahulmahdev/devel/optee/build/../quiz_test/out/ta/ta_quiz/quiz_ta.o
 .bss           0x00017bc4        0x0 /home/rahulmahdev/devel/optee/build/../quiz_test/out/ta/ta_quiz/user_ta_header.o
 .bss           0x00017bc4        0x0 /home/rahulmahdev/devel/optee/optee_os/out/arm-plat-vexpress/export-user_ta/lib/libutee.a(user_ta_entry.o)
 .bss.context_init
                0x00017bc4        0x1 /home/rahulmahdev/devel/optee/optee_os/out/arm-plat-vexpress/export-user_ta/lib/libutee.a(user_ta_entry.o)
 .bss           0x00017bc5        0x0 /home/rahulmahdev/devel/optee/optee_os/out/arm-plat-vexpress/export-user_ta/lib/libutee.a(utee_syscalls_asm.o)
 .bss           0x00017bc5        0x0 /home/rahulmahdev/devel/optee/optee_os/out/arm-plat-vexpress/export-user_ta/lib/libutee.a(tee_api_arith.o)
 .bss           0x00017bc5        0x0 /home/rahulmahdev/devel/optee/optee_os/out/arm-plat-vexpress/export-user_ta/lib/libutee.a(tee_api.o)
 .bss           0x00017bc5        0x0 /home/rahulmahdev/devel/optee/optee_os/out/arm-plat-vexpress/export-user_ta/lib/libutee.a(utee_misc.o)
 .bss           0x00017bc5        0x0 /home/rahulmahdev/devel/optee/optee_os/out/arm-plat-vexpress/export-user_ta/lib/libutee.a(tee_user_mem.o)
 .bss           0x00017bc5        0x0 /home/rahulmahdev/devel/optee/optee_os/out/arm-plat-vexpress/export-user_ta/lib/libutee.a(trace_ext.o)
 .bss           0x00017bc5        0x0 /home/rahulmahdev/devel/optee/optee_os/out/arm-plat-vexpress/export-user_ta/lib/libutee.a(assert.o)
 .bss           0x00017bc5        0x0 /home/rahulmahdev/devel/optee/optee_os/out/arm-plat-vexpress/export-user_ta/lib/libutils.a(bget_malloc.o)
 .bss           0x00017bc5        0x0 /home/rahulmahdev/devel/optee/optee_os/out/arm-plat-vexpress/export-user_ta/lib/libutils.a(snprintf.o)
 .bss           0x00017bc5        0x0 /home/rahulmahdev/devel/optee/optee_os/out/arm-plat-vexpress/export-user_ta/lib/libutils.a(memchr.o)
 .bss           0x00017bc5        0x0 /home/rahulmahdev/devel/optee/optee_os/out/arm-plat-vexpress/export-user_ta/lib/libutils.a(memcmp.o)
 .bss           0x00017bc5        0x0 /home/rahulmahdev/devel/optee/optee_os/out/arm-plat-vexpress/export-user_ta/lib/libutils.a(memcpy.o)
 .bss           0x00017bc5        0x0 /home/rahulmahdev/devel/optee/optee_os/out/arm-plat-vexpress/export-user_ta/lib/libutils.a(memmove.o)
 .bss           0x00017bc5        0x0 /home/rahulmahdev/devel/optee/optee_os/out/arm-plat-vexpress/export-user_ta/lib/libutils.a(memset.o)
 .bss           0x00017bc5        0x0 /home/rahulmahdev/devel/optee/optee_os/out/arm-plat-vexpress/export-user_ta/lib/libutils.a(strlen.o)
 .bss           0x00017bc5        0x0 /home/rahulmahdev/devel/optee/optee_os/out/arm-plat-vexpress/export-user_ta/lib/libutils.a(arm32_aeabi_ldivmod_a32.o)